******************************************************************************
            TI ARM Clang Linker PC v4.0.4                      
******************************************************************************
>> Linked Thu Apr 16 17:56:50 2026

OUTPUT FILE NAME:   <BevoKart_code.out>
ENTRY POINT SYMBOL: "_c_int00_noargs"  address: 000176d5


MEMORY CONFIGURATION

         name            origin    length      used     unused   attr    fill
----------------------  --------  ---------  --------  --------  ----  --------
  FLASH                 00000000   00020000  00017940  000086c0  R  X
  SRAM                  20200000   00008000  00000868  00007798  RW X
  BCR_CONFIG            41c00000   00000080  00000000  00000080  R   
  BSL_CONFIG            41c00100   00000080  00000000  00000080  R   


SEGMENT ALLOCATION MAP

run origin  load origin   length   init length attrs members
----------  ----------- ---------- ----------- ----- -------
00000000    00000000    00017940   00017940    r-x
  00000000    00000000    000000c0   000000c0    r-- .intvecs
  000000c0    000000c0    00015660   00015660    r-- .rodata
  00015720    00015720    00002190   00002190    r-x .text
  000178b0    000178b0    00000090   00000090    r-- .cinit
20200000    20200000    00000669   00000000    rw-
  20200000    20200000    0000027f   00000000    rw- .bss
  20200280    20200280    00000200   00000000    rw- .sysmem
  20200480    20200480    000001e9   00000000    rw- .data
20207e00    20207e00    00000200   00000000    rw-
  20207e00    20207e00    00000200   00000000    rw- .stack


SECTION ALLOCATION MAP

 output                                  attributes/
section   page    origin      length       input sections
--------  ----  ----------  ----------   ----------------
.intvecs   0    00000000    000000c0     
                  00000000    000000c0     startup_mspm0g3507_ticlang.o (.intvecs)

.text      0    00015720    00002190     
                  00015720    00000210     ST7735.o (.text.ST7735_DrawBitmap)
                  00015930    000001b4     Clock.o (.text.Clock_Init80MHz)
                  00015ae4    000001a8     ST7735.o (.text.ST7735_DrawChar)
                  00015c8c    00000154     libc.a : fopen.c.obj (.text._openfile)
                  00015de0    00000118     ST7735.o (.text.ST7735_FillRect)
                  00015ef8    00000114     libc.a : memory.c.obj (.text.aligned_alloc)
                  0001600c    000000f8     SPI.o (.text.SPI_Init)
                  00016104    000000ec     libsysbm.a : add_device.c.obj (.text.add_device)
                  000161f0    000000e8     libc.a : memory.c.obj (.text.free)
                  000162d8    000000e0            : setvbuf.c.obj (.text.setvbuf)
                  000163b8    000000d0     ST7735.o (.text.ST7735_OutChar)
                  00016488    000000c0     game_main.o (.text.TIMG12_IRQHandler)
                  00016548    000000c0     game_main.o (.text.main)
                  00016608    000000ac     game_main.o (.text.graphics_init)
                  000166b4    000000a2     ST7735.o (.text.commandList)
                  00016756    00000002     Sound.o (.text.SysTick_Handler)
                  00016758    000000a0     libsysbm.a : open.c.obj (.text.open)
                  000167f8    0000009c     ST7735.o (.text.ST7735_InitPrintf)
                  00016894    00000098     ST7735.o (.text.ST7735_InitR)
                  0001692c    00000094     Timer.o (.text.TimerG12_IntArm)
                  000169c0    00000088     ST7735.o (.text.setAddrWindow)
                  00016a48    00000008     libclang_rt.builtins.a : aeabi_memcpy.S.obj (.text.__aeabi_memcpy)
                  00016a50    00000088     libc.a : strcmp-armv6m.S.obj (.text:strcmp)
                  00016ad8    00000084     ST7735.o (.text.ST7735_DrawString)
                  00016b5c    0000007c     LaunchPad.o (.text.LaunchPad_Init)
                  00016bd8    0000007c     libc.a : fclose.c.obj (.text.__TI_closefile)
                  00016c54    0000007c            : copy_decompress_lzss.c.obj (.text:decompress:lzss)
                  00016cd0    0000006c     EdgeTriggered.o (.text.EdgeTriggered_Init)
                  00016d3c    0000006c     libsysbm.a : hostlseek.c.obj (.text.HOSTlseek)
                  00016da8    0000006c                : hostrename.c.obj (.text.HOSTrename)
                  00016e14    0000006c     libc.a : getdevice.c.obj (.text.getdevice)
                  00016e80    00000064     game_main.o (.text.UpdatePlayers)
                  00016ee4    00000064     libc.a : memory.c.obj (.text.split)
                  00016f48    00000060     libsysbm.a : hostopen.c.obj (.text.HOSTopen)
                  00016fa8    00000058                : hostread.c.obj (.text.HOSTread)
                  00017000    00000058                : hostwrite.c.obj (.text.HOSTwrite)
                  00017058    00000052     libc.a : fflush.c.obj (.text.__TI_doflush)
                  000170aa    00000002     libclang_rt.builtins.a : aeabi_div0.c.obj (.text.__aeabi_idiv0)
                  000170ac    00000050     libsysbm.a : close.c.obj (.text.close)
                  000170fc    00000048     game_main.o (.text.GROUP1_IRQHandler)
                  00017144    00000048     libsysbm.a : hostclose.c.obj (.text.HOSTclose)
                  0001718c    00000048                : hostunlink.c.obj (.text.HOSTunlink)
                  000171d4    00000048     SPI.o (.text.SPI_OutCommand)
                  0001721c    00000040     SPI.o (.text.SPI_Reset)
                  0001725c    00000040     TExaS.o (.text.TIMG7_IRQHandler)
                  0001729c    00000040     libclang_rt.builtins.a : aeabi_uidivmod.S.obj (.text.__aeabi_uidivmod)
                  000172dc    00000040     libc.a : fopen.c.obj (.text._search_fp)
                  0001731c    0000003c            : autoinit.c.obj (.text:__TI_auto_init_nobinit_nopinit)
                  00017358    00000038     LaunchPad.o (.text.ActivatePortA_B)
                  00017390    00000038     SPI.o (.text.SPI_OutData)
                  000173c8    00000034     Clock.o (.text.Clock_Delay1ms)
                  000173fc    00000034     ST7735.o (.text.ST7735_SetCursor)
                  00017430    00000034     ST7735.o (.text.ST7735_write)
                  00017464    00000034     libc.a : fopen.c.obj (.text.__TI_cleanup)
                  00017498    00000034     libsysbm.a : trgmsg.c.obj (.text.__TI_readmsg)
                  000174cc    00000034                : trgmsg.c.obj (.text.__TI_writemsg)
                  00017500    00000034     libc.a : exit.c.obj (.text.exit)
                  00017534    00000034            : getdevice.c.obj (.text.finddevice)
                  00017568    00000034            : fopen.c.obj (.text.freopen)
                  0001759c    00000030     ST7735.o (.text.commonInit)
                  000175cc    00000030     game_main.o (.text.draw)
                  000175fc    00000030     libc.a : fopen.c.obj (.text.fopen)
                  0001762c    0000002c     ST7735.o (.text.ST7735_FillScreen)
                  00017658    0000002c     libsysbm.a : unlink.c.obj (.text.unlink)
                  00017684    00000028     libc.a : memory.c.obj (.text.free_list_insert)
                  000176ac    00000028     libsysbm.a : write.c.obj (.text.write)
                  000176d4    00000028     libc.a : boot_cortex_m.c.obj (.text:_c_int00_noargs)
                  000176fc    0000001e     ST7735.o (.text.pushColor)
                  0001771a    00000002     libc.a : _lock.c.obj (.text._nop)
                  0001771c    0000001c     startup_mspm0g3507_ticlang.o (.text.Default_Handler)
                  00017738    0000001c     startup_mspm0g3507_ticlang.o (.text.HardFault_Handler)
                  00017754    0000001c     libc.a : memory.c.obj (.text.free_list_remove)
                  00017770    00000016     ST7735.o (.text.ST7735_open)
                  00017786    00000016     ST7735.o (.text.ST7735_read)
                  0001779c    00000016     libc.a : copy_zero_init.c.obj (.text:decompress:ZI:__TI_zero_init_nomemset)
                  000177b2    00000012            : memcpy16.S.obj (.text:TI_memcpy_small)
                  000177c4    00000012            : copy_decompress_none.c.obj (.text:decompress:none)
                  000177d6    00000010     Clock.o (.text.Clock_Delay)
                  000177e6    00000010     LaunchPad.o (.text.Delay)
                  000177f6    0000000e     libc.a : memory.c.obj (.text.OUTLINED_FUNCTION_0)
                  00017804    0000000e     ST7735.o (.text.ST7735_lseek)
                  00017812    0000000e     libsysbm.a : hostrename.c.obj (.text.strcpy)
                  00017820    0000000e                : hostrename.c.obj (.text.strlen)
                  0001782e    0000000e     libc.a : memset16.S.obj (.text:TI_memset_small)
                  0001783c    0000000c     Clock.o (.text.Clock_Freq)
                  00017848    0000000c     ST7735.o (.text.ST7735_rename)
                  00017854    0000000c     libclang_rt.builtins.a : aeabi_memset.S.obj (.text.__aeabi_memclr)
                  00017860    0000000c     libc.a : memory.c.obj (.text.malloc)
                  0001786c    0000000a     game_main.o (.text.PLL_Init)
                  00017876    0000000a     ST7735.o (.text.ST7735_close)
                  00017880    0000000a     ST7735.o (.text.ST7735_unlink)
                  0001788a    00000008     libsysbm.a : remove.c.obj (.text.remove)
                  00017892    00000006     libc.a : exit.c.obj (.text:abort)
                  00017898    00000004     libsysbm.a : hostexit.c.obj (.text.HOSTexit)
                  0001789c    00000004     startup_mspm0g3507_ticlang.o (.text.Reset_Handler)
                  000178a0    00000004     libc.a : pre_init.c.obj (.text._system_pre_init)
                  000178a4    0000000c     --HOLE-- [fill = 0]

.cinit     0    000178b0    00000090     
                  000178b0    0000006c     (.cinit..data.load) [load image, compression = lzss]
                  0001791c    0000000c     (__TI_handler_table)
                  00017928    00000008     (.cinit..bss.load) [load image, compression = zero_init]
                  00017930    00000010     (__TI_cinit_table)

.rodata    0    000000c0    00015660     
                  000000c0    0000a000     game_main.o (.rodata.track_1)
                  0000a0c0    0000a000     game_main.o (.rodata.track_2)
                  000140c0    000004fb     ST7735.o (.rodata.Font)
                  000145bb    00000001     --HOLE-- [fill = 0]
                  000145bc    0000032a     game_main.o (.rodata.am_car1)
                  000148e6    0000032a     game_main.o (.rodata.am_car2)
                  00014c10    0000032a     game_main.o (.rodata.ut_car1)
                  00014f3a    0000032a     game_main.o (.rodata.ut_car2)
                  00015264    00000190     game_main.o (.rodata.sq_r1)
                  000153f4    00000190     game_main.o (.rodata.sq_r2)
                  00015584    000000f0     game_main.o (.rodata.bomb)
                  00015674    0000003b     ST7735.o (.rodata.Rcmd1)
                  000156af    0000002b     ST7735.o (.rodata.Rcmd3)
                  000156da    00000016     ST7735.o (.rodata.str1.2132471336006292093.1)
                  000156f0    0000000d     ST7735.o (.rodata.Rcmd2green)
                  000156fd    0000000d     ST7735.o (.rodata.Rcmd2red)
                  0001570a    00000008     ST7735.o (.rodata.str1.14694424544768695619.1)
                  00015712    00000007     ST7735.o (.rodata.str1.1448485181700679404.1)
                  00015719    00000002     ST7735.o (.rodata.str1.4408429423603725162.1)
                  0001571b    00000005     --HOLE-- [fill = 0]

.init_array 
*          0    00000000    00000000     UNINITIALIZED

.binit     0    00000000    00000000     

.bss       0    20200000    0000027f     UNINITIALIZED
                  20200000    00000120     libsysbm.a : trgmsg.c.obj (.bss:_CIOBUF_)
                  20200120    000000a0     libc.a : defs.c.obj (.bss.__TI_tmpnams)
                  202001c0    00000028     (.common:amc)
                  202001e8    00000028     (.common:bombs)
                  20200210    00000028     (.common:sqr)
                  20200238    00000028     (.common:utc)
                  20200260    00000008     libsysbm.a : hostopen.c.obj (.bss.parmbuf)
                  20200268    00000004     libc.a : memory.c.obj (.bss.sys_free)
                  2020026c    00000004     (.common:PB1Pressed)
                  20200270    00000004     (.common:PB4Pressed)
                  20200274    00000004     (.common:TExaSLogic)
                  20200278    00000004     (.common:TExaSadc)
                  2020027c    00000001     ST7735.o (.bss.ColStart)
                  2020027d    00000001     ST7735.o (.bss.RowStart)
                  2020027e    00000001     ST7735.o (.bss.TabColor)

.sysmem    0    20200280    00000200     UNINITIALIZED
                  20200280    00000010     libc.a : memory.c.obj (.sysmem)
                  20200290    000001f0     --HOLE--

.data      0    20200480    000001e9     UNINITIALIZED
                  20200480    000000f0     libc.a : defs.c.obj (.data._ftable)
                  20200570    00000078     libsysbm.a : host_device.c.obj (.data._device)
                  202005e8    00000050                : host_device.c.obj (.data._stream)
                  20200638    00000008     libc.a : exit.c.obj (.data..L_MergedGlobals)
                  20200640    00000004     Clock.o (.data.BusFreq)
                  20200644    00000004     ST7735.o (.data.StX)
                  20200648    00000004     ST7735.o (.data.StY)
                  2020064c    00000004     libc.a : defs.c.obj (.data.__TI_ft_end)
                  20200650    00000004            : _lock.c.obj (.data._lock)
                  20200654    00000004            : _lock.c.obj (.data._unlock)
                  20200658    00000002     ST7735.o (.data.StTextColor)
                  2020065a    00000002     ST7735.o (.data._height)
                  2020065c    00000002     ST7735.o (.data._width)
                  2020065e    00000001     game_main.o (.data.animFrame)
                  2020065f    00000001     game_main.o (.data.gameReady)
                  20200660    00000001     libsysbm.a : add_device.c.obj (.data.add_device.device_init)
                  20200661    00000003     --HOLE--
                  20200664    00000001     libc.a : memory.c.obj (.data.memory_is_initialized)
                  20200665    00000003     --HOLE--
                  20200668    00000001     libsysbm.a : open.c.obj (.data.open.stream_init)

.stack     0    20207e00    00000200     UNINITIALIZED
                  20207e00    00000004     libc.a : boot_cortex_m.c.obj (.stack)
                  20207e04    000001fc     --HOLE--

__llvm_prf_cnts 
*          0    20200000    00000000     UNINITIALIZED

__llvm_prf_bits 
*          0    20200000    00000000     UNINITIALIZED

MODULE SUMMARY

       Module                         code   ro data   rw data
       ------                         ----   -------   -------
    .\
       game_main.o                    786    86200     170    
       ST7735.o                       2494   1442      17     
       Clock.o                        516    0         4      
       SPI.o                          440    0         0      
       LaunchPad.o                    196    0         0      
       Timer.o                        148    0         0      
       EdgeTriggered.o                108    0         0      
       TExaS.o                        64     0         8      
       Sound.o                        2      0         0      
    +--+------------------------------+------+---------+---------+
       Total:                         4754   87642     199    
                                                              
    .\ticlang\
       startup_mspm0g3507_ticlang.o   60     192       0      
    +--+------------------------------+------+---------+---------+
       Total:                         60     192       0      
                                                              
    C:\ti\ccs2040\ccs\tools\compiler\ti-cgt-armllvm_4.0.4.LTS\lib\armv6m-ti-none-eabi/c/libc.a
       memory.c.obj                   702    0         5      
       fopen.c.obj                    556    0         0      
       defs.c.obj                     0      0         404    
       setvbuf.c.obj                  224    0         0      
       getdevice.c.obj                160    0         0      
       strcmp-armv6m.S.obj            136    0         0      
       copy_decompress_lzss.c.obj     124    0         0      
       fclose.c.obj                   124    0         0      
       fflush.c.obj                   82     0         0      
       exit.c.obj                     58     0         8      
       autoinit.c.obj                 60     0         0      
       boot_cortex_m.c.obj            40     0         0      
       copy_zero_init.c.obj           22     0         0      
       copy_decompress_none.c.obj     18     0         0      
       memcpy16.S.obj                 18     0         0      
       memset16.S.obj                 14     0         0      
       _lock.c.obj                    2      0         8      
       pre_init.c.obj                 4      0         0      
    +--+------------------------------+------+---------+---------+
       Total:                         2344   0         425    
                                                              
    C:\ti\ccs2040\ccs\tools\compiler\ti-cgt-armllvm_4.0.4.LTS\lib\armv6m-ti-none-eabi/c/libsysbm.a
       trgmsg.c.obj                   104    0         288    
       add_device.c.obj               236    0         1      
       host_device.c.obj              0      0         200    
       open.c.obj                     160    0         1      
       hostrename.c.obj               136    0         0      
       hostlseek.c.obj                108    0         0      
       hostopen.c.obj                 96     0         8      
       hostread.c.obj                 88     0         0      
       hostwrite.c.obj                88     0         0      
       close.c.obj                    80     0         0      
       hostclose.c.obj                72     0         0      
       hostunlink.c.obj               72     0         0      
       unlink.c.obj                   44     0         0      
       write.c.obj                    40     0         0      
       remove.c.obj                   8      0         0      
       hostexit.c.obj                 4      0         0      
    +--+------------------------------+------+---------+---------+
       Total:                         1336   0         498    
                                                              
    C:\ti\ccs2040\ccs\tools\compiler\ti-cgt-armllvm_4.0.4.LTS\lib\armv6m-ti-none-eabi/libclang_rt.builtins.a
       aeabi_uidivmod.S.obj           64     0         0      
       aeabi_memset.S.obj             12     0         0      
       aeabi_memcpy.S.obj             8      0         0      
       aeabi_div0.c.obj               2      0         0      
    +--+------------------------------+------+---------+---------+
       Total:                         86     0         0      
                                                              
       Heap:                          0      0         512    
       Stack:                         0      0         512    
       Linker Generated:              0      144       0      
    +--+------------------------------+------+---------+---------+
       Grand Total:                   8580   87978     2146   


LINKER GENERATED COPY TABLES

__TI_cinit_table @ 00017930 records: 2, size/record: 8, table size: 16
	.data: load addr=000178b0, load size=0000006c bytes, run addr=20200480, run size=000001e9 bytes, compression=lzss
	.bss: load addr=00017928, load size=00000008 bytes, run addr=20200000, run size=0000027f bytes, compression=zero_init


LINKER GENERATED HANDLER TABLE

__TI_handler_table @ 0001791c records: 3, size/record: 4, table size: 12
	index: 0, handler: __TI_decompress_lzss
	index: 1, handler: __TI_decompress_none
	index: 2, handler: __TI_zero_init


GLOBAL SYMBOLS: SORTED ALPHABETICALLY BY Name 

address   name                          
-------   ----                          
0001771d  ADC0_IRQHandler               
0001771d  ADC1_IRQHandler               
0001771d  AES_IRQHandler                
00017359  ActivatePortA_B               
20200640  BusFreq                       
00017898  C$$EXIT                       
000174f9  C$$IO$$                       
0001771d  CANFD0_IRQHandler             
000177d7  Clock_Delay                   
000173c9  Clock_Delay1ms                
0001783d  Clock_Freq                    
00015931  Clock_Init80MHz               
0001771d  DAC0_IRQHandler               
0001771d  DMA_IRQHandler                
0001771d  Default_Handler               
000177e7  Delay                         
00016cd1  EdgeTriggered_Init            
0001771d  GROUP0_IRQHandler             
000170fd  GROUP1_IRQHandler             
00017145  HOSTclose                     
00017899  HOSTexit                      
00016d3d  HOSTlseek                     
00016f49  HOSTopen                      
00016fa9  HOSTread                      
00016da9  HOSTrename                    
0001718d  HOSTunlink                    
00017001  HOSTwrite                     
00017739  HardFault_Handler             
0001771d  I2C0_IRQHandler               
0001771d  I2C1_IRQHandler               
00016b5d  LaunchPad_Init                
0001771d  NMI_Handler                   
2020026c  PB1Pressed                    
20200270  PB4Pressed                    
0001786d  PLL_Init                      
0001771d  PendSV_Handler                
0001771d  RTC_IRQHandler                
0001789d  Reset_Handler                 
0001771d  SPI0_IRQHandler               
0001771d  SPI1_IRQHandler               
0001600d  SPI_Init                      
000171d5  SPI_OutCommand                
00017391  SPI_OutData                   
0001721d  SPI_Reset                     
00015721  ST7735_DrawBitmap             
00015ae5  ST7735_DrawChar               
00016ad9  ST7735_DrawString             
00015de1  ST7735_FillRect               
0001762d  ST7735_FillScreen             
000167f9  ST7735_InitPrintf             
00016895  ST7735_InitR                  
000163b9  ST7735_OutChar                
000173fd  ST7735_SetCursor              
00017877  ST7735_close                  
00017805  ST7735_lseek                  
00017771  ST7735_open                   
00017787  ST7735_read                   
00017849  ST7735_rename                 
00017881  ST7735_unlink                 
00017431  ST7735_write                  
0001771d  SVC_Handler                   
20200658  StTextColor                   
20200644  StX                           
20200648  StY                           
00016757  SysTick_Handler               
20200274  TExaSLogic                    
20200278  TExaSadc                      
0001771d  TIMA0_IRQHandler              
0001771d  TIMA1_IRQHandler              
0001771d  TIMG0_IRQHandler              
00016489  TIMG12_IRQHandler             
0001771d  TIMG6_IRQHandler              
0001725d  TIMG7_IRQHandler              
0001771d  TIMG8_IRQHandler              
000177b3  TI_memcpy_small               
0001782f  TI_memset_small               
0001692d  TimerG12_IntArm               
0001771d  UART0_IRQHandler              
0001771d  UART1_IRQHandler              
0001771d  UART2_IRQHandler              
0001771d  UART3_IRQHandler              
00016e81  UpdatePlayers                 
20200000  _CIOBUF_                      
20200000  __CIOBUF_                     
20208000  __STACK_END                   
00000200  __STACK_SIZE                  
00000200  __SYSMEM_SIZE                 
00000000  __TI_ATRegion0_region_sz      
00000000  __TI_ATRegion0_src_addr       
00000000  __TI_ATRegion0_trg_addr       
00000000  __TI_ATRegion1_region_sz      
00000000  __TI_ATRegion1_src_addr       
00000000  __TI_ATRegion1_trg_addr       
00000000  __TI_ATRegion2_region_sz      
00000000  __TI_ATRegion2_src_addr       
00000000  __TI_ATRegion2_trg_addr       
00017930  __TI_CINIT_Base               
00017940  __TI_CINIT_Limit              
00017940  __TI_CINIT_Warm               
0001791c  __TI_Handler_Table_Base       
00017928  __TI_Handler_Table_Limit      
0001731d  __TI_auto_init_nobinit_nopinit
00017465  __TI_cleanup                  
20200638  __TI_cleanup_ptr              
00016bd9  __TI_closefile                
00016c55  __TI_decompress_lzss          
000177c5  __TI_decompress_none          
00017059  __TI_doflush                  
2020063c  __TI_dtors_ptr                
2020064c  __TI_ft_end                   
ffffffff  __TI_pprof_out_hndl           
ffffffff  __TI_prof_data_size           
ffffffff  __TI_prof_data_start          
00017499  __TI_readmsg                  
00000000  __TI_static_base__            
20200120  __TI_tmpnams                  
000174cd  __TI_writemsg                 
0001779d  __TI_zero_init_nomemset       
000170ab  __aeabi_idiv0                 
00017855  __aeabi_memclr                
00017855  __aeabi_memclr4               
00017855  __aeabi_memclr8               
00016a49  __aeabi_memcpy                
00016a49  __aeabi_memcpy4               
00016a49  __aeabi_memcpy8               
0001729d  __aeabi_uidiv                 
0001729d  __aeabi_uidivmod              
ffffffff  __binit__                     
UNDEFED   __mpu_init                    
20207e00  __stack                       
20200000  __start___llvm_prf_bits       
20200000  __start___llvm_prf_cnts       
20200000  __stop___llvm_prf_bits        
20200000  __stop___llvm_prf_cnts        
000176d5  _c_int00_noargs               
20200570  _device                       
20200480  _ftable                       
20200650  _lock                         
0001771b  _nop                          
202005e8  _stream                       
20200280  _sys_memory                   
UNDEFED   _system_post_cinit            
000178a1  _system_pre_init              
20200654  _unlock                       
00017893  abort                         
00016105  add_device                    
00015ef9  aligned_alloc                 
000145bc  am_car1                       
000148e6  am_car2                       
202001c0  amc                           
2020065e  animFrame                     
ffffffff  binit                         
00015584  bomb                          
202001e8  bombs                         
000170ad  close                         
000175cd  draw                          
00017501  exit                          
00017535  finddevice                    
000175fd  fopen                         
000161f1  free                          
00017569  freopen                       
2020065f  gameReady                     
00016e15  getdevice                     
00016609  graphics_init                 
00000000  interruptVectors              
00016549  main                          
00017861  malloc                        
00015ef9  memalign                      
00016759  open                          
20200260  parmbuf                       
0001788b  remove                        
000162d9  setvbuf                       
00015264  sq_r1                         
000153f4  sq_r2                         
20200210  sqr                           
00016a51  strcmp                        
000000c0  track_1                       
0000a0c0  track_2                       
00017659  unlink                        
00014c10  ut_car1                       
00014f3a  ut_car2                       
20200238  utc                           
000176ad  write                         


GLOBAL SYMBOLS: SORTED BY Symbol Address 

address   name                          
-------   ----                          
00000000  __TI_ATRegion0_region_sz      
00000000  __TI_ATRegion0_src_addr       
00000000  __TI_ATRegion0_trg_addr       
00000000  __TI_ATRegion1_region_sz      
00000000  __TI_ATRegion1_src_addr       
00000000  __TI_ATRegion1_trg_addr       
00000000  __TI_ATRegion2_region_sz      
00000000  __TI_ATRegion2_src_addr       
00000000  __TI_ATRegion2_trg_addr       
00000000  __TI_static_base__            
00000000  interruptVectors              
000000c0  track_1                       
00000200  __STACK_SIZE                  
00000200  __SYSMEM_SIZE                 
0000a0c0  track_2                       
000145bc  am_car1                       
000148e6  am_car2                       
00014c10  ut_car1                       
00014f3a  ut_car2                       
00015264  sq_r1                         
000153f4  sq_r2                         
00015584  bomb                          
00015721  ST7735_DrawBitmap             
00015931  Clock_Init80MHz               
00015ae5  ST7735_DrawChar               
00015de1  ST7735_FillRect               
00015ef9  aligned_alloc                 
00015ef9  memalign                      
0001600d  SPI_Init                      
00016105  add_device                    
000161f1  free                          
000162d9  setvbuf                       
000163b9  ST7735_OutChar                
00016489  TIMG12_IRQHandler             
00016549  main                          
00016609  graphics_init                 
00016757  SysTick_Handler               
00016759  open                          
000167f9  ST7735_InitPrintf             
00016895  ST7735_InitR                  
0001692d  TimerG12_IntArm               
00016a49  __aeabi_memcpy                
00016a49  __aeabi_memcpy4               
00016a49  __aeabi_memcpy8               
00016a51  strcmp                        
00016ad9  ST7735_DrawString             
00016b5d  LaunchPad_Init                
00016bd9  __TI_closefile                
00016c55  __TI_decompress_lzss          
00016cd1  EdgeTriggered_Init            
00016d3d  HOSTlseek                     
00016da9  HOSTrename                    
00016e15  getdevice                     
00016e81  UpdatePlayers                 
00016f49  HOSTopen                      
00016fa9  HOSTread                      
00017001  HOSTwrite                     
00017059  __TI_doflush                  
000170ab  __aeabi_idiv0                 
000170ad  close                         
000170fd  GROUP1_IRQHandler             
00017145  HOSTclose                     
0001718d  HOSTunlink                    
000171d5  SPI_OutCommand                
0001721d  SPI_Reset                     
0001725d  TIMG7_IRQHandler              
0001729d  __aeabi_uidiv                 
0001729d  __aeabi_uidivmod              
0001731d  __TI_auto_init_nobinit_nopinit
00017359  ActivatePortA_B               
00017391  SPI_OutData                   
000173c9  Clock_Delay1ms                
000173fd  ST7735_SetCursor              
00017431  ST7735_write                  
00017465  __TI_cleanup                  
00017499  __TI_readmsg                  
000174cd  __TI_writemsg                 
000174f9  C$$IO$$                       
00017501  exit                          
00017535  finddevice                    
00017569  freopen                       
000175cd  draw                          
000175fd  fopen                         
0001762d  ST7735_FillScreen             
00017659  unlink                        
000176ad  write                         
000176d5  _c_int00_noargs               
0001771b  _nop                          
0001771d  ADC0_IRQHandler               
0001771d  ADC1_IRQHandler               
0001771d  AES_IRQHandler                
0001771d  CANFD0_IRQHandler             
0001771d  DAC0_IRQHandler               
0001771d  DMA_IRQHandler                
0001771d  Default_Handler               
0001771d  GROUP0_IRQHandler             
0001771d  I2C0_IRQHandler               
0001771d  I2C1_IRQHandler               
0001771d  NMI_Handler                   
0001771d  PendSV_Handler                
0001771d  RTC_IRQHandler                
0001771d  SPI0_IRQHandler               
0001771d  SPI1_IRQHandler               
0001771d  SVC_Handler                   
0001771d  TIMA0_IRQHandler              
0001771d  TIMA1_IRQHandler              
0001771d  TIMG0_IRQHandler              
0001771d  TIMG6_IRQHandler              
0001771d  TIMG8_IRQHandler              
0001771d  UART0_IRQHandler              
0001771d  UART1_IRQHandler              
0001771d  UART2_IRQHandler              
0001771d  UART3_IRQHandler              
00017739  HardFault_Handler             
00017771  ST7735_open                   
00017787  ST7735_read                   
0001779d  __TI_zero_init_nomemset       
000177b3  TI_memcpy_small               
000177c5  __TI_decompress_none          
000177d7  Clock_Delay                   
000177e7  Delay                         
00017805  ST7735_lseek                  
0001782f  TI_memset_small               
0001783d  Clock_Freq                    
00017849  ST7735_rename                 
00017855  __aeabi_memclr                
00017855  __aeabi_memclr4               
00017855  __aeabi_memclr8               
00017861  malloc                        
0001786d  PLL_Init                      
00017877  ST7735_close                  
00017881  ST7735_unlink                 
0001788b  remove                        
00017893  abort                         
00017898  C$$EXIT                       
00017899  HOSTexit                      
0001789d  Reset_Handler                 
000178a1  _system_pre_init              
0001791c  __TI_Handler_Table_Base       
00017928  __TI_Handler_Table_Limit      
00017930  __TI_CINIT_Base               
00017940  __TI_CINIT_Limit              
00017940  __TI_CINIT_Warm               
20200000  _CIOBUF_                      
20200000  __CIOBUF_                     
20200000  __start___llvm_prf_bits       
20200000  __start___llvm_prf_cnts       
20200000  __stop___llvm_prf_bits        
20200000  __stop___llvm_prf_cnts        
20200120  __TI_tmpnams                  
202001c0  amc                           
202001e8  bombs                         
20200210  sqr                           
20200238  utc                           
20200260  parmbuf                       
2020026c  PB1Pressed                    
20200270  PB4Pressed                    
20200274  TExaSLogic                    
20200278  TExaSadc                      
20200280  _sys_memory                   
20200480  _ftable                       
20200570  _device                       
202005e8  _stream                       
20200638  __TI_cleanup_ptr              
2020063c  __TI_dtors_ptr                
20200640  BusFreq                       
20200644  StX                           
20200648  StY                           
2020064c  __TI_ft_end                   
20200650  _lock                         
20200654  _unlock                       
20200658  StTextColor                   
2020065e  animFrame                     
2020065f  gameReady                     
20207e00  __stack                       
20208000  __STACK_END                   
ffffffff  __TI_pprof_out_hndl           
ffffffff  __TI_prof_data_size           
ffffffff  __TI_prof_data_start          
ffffffff  __binit__                     
ffffffff  binit                         
UNDEFED   __mpu_init                    
UNDEFED   _system_post_cinit            

[183 symbols]
