******************************************************************************
            TI ARM Clang Linker PC v4.0.4                      
******************************************************************************
>> Linked Sun Apr 19 21:56:29 2026

OUTPUT FILE NAME:   <BevoKart_code.out>
ENTRY POINT SYMBOL: "_c_int00_noargs"  address: 00017ee9


MEMORY CONFIGURATION

         name            origin    length      used     unused   attr    fill
----------------------  --------  ---------  --------  --------  ----  --------
  FLASH                 00000000   00020000  00018238  00007dc8  R  X
  SRAM                  20200000   00008000  00000886  0000777a  RW X
  BCR_CONFIG            41c00000   00000080  00000000  00000080  R   
  BSL_CONFIG            41c00100   00000080  00000000  00000080  R   


SEGMENT ALLOCATION MAP

run origin  load origin   length   init length attrs members
----------  ----------- ---------- ----------- ----- -------
00000000    00000000    00018238   00018238    r-x
  00000000    00000000    000000c0   000000c0    r-- .intvecs
  000000c0    000000c0    000156c0   000156c0    r-- .rodata
  00015780    00015780    00002a20   00002a20    r-x .text
  000181a0    000181a0    00000098   00000098    r-- .cinit
20200000    20200000    0000068d   00000000    rw-
  20200000    20200000    00000291   00000000    rw- .bss
  20200298    20200298    00000200   00000000    rw- .sysmem
  20200498    20200498    000001f5   00000000    rw- .data
20207e00    20207e00    00000200   00000000    rw-
  20207e00    20207e00    00000200   00000000    rw- .stack


SECTION ALLOCATION MAP

 output                                  attributes/
section   page    origin      length       input sections
--------  ----  ----------  ----------   ----------------
.intvecs   0    00000000    000000c0     
                  00000000    000000c0     startup_mspm0g3507_ticlang.o (.intvecs)

.text      0    00015780    00002a20     
                  00015780    00000210     ST7735.o (.text.ST7735_DrawBitmap)
                  00015990    000001e8     game_main.o (.text.main)
                  00015b78    000001b4     Clock.o (.text.Clock_Init80MHz)
                  00015d2c    000001a8     ST7735.o (.text.ST7735_DrawChar)
                  00015ed4    00000154     libc.a : fopen.c.obj (.text._openfile)
                  00016028    00000148     game_main.o (.text.UpdateSprites)
                  00016170    00000118     ST7735.o (.text.ST7735_FillRect)
                  00016288    00000114     libc.a : memory.c.obj (.text.aligned_alloc)
                  0001639c    000000f8     SPI.o (.text.SPI_Init)
                  00016494    000000ec     libsysbm.a : add_device.c.obj (.text.add_device)
                  00016580    000000e8     libc.a : memory.c.obj (.text.free)
                  00016668    000000e0            : setvbuf.c.obj (.text.setvbuf)
                  00016748    000000d0     ST7735.o (.text.ST7735_OutChar)
                  00016818    000000d0     game_main.o (.text.TIMG12_IRQHandler)
                  000168e8    000000c8     game_main.o (.text.graphics_init)
                  000169b0    000000a4     game_main.o (.text.DrawStartScreen)
                  00016a54    000000a4     game_main.o (.text.UART1_Init)
                  00016af8    000000a2     ST7735.o (.text.commandList)
                  00016b9a    00000002     Sound.o (.text.SysTick_Handler)
                  00016b9c    000000a0     game_main.o (.text.UART_Receive)
                  00016c3c    000000a0     libsysbm.a : open.c.obj (.text.open)
                  00016cdc    0000009c     ST7735.o (.text.ST7735_InitPrintf)
                  00016d78    00000098     ST7735.o (.text.ST7735_InitR)
                  00016e10    00000094     Timer.o (.text.TimerG12_IntArm)
                  00016ea4    00000088     ST7735.o (.text.setAddrWindow)
                  00016f2c    00000004     libsysbm.a : hostexit.c.obj (.text.HOSTexit)
                  00016f30    00000088     libc.a : strcmp-armv6m.S.obj (.text:strcmp)
                  00016fb8    00000084     ST7735.o (.text.ST7735_DrawString)
                  0001703c    0000007c     LaunchPad.o (.text.LaunchPad_Init)
                  000170b8    0000007c     libc.a : fclose.c.obj (.text.__TI_closefile)
                  00017134    0000007c            : copy_decompress_lzss.c.obj (.text:decompress:lzss)
                  000171b0    00000078     ADC1.o (.text.ADCinit)
                  00017228    00000078     EdgeTriggered.o (.text.EdgeTriggered_Init)
                  000172a0    00000078     game_main.o (.text.collides)
                  00017318    00000074     game_main.o (.text.SetDifficulty)
                  0001738c    00000070     game_main.o (.text.UpdateMyPlayer)
                  000173fc    0000006c     libsysbm.a : hostlseek.c.obj (.text.HOSTlseek)
                  00017468    0000006c                : hostrename.c.obj (.text.HOSTrename)
                  000174d4    0000006c     libc.a : getdevice.c.obj (.text.getdevice)
                  00017540    00000064            : memory.c.obj (.text.split)
                  000175a4    00000060     libsysbm.a : hostopen.c.obj (.text.HOSTopen)
                  00017604    00000058                : hostread.c.obj (.text.HOSTread)
                  0001765c    00000058                : hostwrite.c.obj (.text.HOSTwrite)
                  000176b4    00000052     libc.a : fflush.c.obj (.text.__TI_doflush)
                  00017706    00000002     libclang_rt.builtins.a : aeabi_div0.c.obj (.text.__aeabi_idiv0)
                  00017708    00000050     game_main.o (.text.UpdateDifficultyDisplay)
                  00017758    00000050     libsysbm.a : close.c.obj (.text.close)
                  000177a8    0000004c     game_main.o (.text.GROUP1_IRQHandler)
                  000177f4    00000048     ADC1.o (.text.ADCin)
                  0001783c    00000048     libsysbm.a : hostclose.c.obj (.text.HOSTclose)
                  00017884    00000048                : hostunlink.c.obj (.text.HOSTunlink)
                  000178cc    00000048     game_main.o (.text.ReadDifficulty)
                  00017914    00000048     SPI.o (.text.SPI_OutCommand)
                  0001795c    00000040     SPI.o (.text.SPI_Reset)
                  0001799c    00000040     TExaS.o (.text.TIMG7_IRQHandler)
                  000179dc    00000040     libclang_rt.builtins.a : aeabi_uidivmod.S.obj (.text.__aeabi_uidivmod)
                  00017a1c    00000040     libc.a : fopen.c.obj (.text._search_fp)
                  00017a5c    0000003e     game_main.o (.text.draw)
                  00017a9a    00000002     libc.a : _lock.c.obj (.text._nop)
                  00017a9c    0000003c            : autoinit.c.obj (.text:__TI_auto_init_nobinit_nopinit)
                  00017ad8    00000038     LaunchPad.o (.text.ActivatePortA_B)
                  00017b10    00000038     SPI.o (.text.SPI_OutData)
                  00017b48    00000034     Clock.o (.text.Clock_Delay1ms)
                  00017b7c    00000034     game_main.o (.text.DrawWinScreen)
                  00017bb0    00000034     ST7735.o (.text.ST7735_SetCursor)
                  00017be4    00000034     ST7735.o (.text.ST7735_write)
                  00017c18    00000034     game_main.o (.text.SpawnBomb)
                  00017c4c    00000034     libc.a : fopen.c.obj (.text.__TI_cleanup)
                  00017c80    00000034     libsysbm.a : trgmsg.c.obj (.text.__TI_readmsg)
                  00017cb4    00000034                : trgmsg.c.obj (.text.__TI_writemsg)
                  00017ce8    00000034     libc.a : exit.c.obj (.text.exit)
                  00017d1c    00000034            : getdevice.c.obj (.text.finddevice)
                  00017d50    00000034            : fopen.c.obj (.text.freopen)
                  00017d84    00000030     game_main.o (.text.DrawLoseScreen)
                  00017db4    00000030     ST7735.o (.text.commonInit)
                  00017de4    00000030     libc.a : fopen.c.obj (.text.fopen)
                  00017e14    0000002c     ST7735.o (.text.ST7735_FillScreen)
                  00017e40    0000002c     game_main.o (.text.UART1_OutChar)
                  00017e6c    0000002c     libsysbm.a : unlink.c.obj (.text.unlink)
                  00017e98    00000028     libc.a : memory.c.obj (.text.free_list_insert)
                  00017ec0    00000028     libsysbm.a : write.c.obj (.text.write)
                  00017ee8    00000028     libc.a : boot_cortex_m.c.obj (.text:_c_int00_noargs)
                  00017f10    00000026     ST7735.o (.text.ST7735_OutString)
                  00017f36    00000022     game_main.o (.text.UART_SendPos)
                  00017f58    00000020     game_main.o (.text.Random32)
                  00017f78    00000020     game_main.o (.text.UART1_InChar)
                  00017f98    0000001e     ST7735.o (.text.pushColor)
                  00017fb6    00000002     --HOLE-- [fill = 0]
                  00017fb8    0000001c     startup_mspm0g3507_ticlang.o (.text.Default_Handler)
                  00017fd4    0000001c     startup_mspm0g3507_ticlang.o (.text.HardFault_Handler)
                  00017ff0    0000001c     game_main.o (.text.UART_SendLose)
                  0001800c    0000001c     libc.a : memory.c.obj (.text.free_list_remove)
                  00018028    00000018     game_main.o (.text.Random)
                  00018040    00000016     ST7735.o (.text.ST7735_open)
                  00018056    00000016     ST7735.o (.text.ST7735_read)
                  0001806c    00000016     libc.a : copy_zero_init.c.obj (.text:decompress:ZI:__TI_zero_init_nomemset)
                  00018082    00000002     --HOLE-- [fill = 0]
                  00018084    00000014     game_main.o (.text.UART1_Available)
                  00018098    00000012     libc.a : memcpy16.S.obj (.text:TI_memcpy_small)
                  000180aa    00000012            : copy_decompress_none.c.obj (.text:decompress:none)
                  000180bc    00000010     Clock.o (.text.Clock_Delay)
                  000180cc    00000010     LaunchPad.o (.text.Delay)
                  000180dc    0000000e     libc.a : memory.c.obj (.text.OUTLINED_FUNCTION_0)
                  000180ea    0000000e     ST7735.o (.text.ST7735_lseek)
                  000180f8    0000000e     libsysbm.a : hostrename.c.obj (.text.strcpy)
                  00018106    0000000e                : hostrename.c.obj (.text.strlen)
                  00018114    0000000e     libc.a : memset16.S.obj (.text:TI_memset_small)
                  00018122    00000002     --HOLE-- [fill = 0]
                  00018124    0000000c     Clock.o (.text.Clock_Freq)
                  00018130    0000000c     ST7735.o (.text.ST7735_rename)
                  0001813c    0000000c     libclang_rt.builtins.a : aeabi_memset.S.obj (.text.__aeabi_memclr)
                  00018148    0000000c     libc.a : memory.c.obj (.text.malloc)
                  00018154    0000000a     game_main.o (.text.PLL_Init)
                  0001815e    0000000a     ST7735.o (.text.ST7735_close)
                  00018168    0000000a     ST7735.o (.text.ST7735_unlink)
                  00018172    00000002     --HOLE-- [fill = 0]
                  00018174    00000008     libclang_rt.builtins.a : aeabi_memcpy.S.obj (.text.__aeabi_memcpy)
                  0001817c    00000008     libsysbm.a : remove.c.obj (.text.remove)
                  00018184    00000006     libc.a : exit.c.obj (.text:abort)
                  0001818a    00000004     startup_mspm0g3507_ticlang.o (.text.Reset_Handler)
                  0001818e    00000004     libc.a : pre_init.c.obj (.text._system_pre_init)
                  00018192    0000000e     --HOLE-- [fill = 0]

.cinit     0    000181a0    00000098     
                  000181a0    00000071     (.cinit..data.load) [load image, compression = lzss]
                  00018211    00000003     --HOLE-- [fill = 0]
                  00018214    0000000c     (__TI_handler_table)
                  00018220    00000008     (.cinit..bss.load) [load image, compression = zero_init]
                  00018228    00000010     (__TI_cinit_table)

.rodata    0    000000c0    000156c0     
                  000000c0    0000a000     game_main.o (.rodata.track_1)
                  0000a0c0    0000a000     game_main.o (.rodata.track_2)
                  000140c0    000004fb     ST7735.o (.rodata.Font)
                  000145bb    00000001     --HOLE-- [fill = 0]
                  000145bc    0000032a     game_main.o (.rodata.am_car1)
                  000148e6    0000032a     game_main.o (.rodata.am_car2)
                  00014c10    0000032a     game_main.o (.rodata.ut_car1)
                  00014f3a    0000032a     game_main.o (.rodata.ut_car2)
                  00015264    00000190     game_main.o (.rodata.sq_r1)
                  000153f4    00000190     game_main.o (.rodata.sq_r2)
                  00015584    000000f0     game_main.o (.rodata.bomb)
                  00015674    0000003b     ST7735.o (.rodata.Rcmd1)
                  000156af    0000002b     ST7735.o (.rodata.Rcmd3)
                  000156da    00000016     ST7735.o (.rodata.str1.2132471336006292093.1)
                  000156f0    0000000e     game_main.o (.rodata.str1.16486826705469194441.1)
                  000156fe    0000000d     ST7735.o (.rodata.Rcmd2green)
                  0001570b    0000000d     ST7735.o (.rodata.Rcmd2red)
                  00015718    0000000c     game_main.o (.rodata.str1.5852278260567127355.1)
                  00015724    0000000a     game_main.o (.rodata.str1.3712135783545908215.1)
                  0001572e    0000000a     game_main.o (.rodata.str1.3733555913127675906.1)
                  00015738    00000009     game_main.o (.rodata.str1.13460616082421214018.1)
                  00015741    00000009     game_main.o (.rodata.str1.17510318040728765046.1)
                  0001574a    00000009     game_main.o (.rodata.str1.2608741220678797268.1)
                  00015753    00000009     game_main.o (.rodata.str1.3809878905384475929.1)
                  0001575c    00000009     game_main.o (.rodata.str1.5138125937738982744.1)
                  00015765    00000009     game_main.o (.rodata.str1.8980160562375963367.1)
                  0001576e    00000008     ST7735.o (.rodata.str1.14694424544768695619.1)
                  00015776    00000007     ST7735.o (.rodata.str1.1448485181700679404.1)
                  0001577d    00000002     ST7735.o (.rodata.str1.4408429423603725162.1)
                  0001577f    00000001     --HOLE-- [fill = 0]

.init_array 
*          0    00000000    00000000     UNINITIALIZED

.binit     0    00000000    00000000     

.bss       0    20200000    00000291     UNINITIALIZED
                  20200000    00000120     libsysbm.a : trgmsg.c.obj (.bss:_CIOBUF_)
                  20200120    000000a0     libc.a : defs.c.obj (.bss.__TI_tmpnams)
                  202001c0    00000028     (.common:amc)
                  202001e8    00000028     (.common:bombs)
                  20200210    00000028     (.common:sqr)
                  20200238    00000028     (.common:utc)
                  20200260    00000008     libsysbm.a : hostopen.c.obj (.bss.parmbuf)
                  20200268    00000004     libc.a : memory.c.obj (.bss.sys_free)
                  2020026c    00000004     (.common:PB1Pressed)
                  20200270    00000004     (.common:PB4Pressed)
                  20200274    00000004     (.common:TExaSLogic)
                  20200278    00000004     (.common:TExaSadc)
                  2020027c    00000004     (.common:mycar)
                  20200280    00000004     (.common:obstacleSpeed)
                  20200284    00000004     (.common:othercar)
                  20200288    00000004     (.common:spawnInterval)
                  2020028c    00000001     ST7735.o (.bss.ColStart)
                  2020028d    00000001     ST7735.o (.bss.RowStart)
                  2020028e    00000001     ST7735.o (.bss.TabColor)
                  2020028f    00000001     (.common:Difficulty)
                  20200290    00000001     (.common:State)

.sysmem    0    20200298    00000200     UNINITIALIZED
                  20200298    00000010     libc.a : memory.c.obj (.sysmem)
                  202002a8    000001f0     --HOLE--

.data      0    20200498    000001f5     UNINITIALIZED
                  20200498    000000f0     libc.a : defs.c.obj (.data._ftable)
                  20200588    00000078     libsysbm.a : host_device.c.obj (.data._device)
                  20200600    00000050                : host_device.c.obj (.data._stream)
                  20200650    00000008     libc.a : exit.c.obj (.data..L_MergedGlobals)
                  20200658    00000004     Clock.o (.data.BusFreq)
                  2020065c    00000004     game_main.o (.data.M)
                  20200660    00000004     ST7735.o (.data.StX)
                  20200664    00000004     ST7735.o (.data.StY)
                  20200668    00000004     libc.a : defs.c.obj (.data.__TI_ft_end)
                  2020066c    00000004            : _lock.c.obj (.data._lock)
                  20200670    00000004            : _lock.c.obj (.data._unlock)
                  20200674    00000004     game_main.o (.data.bombActive)
                  20200678    00000004     game_main.o (.data.spawnTimer)
                  2020067c    00000002     ST7735.o (.data.StTextColor)
                  2020067e    00000002     ST7735.o (.data._height)
                  20200680    00000002     ST7735.o (.data._width)
                  20200682    00000001     game_main.o (.data.SendLoseFlag)
                  20200683    00000001     game_main.o (.data.animFrame)
                  20200684    00000001     libsysbm.a : add_device.c.obj (.data.add_device.device_init)
                  20200685    00000001     game_main.o (.data.gameReady)
                  20200686    00000002     --HOLE--
                  20200688    00000001     libc.a : memory.c.obj (.data.memory_is_initialized)
                  20200689    00000003     --HOLE--
                  2020068c    00000001     libsysbm.a : open.c.obj (.data.open.stream_init)

.stack     0    20207e00    00000200     UNINITIALIZED
                  20207e00    00000004     libc.a : boot_cortex_m.c.obj (.stack)
                  20207e04    000001fc     --HOLE--

__llvm_prf_cnts 
*          0    20200000    00000000     UNINITIALIZED

__llvm_prf_bits 
*          0    20200000    00000000     UNINITIALIZED

MODULE SUMMARY

       Module                         code    ro data   rw data
       ------                         ----    -------   -------
    .\
       game_main.o                    2726    86300     201    
       ST7735.o                       2532    1442      17     
       Clock.o                        516     0         4      
       SPI.o                          440     0         0      
       LaunchPad.o                    196     0         0      
       ADC1.o                         192     0         0      
       Timer.o                        148     0         0      
       EdgeTriggered.o                120     0         0      
       TExaS.o                        64      0         8      
       Sound.o                        2       0         0      
    +--+------------------------------+-------+---------+---------+
       Total:                         6936    87742     230    
                                                               
    .\ticlang\
       startup_mspm0g3507_ticlang.o   60      192       0      
    +--+------------------------------+-------+---------+---------+
       Total:                         60      192       0      
                                                               
    C:\ti\ccs2040\ccs\tools\compiler\ti-cgt-armllvm_4.0.4.LTS\lib\armv6m-ti-none-eabi/c/libc.a
       memory.c.obj                   702     0         5      
       fopen.c.obj                    556     0         0      
       defs.c.obj                     0       0         404    
       setvbuf.c.obj                  224     0         0      
       getdevice.c.obj                160     0         0      
       strcmp-armv6m.S.obj            136     0         0      
       copy_decompress_lzss.c.obj     124     0         0      
       fclose.c.obj                   124     0         0      
       fflush.c.obj                   82      0         0      
       exit.c.obj                     58      0         8      
       autoinit.c.obj                 60      0         0      
       boot_cortex_m.c.obj            40      0         0      
       copy_zero_init.c.obj           22      0         0      
       copy_decompress_none.c.obj     18      0         0      
       memcpy16.S.obj                 18      0         0      
       memset16.S.obj                 14      0         0      
       _lock.c.obj                    2       0         8      
       pre_init.c.obj                 4       0         0      
    +--+------------------------------+-------+---------+---------+
       Total:                         2344    0         425    
                                                               
    C:\ti\ccs2040\ccs\tools\compiler\ti-cgt-armllvm_4.0.4.LTS\lib\armv6m-ti-none-eabi/c/libsysbm.a
       trgmsg.c.obj                   104     0         288    
       add_device.c.obj               236     0         1      
       host_device.c.obj              0       0         200    
       open.c.obj                     160     0         1      
       hostrename.c.obj               136     0         0      
       hostlseek.c.obj                108     0         0      
       hostopen.c.obj                 96      0         8      
       hostread.c.obj                 88      0         0      
       hostwrite.c.obj                88      0         0      
       close.c.obj                    80      0         0      
       hostclose.c.obj                72      0         0      
       hostunlink.c.obj               72      0         0      
       unlink.c.obj                   44      0         0      
       write.c.obj                    40      0         0      
       remove.c.obj                   8       0         0      
       hostexit.c.obj                 4       0         0      
    +--+------------------------------+-------+---------+---------+
       Total:                         1336    0         498    
                                                               
    C:\ti\ccs2040\ccs\tools\compiler\ti-cgt-armllvm_4.0.4.LTS\lib\armv6m-ti-none-eabi/libclang_rt.builtins.a
       aeabi_uidivmod.S.obj           64      0         0      
       aeabi_memset.S.obj             12      0         0      
       aeabi_memcpy.S.obj             8       0         0      
       aeabi_div0.c.obj               2       0         0      
    +--+------------------------------+-------+---------+---------+
       Total:                         86      0         0      
                                                               
       Heap:                          0       0         512    
       Stack:                         0       0         512    
       Linker Generated:              0       149       0      
    +--+------------------------------+-------+---------+---------+
       Grand Total:                   10762   88083     2177   


LINKER GENERATED COPY TABLES

__TI_cinit_table @ 00018228 records: 2, size/record: 8, table size: 16
	.data: load addr=000181a0, load size=00000071 bytes, run addr=20200498, run size=000001f5 bytes, compression=lzss
	.bss: load addr=00018220, load size=00000008 bytes, run addr=20200000, run size=00000291 bytes, compression=zero_init


LINKER GENERATED HANDLER TABLE

__TI_handler_table @ 00018214 records: 3, size/record: 4, table size: 12
	index: 0, handler: __TI_decompress_lzss
	index: 1, handler: __TI_decompress_none
	index: 2, handler: __TI_zero_init


GLOBAL SYMBOLS: SORTED ALPHABETICALLY BY Name 

address   name                          
-------   ----                          
00017fb9  ADC0_IRQHandler               
00017fb9  ADC1_IRQHandler               
000177f5  ADCin                         
000171b1  ADCinit                       
00017fb9  AES_IRQHandler                
00017ad9  ActivatePortA_B               
20200658  BusFreq                       
00016f2c  C$$EXIT                       
00017ce1  C$$IO$$                       
00017fb9  CANFD0_IRQHandler             
000180bd  Clock_Delay                   
00017b49  Clock_Delay1ms                
00018125  Clock_Freq                    
00015b79  Clock_Init80MHz               
00017fb9  DAC0_IRQHandler               
00017fb9  DMA_IRQHandler                
00017fb9  Default_Handler               
000180cd  Delay                         
2020028f  Difficulty                    
00017d85  DrawLoseScreen                
000169b1  DrawStartScreen               
00017b7d  DrawWinScreen                 
00017229  EdgeTriggered_Init            
00017fb9  GROUP0_IRQHandler             
000177a9  GROUP1_IRQHandler             
0001783d  HOSTclose                     
00016f2d  HOSTexit                      
000173fd  HOSTlseek                     
000175a5  HOSTopen                      
00017605  HOSTread                      
00017469  HOSTrename                    
00017885  HOSTunlink                    
0001765d  HOSTwrite                     
00017fd5  HardFault_Handler             
00017fb9  I2C0_IRQHandler               
00017fb9  I2C1_IRQHandler               
0001703d  LaunchPad_Init                
2020065c  M                             
00017fb9  NMI_Handler                   
2020026c  PB1Pressed                    
20200270  PB4Pressed                    
00018155  PLL_Init                      
00017fb9  PendSV_Handler                
00017fb9  RTC_IRQHandler                
00018029  Random                        
00017f59  Random32                      
0001818b  Reset_Handler                 
00017fb9  SPI0_IRQHandler               
00017fb9  SPI1_IRQHandler               
0001639d  SPI_Init                      
00017915  SPI_OutCommand                
00017b11  SPI_OutData                   
0001795d  SPI_Reset                     
00015781  ST7735_DrawBitmap             
00015d2d  ST7735_DrawChar               
00016fb9  ST7735_DrawString             
00016171  ST7735_FillRect               
00017e15  ST7735_FillScreen             
00016cdd  ST7735_InitPrintf             
00016d79  ST7735_InitR                  
00016749  ST7735_OutChar                
00017f11  ST7735_OutString              
00017bb1  ST7735_SetCursor              
0001815f  ST7735_close                  
000180eb  ST7735_lseek                  
00018041  ST7735_open                   
00018057  ST7735_read                   
00018131  ST7735_rename                 
00018169  ST7735_unlink                 
00017be5  ST7735_write                  
00017fb9  SVC_Handler                   
20200682  SendLoseFlag                  
00017319  SetDifficulty                 
00017c19  SpawnBomb                     
2020067c  StTextColor                   
20200660  StX                           
20200664  StY                           
20200290  State                         
00016b9b  SysTick_Handler               
20200274  TExaSLogic                    
20200278  TExaSadc                      
00017fb9  TIMA0_IRQHandler              
00017fb9  TIMA1_IRQHandler              
00017fb9  TIMG0_IRQHandler              
00016819  TIMG12_IRQHandler             
00017fb9  TIMG6_IRQHandler              
0001799d  TIMG7_IRQHandler              
00017fb9  TIMG8_IRQHandler              
00018099  TI_memcpy_small               
00018115  TI_memset_small               
00016e11  TimerG12_IntArm               
00017fb9  UART0_IRQHandler              
00017fb9  UART1_IRQHandler              
00017f79  UART1_InChar                  
00016a55  UART1_Init                    
00017e41  UART1_OutChar                 
00017fb9  UART2_IRQHandler              
00017fb9  UART3_IRQHandler              
00016b9d  UART_Receive                  
00017ff1  UART_SendLose                 
00017f37  UART_SendPos                  
00017709  UpdateDifficultyDisplay       
0001738d  UpdateMyPlayer                
00016029  UpdateSprites                 
20200000  _CIOBUF_                      
20200000  __CIOBUF_                     
20208000  __STACK_END                   
00000200  __STACK_SIZE                  
00000200  __SYSMEM_SIZE                 
00000000  __TI_ATRegion0_region_sz      
00000000  __TI_ATRegion0_src_addr       
00000000  __TI_ATRegion0_trg_addr       
00000000  __TI_ATRegion1_region_sz      
00000000  __TI_ATRegion1_src_addr       
00000000  __TI_ATRegion1_trg_addr       
00000000  __TI_ATRegion2_region_sz      
00000000  __TI_ATRegion2_src_addr       
00000000  __TI_ATRegion2_trg_addr       
00018228  __TI_CINIT_Base               
00018238  __TI_CINIT_Limit              
00018238  __TI_CINIT_Warm               
00018214  __TI_Handler_Table_Base       
00018220  __TI_Handler_Table_Limit      
00017a9d  __TI_auto_init_nobinit_nopinit
00017c4d  __TI_cleanup                  
20200650  __TI_cleanup_ptr              
000170b9  __TI_closefile                
00017135  __TI_decompress_lzss          
000180ab  __TI_decompress_none          
000176b5  __TI_doflush                  
20200654  __TI_dtors_ptr                
20200668  __TI_ft_end                   
ffffffff  __TI_pprof_out_hndl           
ffffffff  __TI_prof_data_size           
ffffffff  __TI_prof_data_start          
00017c81  __TI_readmsg                  
00000000  __TI_static_base__            
20200120  __TI_tmpnams                  
00017cb5  __TI_writemsg                 
0001806d  __TI_zero_init_nomemset       
00017707  __aeabi_idiv0                 
0001813d  __aeabi_memclr                
0001813d  __aeabi_memclr4               
0001813d  __aeabi_memclr8               
00018175  __aeabi_memcpy                
00018175  __aeabi_memcpy4               
00018175  __aeabi_memcpy8               
000179dd  __aeabi_uidiv                 
000179dd  __aeabi_uidivmod              
ffffffff  __binit__                     
UNDEFED   __mpu_init                    
20207e00  __stack                       
20200000  __start___llvm_prf_bits       
20200000  __start___llvm_prf_cnts       
20200000  __stop___llvm_prf_bits        
20200000  __stop___llvm_prf_cnts        
00017ee9  _c_int00_noargs               
20200588  _device                       
20200498  _ftable                       
2020066c  _lock                         
00017a9b  _nop                          
20200600  _stream                       
20200298  _sys_memory                   
UNDEFED   _system_post_cinit            
0001818f  _system_pre_init              
20200670  _unlock                       
00018185  abort                         
00016495  add_device                    
00016289  aligned_alloc                 
000145bc  am_car1                       
000148e6  am_car2                       
202001c0  amc                           
20200683  animFrame                     
ffffffff  binit                         
00015584  bomb                          
20200674  bombActive                    
202001e8  bombs                         
00017759  close                         
000172a1  collides                      
00017a5d  draw                          
00017ce9  exit                          
00017d1d  finddevice                    
00017de5  fopen                         
00016581  free                          
00017d51  freopen                       
20200685  gameReady                     
000174d5  getdevice                     
000168e9  graphics_init                 
00000000  interruptVectors              
00015991  main                          
00018149  malloc                        
00016289  memalign                      
2020027c  mycar                         
20200280  obstacleSpeed                 
00016c3d  open                          
20200284  othercar                      
20200260  parmbuf                       
0001817d  remove                        
00016669  setvbuf                       
20200288  spawnInterval                 
20200678  spawnTimer                    
00015264  sq_r1                         
000153f4  sq_r2                         
20200210  sqr                           
00016f31  strcmp                        
000000c0  track_1                       
0000a0c0  track_2                       
00017e6d  unlink                        
00014c10  ut_car1                       
00014f3a  ut_car2                       
20200238  utc                           
00017ec1  write                         


GLOBAL SYMBOLS: SORTED BY Symbol Address 

address   name                          
-------   ----                          
00000000  __TI_ATRegion0_region_sz      
00000000  __TI_ATRegion0_src_addr       
00000000  __TI_ATRegion0_trg_addr       
00000000  __TI_ATRegion1_region_sz      
00000000  __TI_ATRegion1_src_addr       
00000000  __TI_ATRegion1_trg_addr       
00000000  __TI_ATRegion2_region_sz      
00000000  __TI_ATRegion2_src_addr       
00000000  __TI_ATRegion2_trg_addr       
00000000  __TI_static_base__            
00000000  interruptVectors              
000000c0  track_1                       
00000200  __STACK_SIZE                  
00000200  __SYSMEM_SIZE                 
0000a0c0  track_2                       
000145bc  am_car1                       
000148e6  am_car2                       
00014c10  ut_car1                       
00014f3a  ut_car2                       
00015264  sq_r1                         
000153f4  sq_r2                         
00015584  bomb                          
00015781  ST7735_DrawBitmap             
00015991  main                          
00015b79  Clock_Init80MHz               
00015d2d  ST7735_DrawChar               
00016029  UpdateSprites                 
00016171  ST7735_FillRect               
00016289  aligned_alloc                 
00016289  memalign                      
0001639d  SPI_Init                      
00016495  add_device                    
00016581  free                          
00016669  setvbuf                       
00016749  ST7735_OutChar                
00016819  TIMG12_IRQHandler             
000168e9  graphics_init                 
000169b1  DrawStartScreen               
00016a55  UART1_Init                    
00016b9b  SysTick_Handler               
00016b9d  UART_Receive                  
00016c3d  open                          
00016cdd  ST7735_InitPrintf             
00016d79  ST7735_InitR                  
00016e11  TimerG12_IntArm               
00016f2c  C$$EXIT                       
00016f2d  HOSTexit                      
00016f31  strcmp                        
00016fb9  ST7735_DrawString             
0001703d  LaunchPad_Init                
000170b9  __TI_closefile                
00017135  __TI_decompress_lzss          
000171b1  ADCinit                       
00017229  EdgeTriggered_Init            
000172a1  collides                      
00017319  SetDifficulty                 
0001738d  UpdateMyPlayer                
000173fd  HOSTlseek                     
00017469  HOSTrename                    
000174d5  getdevice                     
000175a5  HOSTopen                      
00017605  HOSTread                      
0001765d  HOSTwrite                     
000176b5  __TI_doflush                  
00017707  __aeabi_idiv0                 
00017709  UpdateDifficultyDisplay       
00017759  close                         
000177a9  GROUP1_IRQHandler             
000177f5  ADCin                         
0001783d  HOSTclose                     
00017885  HOSTunlink                    
00017915  SPI_OutCommand                
0001795d  SPI_Reset                     
0001799d  TIMG7_IRQHandler              
000179dd  __aeabi_uidiv                 
000179dd  __aeabi_uidivmod              
00017a5d  draw                          
00017a9b  _nop                          
00017a9d  __TI_auto_init_nobinit_nopinit
00017ad9  ActivatePortA_B               
00017b11  SPI_OutData                   
00017b49  Clock_Delay1ms                
00017b7d  DrawWinScreen                 
00017bb1  ST7735_SetCursor              
00017be5  ST7735_write                  
00017c19  SpawnBomb                     
00017c4d  __TI_cleanup                  
00017c81  __TI_readmsg                  
00017cb5  __TI_writemsg                 
00017ce1  C$$IO$$                       
00017ce9  exit                          
00017d1d  finddevice                    
00017d51  freopen                       
00017d85  DrawLoseScreen                
00017de5  fopen                         
00017e15  ST7735_FillScreen             
00017e41  UART1_OutChar                 
00017e6d  unlink                        
00017ec1  write                         
00017ee9  _c_int00_noargs               
00017f11  ST7735_OutString              
00017f37  UART_SendPos                  
00017f59  Random32                      
00017f79  UART1_InChar                  
00017fb9  ADC0_IRQHandler               
00017fb9  ADC1_IRQHandler               
00017fb9  AES_IRQHandler                
00017fb9  CANFD0_IRQHandler             
00017fb9  DAC0_IRQHandler               
00017fb9  DMA_IRQHandler                
00017fb9  Default_Handler               
00017fb9  GROUP0_IRQHandler             
00017fb9  I2C0_IRQHandler               
00017fb9  I2C1_IRQHandler               
00017fb9  NMI_Handler                   
00017fb9  PendSV_Handler                
00017fb9  RTC_IRQHandler                
00017fb9  SPI0_IRQHandler               
00017fb9  SPI1_IRQHandler               
00017fb9  SVC_Handler                   
00017fb9  TIMA0_IRQHandler              
00017fb9  TIMA1_IRQHandler              
00017fb9  TIMG0_IRQHandler              
00017fb9  TIMG6_IRQHandler              
00017fb9  TIMG8_IRQHandler              
00017fb9  UART0_IRQHandler              
00017fb9  UART1_IRQHandler              
00017fb9  UART2_IRQHandler              
00017fb9  UART3_IRQHandler              
00017fd5  HardFault_Handler             
00017ff1  UART_SendLose                 
00018029  Random                        
00018041  ST7735_open                   
00018057  ST7735_read                   
0001806d  __TI_zero_init_nomemset       
00018099  TI_memcpy_small               
000180ab  __TI_decompress_none          
000180bd  Clock_Delay                   
000180cd  Delay                         
000180eb  ST7735_lseek                  
00018115  TI_memset_small               
00018125  Clock_Freq                    
00018131  ST7735_rename                 
0001813d  __aeabi_memclr                
0001813d  __aeabi_memclr4               
0001813d  __aeabi_memclr8               
00018149  malloc                        
00018155  PLL_Init                      
0001815f  ST7735_close                  
00018169  ST7735_unlink                 
00018175  __aeabi_memcpy                
00018175  __aeabi_memcpy4               
00018175  __aeabi_memcpy8               
0001817d  remove                        
00018185  abort                         
0001818b  Reset_Handler                 
0001818f  _system_pre_init              
00018214  __TI_Handler_Table_Base       
00018220  __TI_Handler_Table_Limit      
00018228  __TI_CINIT_Base               
00018238  __TI_CINIT_Limit              
00018238  __TI_CINIT_Warm               
20200000  _CIOBUF_                      
20200000  __CIOBUF_                     
20200000  __start___llvm_prf_bits       
20200000  __start___llvm_prf_cnts       
20200000  __stop___llvm_prf_bits        
20200000  __stop___llvm_prf_cnts        
20200120  __TI_tmpnams                  
202001c0  amc                           
202001e8  bombs                         
20200210  sqr                           
20200238  utc                           
20200260  parmbuf                       
2020026c  PB1Pressed                    
20200270  PB4Pressed                    
20200274  TExaSLogic                    
20200278  TExaSadc                      
2020027c  mycar                         
20200280  obstacleSpeed                 
20200284  othercar                      
20200288  spawnInterval                 
2020028f  Difficulty                    
20200290  State                         
20200298  _sys_memory                   
20200498  _ftable                       
20200588  _device                       
20200600  _stream                       
20200650  __TI_cleanup_ptr              
20200654  __TI_dtors_ptr                
20200658  BusFreq                       
2020065c  M                             
20200660  StX                           
20200664  StY                           
20200668  __TI_ft_end                   
2020066c  _lock                         
20200670  _unlock                       
20200674  bombActive                    
20200678  spawnTimer                    
2020067c  StTextColor                   
20200682  SendLoseFlag                  
20200683  animFrame                     
20200685  gameReady                     
20207e00  __stack                       
20208000  __STACK_END                   
ffffffff  __TI_pprof_out_hndl           
ffffffff  __TI_prof_data_size           
ffffffff  __TI_prof_data_start          
ffffffff  __binit__                     
ffffffff  binit                         
UNDEFED   __mpu_init                    
UNDEFED   _system_post_cinit            

[212 symbols]
