******************************************************************************
            TI ARM Clang Linker PC v4.0.4                      
******************************************************************************
>> Linked Tue Apr 21 02:17:24 2026

OUTPUT FILE NAME:   <BevoKart_code.out>
ENTRY POINT SYMBOL: "_c_int00_noargs"  address: 00019995


MEMORY CONFIGURATION

         name            origin    length      used     unused   attr    fill
----------------------  --------  ---------  --------  --------  ----  --------
  FLASH                 00000000   00020000  00019cc0  00006340  R  X
  SRAM                  20200000   00008000  000008a6  0000775a  RW X
  BCR_CONFIG            41c00000   00000080  00000000  00000080  R   
  BSL_CONFIG            41c00100   00000080  00000000  00000080  R   


SEGMENT ALLOCATION MAP

run origin  load origin   length   init length attrs members
----------  ----------- ---------- ----------- ----- -------
00000000    00000000    00016d28   00016d28    r--
  00000000    00000000    000000c0   000000c0    r-- .intvecs
  000000c0    000000c0    00016c68   00016c68    r-- .rodata
00016d30    00016d30    00002f98   00002f98    r-x
  00016d30    00016d30    00002f00   00002f00    r-x .text
  00019c30    00019c30    00000098   00000098    r-- .cinit
20200000    20200000    000006ad   00000000    rw-
  20200000    20200000    000002a1   00000000    rw- .bss
  202002a8    202002a8    00000200   00000000    rw- .sysmem
  202004a8    202004a8    00000205   00000000    rw- .data
20207e00    20207e00    00000200   00000000    rw-
  20207e00    20207e00    00000200   00000000    rw- .stack


SECTION ALLOCATION MAP

 output                                  attributes/
section   page    origin      length       input sections
--------  ----  ----------  ----------   ----------------
.intvecs   0    00000000    000000c0     
                  00000000    000000c0     startup_mspm0g3507_ticlang.o (.intvecs)

.text      0    00016d30    00002f00     
                  00016d30    00000210     ST7735.o (.text.ST7735_DrawBitmap)
                  00016f40    00000200     game_main.o (.text.main)
                  00017140    000001b4     Clock.o (.text.Clock_Init80MHz)
                  000172f4    000001a8     ST7735.o (.text.ST7735_DrawChar)
                  0001749c    000001a0     game_main.o (.text.UpdateSprites)
                  0001763c    00000190     game_main.o (.text.DrawStartScreen)
                  000177cc    00000154     libc.a : fopen.c.obj (.text._openfile)
                  00017920    00000118     ST7735.o (.text.ST7735_FillRect)
                  00017a38    00000114     libc.a : memory.c.obj (.text.aligned_alloc)
                  00017b4c    000000f8     SPI.o (.text.SPI_Init)
                  00017c44    000000ec     libsysbm.a : add_device.c.obj (.text.add_device)
                  00017d30    000000e8     libc.a : memory.c.obj (.text.free)
                  00017e18    000000e0            : setvbuf.c.obj (.text.setvbuf)
                  00017ef8    000000d4     game_main.o (.text.DrawLoseScreen)
                  00017fcc    000000d4     game_main.o (.text.DrawWinScreen)
                  000180a0    000000d4     game_main.o (.text.TIMG12_IRQHandler)
                  00018174    000000d0     ST7735.o (.text.ST7735_OutChar)
                  00018244    000000c8     game_main.o (.text.graphics_init)
                  0001830c    000000ac     ST7735.o (.text.fillmessage5)
                  000183b8    000000a8     DAC.o (.text.DAC_Init)
                  00018460    000000a2     ST7735.o (.text.commandList)
                  00018502    00000002     libclang_rt.builtins.a : aeabi_div0.c.obj (.text.__aeabi_idiv0)
                  00018504    000000a0     libsysbm.a : open.c.obj (.text.open)
                  000185a4    0000009c     ST7735.o (.text.ST7735_InitPrintf)
                  00018640    00000098     EdgeTriggered.o (.text.EdgeTriggered_Init)
                  000186d8    00000098     ST7735.o (.text.ST7735_InitR)
                  00018770    00000094     Timer.o (.text.TimerG12_IntArm)
                  00018804    00000088     ADC1.o (.text.ADCinit)
                  0001888c    00000088     ST7735.o (.text.setAddrWindow)
                  00018914    0000000c     Clock.o (.text.Clock_Freq)
                  00018920    00000088     libc.a : strcmp-armv6m.S.obj (.text:strcmp)
                  000189a8    00000084     ST7735.o (.text.ST7735_DrawString)
                  00018a2c    00000084     ST7735.o (.text.ST7735_OutUDec5)
                  00018ab0    00000084     ST7735.o (.text.ST7735_OutUDec)
                  00018b34    00000080     game_main.o (.text.GROUP1_IRQHandler)
                  00018bb4    0000007c     LaunchPad.o (.text.LaunchPad_Init)
                  00018c30    0000007c     libc.a : fclose.c.obj (.text.__TI_closefile)
                  00018cac    0000007c            : copy_decompress_lzss.c.obj (.text:decompress:lzss)
                  00018d28    00000078     game_main.o (.text.collides)
                  00018da0    00000074     game_main.o (.text.SetDifficulty)
                  00018e14    0000006c     libsysbm.a : hostlseek.c.obj (.text.HOSTlseek)
                  00018e80    0000006c                : hostrename.c.obj (.text.HOSTrename)
                  00018eec    0000006c     libc.a : getdevice.c.obj (.text.getdevice)
                  00018f58    00000064     game_main.o (.text.UpdateMyPlayer)
                  00018fbc    00000064     game_main.o (.text.UpdateOtherPlayer)
                  00019020    00000064     libc.a : memory.c.obj (.text.split)
                  00019084    00000060     libsysbm.a : hostopen.c.obj (.text.HOSTopen)
                  000190e4    00000058                : hostread.c.obj (.text.HOSTread)
                  0001913c    00000058                : hostwrite.c.obj (.text.HOSTwrite)
                  00019194    00000054     ST7735.o (.text.fillmessage)
                  000191e8    00000052     libc.a : fflush.c.obj (.text.__TI_doflush)
                  0001923a    00000002            : _lock.c.obj (.text._nop)
                  0001923c    00000050     libsysbm.a : close.c.obj (.text.close)
                  0001928c    00000048     ADC1.o (.text.ADCin)
                  000192d4    00000048     libsysbm.a : hostclose.c.obj (.text.HOSTclose)
                  0001931c    00000048                : hostunlink.c.obj (.text.HOSTunlink)
                  00019364    00000048     game_main.o (.text.ReadDifficulty)
                  000193ac    00000048     SPI.o (.text.SPI_OutCommand)
                  000193f4    00000044     Sound.o (.text.SysTick_Handler)
                  00019438    00000040     SPI.o (.text.SPI_Reset)
                  00019478    00000040     TExaS.o (.text.TIMG7_IRQHandler)
                  000194b8    00000040     libclang_rt.builtins.a : aeabi_uidivmod.S.obj (.text.__aeabi_uidivmod)
                  000194f8    00000040     libc.a : fopen.c.obj (.text._search_fp)
                  00019538    0000003e     game_main.o (.text.draw)
                  00019576    00000002     --HOLE-- [fill = 0]
                  00019578    0000003c     libc.a : autoinit.c.obj (.text:__TI_auto_init_nobinit_nopinit)
                  000195b4    00000038     LaunchPad.o (.text.ActivatePortA_B)
                  000195ec    00000038     SPI.o (.text.SPI_OutData)
                  00019624    00000038     Sound.o (.text.SysTick_IntArm)
                  0001965c    00000034     Clock.o (.text.Clock_Delay1ms)
                  00019690    00000034     ST7735.o (.text.ST7735_SetCursor)
                  000196c4    00000034     ST7735.o (.text.ST7735_write)
                  000196f8    00000034     game_main.o (.text.SpawnBomb)
                  0001972c    00000034     libc.a : fopen.c.obj (.text.__TI_cleanup)
                  00019760    00000034     libsysbm.a : trgmsg.c.obj (.text.__TI_readmsg)
                  00019794    00000034                : trgmsg.c.obj (.text.__TI_writemsg)
                  000197c8    00000034     libc.a : exit.c.obj (.text.exit)
                  000197fc    00000034            : getdevice.c.obj (.text.finddevice)
                  00019830    00000034            : fopen.c.obj (.text.freopen)
                  00019864    00000030     ST7735.o (.text.commonInit)
                  00019894    00000030     libc.a : fopen.c.obj (.text.fopen)
                  000198c4    0000002c     ST7735.o (.text.ST7735_FillScreen)
                  000198f0    0000002c     libsysbm.a : unlink.c.obj (.text.unlink)
                  0001991c    00000028     Sound.o (.text.Sound_Init)
                  00019944    00000028     libc.a : memory.c.obj (.text.free_list_insert)
                  0001996c    00000028     libsysbm.a : write.c.obj (.text.write)
                  00019994    00000028     libc.a : boot_cortex_m.c.obj (.text:_c_int00_noargs)
                  000199bc    00000026     ST7735.o (.text.ST7735_OutString)
                  000199e2    00000002     --HOLE-- [fill = 0]
                  000199e4    00000020     game_main.o (.text.Random32)
                  00019a04    00000020     Sound.o (.text.Sound_Start)
                  00019a24    0000001e     ST7735.o (.text.pushColor)
                  00019a42    00000002     --HOLE-- [fill = 0]
                  00019a44    0000001c     startup_mspm0g3507_ticlang.o (.text.Default_Handler)
                  00019a60    0000001c     startup_mspm0g3507_ticlang.o (.text.HardFault_Handler)
                  00019a7c    0000001c     libc.a : memory.c.obj (.text.free_list_remove)
                  00019a98    00000018     game_main.o (.text.Random)
                  00019ab0    00000016     ST7735.o (.text.ST7735_open)
                  00019ac6    00000016     ST7735.o (.text.ST7735_read)
                  00019adc    00000016     libc.a : copy_zero_init.c.obj (.text:decompress:ZI:__TI_zero_init_nomemset)
                  00019af2    00000002     --HOLE-- [fill = 0]
                  00019af4    00000014     DAC.o (.text.DAC_Out)
                  00019b08    00000014     Sound.o (.text.Sound_Bomb)
                  00019b1c    00000014     Sound.o (.text.Sound_SquirrelDeath)
                  00019b30    00000012     libc.a : memcpy16.S.obj (.text:TI_memcpy_small)
                  00019b42    00000012            : copy_decompress_none.c.obj (.text:decompress:none)
                  00019b54    00000010     Clock.o (.text.Clock_Delay)
                  00019b64    00000010     LaunchPad.o (.text.Delay)
                  00019b74    0000000e     libc.a : memory.c.obj (.text.OUTLINED_FUNCTION_0)
                  00019b82    0000000e     ST7735.o (.text.ST7735_lseek)
                  00019b90    0000000e     libsysbm.a : hostrename.c.obj (.text.strcpy)
                  00019b9e    0000000e                : hostrename.c.obj (.text.strlen)
                  00019bac    0000000e     libc.a : memset16.S.obj (.text:TI_memset_small)
                  00019bba    0000000c     ST7735.o (.text.ST7735_rename)
                  00019bc6    00000002     --HOLE-- [fill = 0]
                  00019bc8    0000000c     libclang_rt.builtins.a : aeabi_memset.S.obj (.text.__aeabi_memclr)
                  00019bd4    0000000c     libc.a : memory.c.obj (.text.malloc)
                  00019be0    0000000a     game_main.o (.text.PLL_Init)
                  00019bea    0000000a     ST7735.o (.text.ST7735_close)
                  00019bf4    0000000a     ST7735.o (.text.ST7735_unlink)
                  00019bfe    00000002     --HOLE-- [fill = 0]
                  00019c00    00000008     libclang_rt.builtins.a : aeabi_memcpy.S.obj (.text.__aeabi_memcpy)
                  00019c08    00000008     libsysbm.a : remove.c.obj (.text.remove)
                  00019c10    00000006     libc.a : exit.c.obj (.text:abort)
                  00019c16    00000004     libsysbm.a : hostexit.c.obj (.text.HOSTexit)
                  00019c1a    00000004     startup_mspm0g3507_ticlang.o (.text.Reset_Handler)
                  00019c1e    00000004     libc.a : pre_init.c.obj (.text._system_pre_init)
                  00019c22    0000000e     --HOLE-- [fill = 0]

.cinit     0    00019c30    00000098     
                  00019c30    00000071     (.cinit..data.load) [load image, compression = lzss]
                  00019ca1    00000003     --HOLE-- [fill = 0]
                  00019ca4    0000000c     (__TI_handler_table)
                  00019cb0    00000008     (.cinit..bss.load) [load image, compression = zero_init]
                  00019cb8    00000010     (__TI_cinit_table)

.rodata    0    000000c0    00016c68     
                  000000c0    0000a000     game_main.o (.rodata.track_1)
                  0000a0c0    0000a000     game_main.o (.rodata.track_2)
                  000140c0    00000d31     Sound.o (.rodata.invaderkilled)
                  00014df1    000007d0     Sound.o (.rodata.explosion)
                  000155c1    000004fb     ST7735.o (.rodata.Font)
                  00015abc    0000032a     game_main.o (.rodata.am_car1)
                  00015de6    0000032a     game_main.o (.rodata.am_car2)
                  00016110    0000032a     game_main.o (.rodata.ut_car1)
                  0001643a    0000032a     game_main.o (.rodata.ut_car2)
                  00016764    00000190     game_main.o (.rodata.sq_r1)
                  000168f4    00000190     game_main.o (.rodata.sq_r2)
                  00016a84    000000f0     game_main.o (.rodata.bomb)
                  00016b74    0000003b     ST7735.o (.rodata.Rcmd1)
                  00016baf    0000002b     ST7735.o (.rodata.Rcmd3)
                  00016bda    00000016     ST7735.o (.rodata.str1.2132471336006292093.1)
                  00016bf0    00000013     game_main.o (.rodata.str1.17481542881734601277.1)
                  00016c03    00000012     game_main.o (.rodata.str1.11985164516097659737.1)
                  00016c15    00000011     game_main.o (.rodata.str1.845026804953235778.1)
                  00016c26    00000010     game_main.o (.rodata.str1.2179347622241752808.1)
                  00016c36    0000000f     game_main.o (.rodata.str1.5852278260567127355.1)
                  00016c45    0000000e     game_main.o (.rodata.str1.13460616082421214018.1)
                  00016c53    0000000d     ST7735.o (.rodata.Rcmd2green)
                  00016c60    0000000d     ST7735.o (.rodata.Rcmd2red)
                  00016c6d    0000000c     game_main.o (.rodata.str1.3712135783545908215.1)
                  00016c79    0000000c     game_main.o (.rodata.str1.3733555913127675906.1)
                  00016c85    0000000c     game_main.o (.rodata.str1.8390502040225595351.1)
                  00016c91    0000000c     game_main.o (.rodata.str1.8918794325470628196.1)
                  00016c9d    0000000b     game_main.o (.rodata.str1.11572486565876923915.1)
                  00016ca8    0000000b     game_main.o (.rodata.str1.14580305330962606267.1)
                  00016cb3    0000000b     game_main.o (.rodata.str1.8980160562375963367.1)
                  00016cbe    0000000a     game_main.o (.rodata.str1.2990079442873818005.1)
                  00016cc8    0000000a     game_main.o (.rodata.str1.5032749084693674288.1)
                  00016cd2    0000000a     game_main.o (.rodata.str1.7436938127005546775.1)
                  00016cdc    00000009     game_main.o (.rodata.str1.16486826705469194441.1)
                  00016ce5    00000009     game_main.o (.rodata.str1.17510318040728765046.1)
                  00016cee    00000009     game_main.o (.rodata.str1.3809878905384475929.1)
                  00016cf7    00000009     game_main.o (.rodata.str1.5138125937738982744.1)
                  00016d00    00000008     ST7735.o (.rodata.str1.14694424544768695619.1)
                  00016d08    00000008     game_main.o (.rodata.str1.2608741220678797268.1)
                  00016d10    00000007     game_main.o (.rodata.str1.13288269404348788524.1)
                  00016d17    00000007     ST7735.o (.rodata.str1.1448485181700679404.1)
                  00016d1e    00000005     game_main.o (.rodata.str1.12675708507062136371.1)
                  00016d23    00000002     ST7735.o (.rodata.str1.4408429423603725162.1)
                  00016d25    00000003     --HOLE-- [fill = 0]

.init_array 
*          0    00000000    00000000     UNINITIALIZED

.binit     0    00000000    00000000     

.bss       0    20200000    000002a1     UNINITIALIZED
                  20200000    00000120     libsysbm.a : trgmsg.c.obj (.bss:_CIOBUF_)
                  20200120    000000a0     libc.a : defs.c.obj (.bss.__TI_tmpnams)
                  202001c0    00000028     (.common:amc)
                  202001e8    00000028     (.common:bombs)
                  20200210    00000028     (.common:sqr)
                  20200238    00000028     (.common:utc)
                  20200260    0000000c     (.common:Message)
                  2020026c    00000008     libsysbm.a : hostopen.c.obj (.bss.parmbuf)
                  20200274    00000004     libc.a : memory.c.obj (.bss.sys_free)
                  20200278    00000004     (.common:Messageindex)
                  2020027c    00000004     (.common:PB12Pressed)
                  20200280    00000004     (.common:PB17Pressed)
                  20200284    00000004     (.common:PB1Pressed)
                  20200288    00000004     (.common:PB4Pressed)
                  2020028c    00000004     (.common:TExaSLogic)
                  20200290    00000004     (.common:TExaSadc)
                  20200294    00000004     (.common:obstacleSpeed)
                  20200298    00000004     (.common:spawnInterval)
                  2020029c    00000001     ST7735.o (.bss.ColStart)
                  2020029d    00000001     ST7735.o (.bss.RowStart)
                  2020029e    00000001     ST7735.o (.bss.TabColor)
                  2020029f    00000001     (.common:Difficulty)
                  202002a0    00000001     (.common:State)

.sysmem    0    202002a8    00000200     UNINITIALIZED
                  202002a8    00000010     libc.a : memory.c.obj (.sysmem)
                  202002b8    000001f0     --HOLE--

.data      0    202004a8    00000205     UNINITIALIZED
                  202004a8    000000f0     libc.a : defs.c.obj (.data._ftable)
                  20200598    00000078     libsysbm.a : host_device.c.obj (.data._device)
                  20200610    00000050                : host_device.c.obj (.data._stream)
                  20200660    00000008     libc.a : exit.c.obj (.data..L_MergedGlobals)
                  20200668    00000004     Clock.o (.data.BusFreq)
                  2020066c    00000004     game_main.o (.data.M)
                  20200670    00000004     Sound.o (.data.SoundCount)
                  20200674    00000004     Sound.o (.data.SoundPt)
                  20200678    00000004     ST7735.o (.data.StX)
                  2020067c    00000004     ST7735.o (.data.StY)
                  20200680    00000004     libc.a : defs.c.obj (.data.__TI_ft_end)
                  20200684    00000004            : _lock.c.obj (.data._lock)
                  20200688    00000004            : _lock.c.obj (.data._unlock)
                  2020068c    00000004     game_main.o (.data.bombActive)
                  20200690    00000004     game_main.o (.data.score)
                  20200694    00000004     game_main.o (.data.spawnTimer)
                  20200698    00000002     ST7735.o (.data.StTextColor)
                  2020069a    00000002     ST7735.o (.data._height)
                  2020069c    00000002     ST7735.o (.data._width)
                  2020069e    00000001     game_main.o (.data.DrawLoseScreen.bgFrame)
                  2020069f    00000001     game_main.o (.data.DrawStartScreen.bgFrame)
                  202006a0    00000001     game_main.o (.data.DrawWinScreen.bgFrame)
                  202006a1    00000001     game_main.o (.data.Language)
                  202006a2    00000001     game_main.o (.data.animFrame)
                  202006a3    00000001     game_main.o (.data.gameReady)
                  202006a4    00000001     libsysbm.a : add_device.c.obj (.data.add_device.device_init)
                  202006a5    00000003     --HOLE--
                  202006a8    00000001     libc.a : memory.c.obj (.data.memory_is_initialized)
                  202006a9    00000003     --HOLE--
                  202006ac    00000001     libsysbm.a : open.c.obj (.data.open.stream_init)

.stack     0    20207e00    00000200     UNINITIALIZED
                  20207e00    00000004     libc.a : boot_cortex_m.c.obj (.stack)
                  20207e04    000001fc     --HOLE--

__llvm_prf_cnts 
*          0    20200000    00000000     UNINITIALIZED

__llvm_prf_bits 
*          0    20200000    00000000     UNINITIALIZED

MODULE SUMMARY

       Module                         code    ro data   rw data
       ------                         ----    -------   -------
    .\
       game_main.o                    2980    86466     208    
       Sound.o                        236     5377      8      
       ST7735.o                       3052    1442      33     
       Clock.o                        516     0         4      
       SPI.o                          440     0         0      
       ADC1.o                         208     0         0      
       LaunchPad.o                    196     0         0      
       DAC.o                          188     0         0      
       EdgeTriggered.o                152     0         0      
       Timer.o                        148     0         0      
       TExaS.o                        64      0         8      
    +--+------------------------------+-------+---------+---------+
       Total:                         8180    93285     261    
                                                               
    .\ticlang\
       startup_mspm0g3507_ticlang.o   60      192       0      
    +--+------------------------------+-------+---------+---------+
       Total:                         60      192       0      
                                                               
    C:\ti\ccs2040\ccs\tools\compiler\ti-cgt-armllvm_4.0.4.LTS\lib\armv6m-ti-none-eabi/c/libc.a
       memory.c.obj                   702     0         5      
       fopen.c.obj                    556     0         0      
       defs.c.obj                     0       0         404    
       setvbuf.c.obj                  224     0         0      
       getdevice.c.obj                160     0         0      
       strcmp-armv6m.S.obj            136     0         0      
       copy_decompress_lzss.c.obj     124     0         0      
       fclose.c.obj                   124     0         0      
       fflush.c.obj                   82      0         0      
       exit.c.obj                     58      0         8      
       autoinit.c.obj                 60      0         0      
       boot_cortex_m.c.obj            40      0         0      
       copy_zero_init.c.obj           22      0         0      
       copy_decompress_none.c.obj     18      0         0      
       memcpy16.S.obj                 18      0         0      
       memset16.S.obj                 14      0         0      
       _lock.c.obj                    2       0         8      
       pre_init.c.obj                 4       0         0      
    +--+------------------------------+-------+---------+---------+
       Total:                         2344    0         425    
                                                               
    C:\ti\ccs2040\ccs\tools\compiler\ti-cgt-armllvm_4.0.4.LTS\lib\armv6m-ti-none-eabi/c/libsysbm.a
       trgmsg.c.obj                   104     0         288    
       add_device.c.obj               236     0         1      
       host_device.c.obj              0       0         200    
       open.c.obj                     160     0         1      
       hostrename.c.obj               136     0         0      
       hostlseek.c.obj                108     0         0      
       hostopen.c.obj                 96      0         8      
       hostread.c.obj                 88      0         0      
       hostwrite.c.obj                88      0         0      
       close.c.obj                    80      0         0      
       hostclose.c.obj                72      0         0      
       hostunlink.c.obj               72      0         0      
       unlink.c.obj                   44      0         0      
       write.c.obj                    40      0         0      
       remove.c.obj                   8       0         0      
       hostexit.c.obj                 4       0         0      
    +--+------------------------------+-------+---------+---------+
       Total:                         1336    0         498    
                                                               
    C:\ti\ccs2040\ccs\tools\compiler\ti-cgt-armllvm_4.0.4.LTS\lib\armv6m-ti-none-eabi/libclang_rt.builtins.a
       aeabi_uidivmod.S.obj           64      0         0      
       aeabi_memset.S.obj             12      0         0      
       aeabi_memcpy.S.obj             8       0         0      
       aeabi_div0.c.obj               2       0         0      
    +--+------------------------------+-------+---------+---------+
       Total:                         86      0         0      
                                                               
       Heap:                          0       0         512    
       Stack:                         0       0         512    
       Linker Generated:              0       149       0      
    +--+------------------------------+-------+---------+---------+
       Grand Total:                   12006   93626     2208   


LINKER GENERATED COPY TABLES

__TI_cinit_table @ 00019cb8 records: 2, size/record: 8, table size: 16
	.data: load addr=00019c30, load size=00000071 bytes, run addr=202004a8, run size=00000205 bytes, compression=lzss
	.bss: load addr=00019cb0, load size=00000008 bytes, run addr=20200000, run size=000002a1 bytes, compression=zero_init


LINKER GENERATED HANDLER TABLE

__TI_handler_table @ 00019ca4 records: 3, size/record: 4, table size: 12
	index: 0, handler: __TI_decompress_lzss
	index: 1, handler: __TI_decompress_none
	index: 2, handler: __TI_zero_init


GLOBAL SYMBOLS: SORTED ALPHABETICALLY BY Name 

address   name                          
-------   ----                          
00019a45  ADC0_IRQHandler               
00019a45  ADC1_IRQHandler               
0001928d  ADCin                         
00018805  ADCinit                       
00019a45  AES_IRQHandler                
000195b5  ActivatePortA_B               
20200668  BusFreq                       
00019c16  C$$EXIT                       
000197c1  C$$IO$$                       
00019a45  CANFD0_IRQHandler             
00019b55  Clock_Delay                   
0001965d  Clock_Delay1ms                
00018915  Clock_Freq                    
00017141  Clock_Init80MHz               
00019a45  DAC0_IRQHandler               
000183b9  DAC_Init                      
00019af5  DAC_Out                       
00019a45  DMA_IRQHandler                
00019a45  Default_Handler               
00019b65  Delay                         
2020029f  Difficulty                    
00017ef9  DrawLoseScreen                
0001763d  DrawStartScreen               
00017fcd  DrawWinScreen                 
00018641  EdgeTriggered_Init            
00019a45  GROUP0_IRQHandler             
00018b35  GROUP1_IRQHandler             
000192d5  HOSTclose                     
00019c17  HOSTexit                      
00018e15  HOSTlseek                     
00019085  HOSTopen                      
000190e5  HOSTread                      
00018e81  HOSTrename                    
0001931d  HOSTunlink                    
0001913d  HOSTwrite                     
00019a61  HardFault_Handler             
00019a45  I2C0_IRQHandler               
00019a45  I2C1_IRQHandler               
202006a1  Language                      
00018bb5  LaunchPad_Init                
2020066c  M                             
20200260  Message                       
20200278  Messageindex                  
00019a45  NMI_Handler                   
2020027c  PB12Pressed                   
20200280  PB17Pressed                   
20200284  PB1Pressed                    
20200288  PB4Pressed                    
00019be1  PLL_Init                      
00019a45  PendSV_Handler                
00019a45  RTC_IRQHandler                
00019a99  Random                        
000199e5  Random32                      
00019c1b  Reset_Handler                 
00019a45  SPI0_IRQHandler               
00019a45  SPI1_IRQHandler               
00017b4d  SPI_Init                      
000193ad  SPI_OutCommand                
000195ed  SPI_OutData                   
00019439  SPI_Reset                     
00016d31  ST7735_DrawBitmap             
000172f5  ST7735_DrawChar               
000189a9  ST7735_DrawString             
00017921  ST7735_FillRect               
000198c5  ST7735_FillScreen             
000185a5  ST7735_InitPrintf             
000186d9  ST7735_InitR                  
00018175  ST7735_OutChar                
000199bd  ST7735_OutString              
00018ab1  ST7735_OutUDec                
00018a2d  ST7735_OutUDec5               
00019691  ST7735_SetCursor              
00019beb  ST7735_close                  
00019b83  ST7735_lseek                  
00019ab1  ST7735_open                   
00019ac7  ST7735_read                   
00019bbb  ST7735_rename                 
00019bf5  ST7735_unlink                 
000196c5  ST7735_write                  
00019a45  SVC_Handler                   
00018da1  SetDifficulty                 
00019b09  Sound_Bomb                    
0001991d  Sound_Init                    
00019b1d  Sound_SquirrelDeath           
00019a05  Sound_Start                   
000196f9  SpawnBomb                     
20200698  StTextColor                   
20200678  StX                           
2020067c  StY                           
202002a0  State                         
000193f5  SysTick_Handler               
00019625  SysTick_IntArm                
2020028c  TExaSLogic                    
20200290  TExaSadc                      
00019a45  TIMA0_IRQHandler              
00019a45  TIMA1_IRQHandler              
00019a45  TIMG0_IRQHandler              
000180a1  TIMG12_IRQHandler             
00019a45  TIMG6_IRQHandler              
00019479  TIMG7_IRQHandler              
00019a45  TIMG8_IRQHandler              
00019b31  TI_memcpy_small               
00019bad  TI_memset_small               
00018771  TimerG12_IntArm               
00019a45  UART0_IRQHandler              
00019a45  UART1_IRQHandler              
00019a45  UART2_IRQHandler              
00019a45  UART3_IRQHandler              
00018f59  UpdateMyPlayer                
00018fbd  UpdateOtherPlayer             
0001749d  UpdateSprites                 
20200000  _CIOBUF_                      
20200000  __CIOBUF_                     
20208000  __STACK_END                   
00000200  __STACK_SIZE                  
00000200  __SYSMEM_SIZE                 
00000000  __TI_ATRegion0_region_sz      
00000000  __TI_ATRegion0_src_addr       
00000000  __TI_ATRegion0_trg_addr       
00000000  __TI_ATRegion1_region_sz      
00000000  __TI_ATRegion1_src_addr       
00000000  __TI_ATRegion1_trg_addr       
00000000  __TI_ATRegion2_region_sz      
00000000  __TI_ATRegion2_src_addr       
00000000  __TI_ATRegion2_trg_addr       
00019cb8  __TI_CINIT_Base               
00019cc8  __TI_CINIT_Limit              
00019cc8  __TI_CINIT_Warm               
00019ca4  __TI_Handler_Table_Base       
00019cb0  __TI_Handler_Table_Limit      
00019579  __TI_auto_init_nobinit_nopinit
0001972d  __TI_cleanup                  
20200660  __TI_cleanup_ptr              
00018c31  __TI_closefile                
00018cad  __TI_decompress_lzss          
00019b43  __TI_decompress_none          
000191e9  __TI_doflush                  
20200664  __TI_dtors_ptr                
20200680  __TI_ft_end                   
ffffffff  __TI_pprof_out_hndl           
ffffffff  __TI_prof_data_size           
ffffffff  __TI_prof_data_start          
00019761  __TI_readmsg                  
00000000  __TI_static_base__            
20200120  __TI_tmpnams                  
00019795  __TI_writemsg                 
00019add  __TI_zero_init_nomemset       
00018503  __aeabi_idiv0                 
00019bc9  __aeabi_memclr                
00019bc9  __aeabi_memclr4               
00019bc9  __aeabi_memclr8               
00019c01  __aeabi_memcpy                
00019c01  __aeabi_memcpy4               
00019c01  __aeabi_memcpy8               
000194b9  __aeabi_uidiv                 
000194b9  __aeabi_uidivmod              
ffffffff  __binit__                     
UNDEFED   __mpu_init                    
20207e00  __stack                       
20200000  __start___llvm_prf_bits       
20200000  __start___llvm_prf_cnts       
20200000  __stop___llvm_prf_bits        
20200000  __stop___llvm_prf_cnts        
00019995  _c_int00_noargs               
20200598  _device                       
202004a8  _ftable                       
20200684  _lock                         
0001923b  _nop                          
20200610  _stream                       
202002a8  _sys_memory                   
UNDEFED   _system_post_cinit            
00019c1f  _system_pre_init              
20200688  _unlock                       
00019c11  abort                         
00017c45  add_device                    
00017a39  aligned_alloc                 
00015abc  am_car1                       
00015de6  am_car2                       
202001c0  amc                           
202006a2  animFrame                     
ffffffff  binit                         
00016a84  bomb                          
2020068c  bombActive                    
202001e8  bombs                         
0001923d  close                         
00018d29  collides                      
00019539  draw                          
000197c9  exit                          
00014df1  explosion                     
00019195  fillmessage                   
0001830d  fillmessage5                  
000197fd  finddevice                    
00019895  fopen                         
00017d31  free                          
00019831  freopen                       
202006a3  gameReady                     
00018eed  getdevice                     
00018245  graphics_init                 
00000000  interruptVectors              
000140c0  invaderkilled                 
00016f41  main                          
00019bd5  malloc                        
00017a39  memalign                      
20200294  obstacleSpeed                 
00018505  open                          
2020026c  parmbuf                       
00019c09  remove                        
20200690  score                         
00017e19  setvbuf                       
20200298  spawnInterval                 
20200694  spawnTimer                    
00016764  sq_r1                         
000168f4  sq_r2                         
20200210  sqr                           
00018921  strcmp                        
000000c0  track_1                       
0000a0c0  track_2                       
000198f1  unlink                        
00016110  ut_car1                       
0001643a  ut_car2                       
20200238  utc                           
0001996d  write                         


GLOBAL SYMBOLS: SORTED BY Symbol Address 

address   name                          
-------   ----                          
00000000  __TI_ATRegion0_region_sz      
00000000  __TI_ATRegion0_src_addr       
00000000  __TI_ATRegion0_trg_addr       
00000000  __TI_ATRegion1_region_sz      
00000000  __TI_ATRegion1_src_addr       
00000000  __TI_ATRegion1_trg_addr       
00000000  __TI_ATRegion2_region_sz      
00000000  __TI_ATRegion2_src_addr       
00000000  __TI_ATRegion2_trg_addr       
00000000  __TI_static_base__            
00000000  interruptVectors              
000000c0  track_1                       
00000200  __STACK_SIZE                  
00000200  __SYSMEM_SIZE                 
0000a0c0  track_2                       
000140c0  invaderkilled                 
00014df1  explosion                     
00015abc  am_car1                       
00015de6  am_car2                       
00016110  ut_car1                       
0001643a  ut_car2                       
00016764  sq_r1                         
000168f4  sq_r2                         
00016a84  bomb                          
00016d31  ST7735_DrawBitmap             
00016f41  main                          
00017141  Clock_Init80MHz               
000172f5  ST7735_DrawChar               
0001749d  UpdateSprites                 
0001763d  DrawStartScreen               
00017921  ST7735_FillRect               
00017a39  aligned_alloc                 
00017a39  memalign                      
00017b4d  SPI_Init                      
00017c45  add_device                    
00017d31  free                          
00017e19  setvbuf                       
00017ef9  DrawLoseScreen                
00017fcd  DrawWinScreen                 
000180a1  TIMG12_IRQHandler             
00018175  ST7735_OutChar                
00018245  graphics_init                 
0001830d  fillmessage5                  
000183b9  DAC_Init                      
00018503  __aeabi_idiv0                 
00018505  open                          
000185a5  ST7735_InitPrintf             
00018641  EdgeTriggered_Init            
000186d9  ST7735_InitR                  
00018771  TimerG12_IntArm               
00018805  ADCinit                       
00018915  Clock_Freq                    
00018921  strcmp                        
000189a9  ST7735_DrawString             
00018a2d  ST7735_OutUDec5               
00018ab1  ST7735_OutUDec                
00018b35  GROUP1_IRQHandler             
00018bb5  LaunchPad_Init                
00018c31  __TI_closefile                
00018cad  __TI_decompress_lzss          
00018d29  collides                      
00018da1  SetDifficulty                 
00018e15  HOSTlseek                     
00018e81  HOSTrename                    
00018eed  getdevice                     
00018f59  UpdateMyPlayer                
00018fbd  UpdateOtherPlayer             
00019085  HOSTopen                      
000190e5  HOSTread                      
0001913d  HOSTwrite                     
00019195  fillmessage                   
000191e9  __TI_doflush                  
0001923b  _nop                          
0001923d  close                         
0001928d  ADCin                         
000192d5  HOSTclose                     
0001931d  HOSTunlink                    
000193ad  SPI_OutCommand                
000193f5  SysTick_Handler               
00019439  SPI_Reset                     
00019479  TIMG7_IRQHandler              
000194b9  __aeabi_uidiv                 
000194b9  __aeabi_uidivmod              
00019539  draw                          
00019579  __TI_auto_init_nobinit_nopinit
000195b5  ActivatePortA_B               
000195ed  SPI_OutData                   
00019625  SysTick_IntArm                
0001965d  Clock_Delay1ms                
00019691  ST7735_SetCursor              
000196c5  ST7735_write                  
000196f9  SpawnBomb                     
0001972d  __TI_cleanup                  
00019761  __TI_readmsg                  
00019795  __TI_writemsg                 
000197c1  C$$IO$$                       
000197c9  exit                          
000197fd  finddevice                    
00019831  freopen                       
00019895  fopen                         
000198c5  ST7735_FillScreen             
000198f1  unlink                        
0001991d  Sound_Init                    
0001996d  write                         
00019995  _c_int00_noargs               
000199bd  ST7735_OutString              
000199e5  Random32                      
00019a05  Sound_Start                   
00019a45  ADC0_IRQHandler               
00019a45  ADC1_IRQHandler               
00019a45  AES_IRQHandler                
00019a45  CANFD0_IRQHandler             
00019a45  DAC0_IRQHandler               
00019a45  DMA_IRQHandler                
00019a45  Default_Handler               
00019a45  GROUP0_IRQHandler             
00019a45  I2C0_IRQHandler               
00019a45  I2C1_IRQHandler               
00019a45  NMI_Handler                   
00019a45  PendSV_Handler                
00019a45  RTC_IRQHandler                
00019a45  SPI0_IRQHandler               
00019a45  SPI1_IRQHandler               
00019a45  SVC_Handler                   
00019a45  TIMA0_IRQHandler              
00019a45  TIMA1_IRQHandler              
00019a45  TIMG0_IRQHandler              
00019a45  TIMG6_IRQHandler              
00019a45  TIMG8_IRQHandler              
00019a45  UART0_IRQHandler              
00019a45  UART1_IRQHandler              
00019a45  UART2_IRQHandler              
00019a45  UART3_IRQHandler              
00019a61  HardFault_Handler             
00019a99  Random                        
00019ab1  ST7735_open                   
00019ac7  ST7735_read                   
00019add  __TI_zero_init_nomemset       
00019af5  DAC_Out                       
00019b09  Sound_Bomb                    
00019b1d  Sound_SquirrelDeath           
00019b31  TI_memcpy_small               
00019b43  __TI_decompress_none          
00019b55  Clock_Delay                   
00019b65  Delay                         
00019b83  ST7735_lseek                  
00019bad  TI_memset_small               
00019bbb  ST7735_rename                 
00019bc9  __aeabi_memclr                
00019bc9  __aeabi_memclr4               
00019bc9  __aeabi_memclr8               
00019bd5  malloc                        
00019be1  PLL_Init                      
00019beb  ST7735_close                  
00019bf5  ST7735_unlink                 
00019c01  __aeabi_memcpy                
00019c01  __aeabi_memcpy4               
00019c01  __aeabi_memcpy8               
00019c09  remove                        
00019c11  abort                         
00019c16  C$$EXIT                       
00019c17  HOSTexit                      
00019c1b  Reset_Handler                 
00019c1f  _system_pre_init              
00019ca4  __TI_Handler_Table_Base       
00019cb0  __TI_Handler_Table_Limit      
00019cb8  __TI_CINIT_Base               
00019cc8  __TI_CINIT_Limit              
00019cc8  __TI_CINIT_Warm               
20200000  _CIOBUF_                      
20200000  __CIOBUF_                     
20200000  __start___llvm_prf_bits       
20200000  __start___llvm_prf_cnts       
20200000  __stop___llvm_prf_bits        
20200000  __stop___llvm_prf_cnts        
20200120  __TI_tmpnams                  
202001c0  amc                           
202001e8  bombs                         
20200210  sqr                           
20200238  utc                           
20200260  Message                       
2020026c  parmbuf                       
20200278  Messageindex                  
2020027c  PB12Pressed                   
20200280  PB17Pressed                   
20200284  PB1Pressed                    
20200288  PB4Pressed                    
2020028c  TExaSLogic                    
20200290  TExaSadc                      
20200294  obstacleSpeed                 
20200298  spawnInterval                 
2020029f  Difficulty                    
202002a0  State                         
202002a8  _sys_memory                   
202004a8  _ftable                       
20200598  _device                       
20200610  _stream                       
20200660  __TI_cleanup_ptr              
20200664  __TI_dtors_ptr                
20200668  BusFreq                       
2020066c  M                             
20200678  StX                           
2020067c  StY                           
20200680  __TI_ft_end                   
20200684  _lock                         
20200688  _unlock                       
2020068c  bombActive                    
20200690  score                         
20200694  spawnTimer                    
20200698  StTextColor                   
202006a1  Language                      
202006a2  animFrame                     
202006a3  gameReady                     
20207e00  __stack                       
20208000  __STACK_END                   
ffffffff  __TI_pprof_out_hndl           
ffffffff  __TI_prof_data_size           
ffffffff  __TI_prof_data_start          
ffffffff  __binit__                     
ffffffff  binit                         
UNDEFED   __mpu_init                    
UNDEFED   _system_post_cinit            

[222 symbols]
