<?xml version="1.0" encoding="ISO-8859-1" ?>
<link_info>
   <banner>TI ARM Clang Linker PC v4.0.4.LTS</banner>
   <copyright>Copyright (c) 1996-2018 Texas Instruments Incorporated</copyright>
   <command_line>C:\ti\ccs2040\ccs\tools\compiler\ti-cgt-armllvm_4.0.4.LTS\bin\tiarmlnk -IC:\ti\ccs2040\ccs\tools\compiler\ti-cgt-armllvm_4.0.4.LTS\lib -o BevoKart_code.out -mBevoKart_code.map --heap_size=512 --stack_size=512 -iC:/BevoKart/BevoKart_code/Debug/syscfg -iC:/ti/ccs2040/ccs/tools/compiler/ti-cgt-armllvm_4.0.4.LTS/lib --diag_wrap=off --display_error_number --warn_sections --xml_link_info=BevoKart_code_linkInfo.xml --rom_model ./ADC1.o ./Arabic.o ./Clock.o ./DAC.o ./DAC5.o ./EdgeTriggered.o ./LED.o ./LaunchPad.o ./SPI.o ./ST7735.o ./SmallFont.o ./Sound.o ./Switch.o ./TExaS.o ./Timer.o ./game_main.o ./images/pipedreams/PipeSound.o ./ticlang/startup_mspm0g3507_ticlang.o ../mspm0g3507.cmd -lC:/ti/mspm0_sdk_2_09_00_01/source/ti/driverlib/lib/ticlang/m0p/mspm0g1x0x_g3x0x/driverlib.a -llibc.a --start-group -llibc++.a -llibc++abi.a -llibc.a -llibsys.a -llibsysbm.a -llibclang_rt.builtins.a -llibclang_rt.profile.a --end-group --cg_opt_level=0</command_line>
   <link_time>0x69e6e423</link_time>
   <link_errors>0x0</link_errors>
   <output_file>C:\BevoKart\BevoKart_code\Debug\BevoKart_code.out</output_file>
   <entry_point>
      <name>_c_int00_noargs</name>
      <address>0x19a49</address>
   </entry_point>
   <input_file_list>
      <input_file id="fl-1">
         <path>C:\BevoKart\BevoKart_code\Debug\.\</path>
         <kind>object</kind>
         <file>ADC1.o</file>
         <name>ADC1.o</name>
      </input_file>
      <input_file id="fl-2">
         <path>C:\BevoKart\BevoKart_code\Debug\.\</path>
         <kind>object</kind>
         <file>Arabic.o</file>
         <name>Arabic.o</name>
      </input_file>
      <input_file id="fl-3">
         <path>C:\BevoKart\BevoKart_code\Debug\.\</path>
         <kind>object</kind>
         <file>Clock.o</file>
         <name>Clock.o</name>
      </input_file>
      <input_file id="fl-4">
         <path>C:\BevoKart\BevoKart_code\Debug\.\</path>
         <kind>object</kind>
         <file>DAC.o</file>
         <name>DAC.o</name>
      </input_file>
      <input_file id="fl-5">
         <path>C:\BevoKart\BevoKart_code\Debug\.\</path>
         <kind>object</kind>
         <file>DAC5.o</file>
         <name>DAC5.o</name>
      </input_file>
      <input_file id="fl-6">
         <path>C:\BevoKart\BevoKart_code\Debug\.\</path>
         <kind>object</kind>
         <file>EdgeTriggered.o</file>
         <name>EdgeTriggered.o</name>
      </input_file>
      <input_file id="fl-7">
         <path>C:\BevoKart\BevoKart_code\Debug\.\</path>
         <kind>object</kind>
         <file>LED.o</file>
         <name>LED.o</name>
      </input_file>
      <input_file id="fl-8">
         <path>C:\BevoKart\BevoKart_code\Debug\.\</path>
         <kind>object</kind>
         <file>LaunchPad.o</file>
         <name>LaunchPad.o</name>
      </input_file>
      <input_file id="fl-9">
         <path>C:\BevoKart\BevoKart_code\Debug\.\</path>
         <kind>object</kind>
         <file>SPI.o</file>
         <name>SPI.o</name>
      </input_file>
      <input_file id="fl-a">
         <path>C:\BevoKart\BevoKart_code\Debug\.\</path>
         <kind>object</kind>
         <file>ST7735.o</file>
         <name>ST7735.o</name>
      </input_file>
      <input_file id="fl-b">
         <path>C:\BevoKart\BevoKart_code\Debug\.\</path>
         <kind>object</kind>
         <file>SmallFont.o</file>
         <name>SmallFont.o</name>
      </input_file>
      <input_file id="fl-c">
         <path>C:\BevoKart\BevoKart_code\Debug\.\</path>
         <kind>object</kind>
         <file>Sound.o</file>
         <name>Sound.o</name>
      </input_file>
      <input_file id="fl-d">
         <path>C:\BevoKart\BevoKart_code\Debug\.\</path>
         <kind>object</kind>
         <file>Switch.o</file>
         <name>Switch.o</name>
      </input_file>
      <input_file id="fl-e">
         <path>C:\BevoKart\BevoKart_code\Debug\.\</path>
         <kind>object</kind>
         <file>TExaS.o</file>
         <name>TExaS.o</name>
      </input_file>
      <input_file id="fl-f">
         <path>C:\BevoKart\BevoKart_code\Debug\.\</path>
         <kind>object</kind>
         <file>Timer.o</file>
         <name>Timer.o</name>
      </input_file>
      <input_file id="fl-10">
         <path>C:\BevoKart\BevoKart_code\Debug\.\</path>
         <kind>object</kind>
         <file>game_main.o</file>
         <name>game_main.o</name>
      </input_file>
      <input_file id="fl-11">
         <path>C:\BevoKart\BevoKart_code\Debug\.\images\pipedreams\</path>
         <kind>object</kind>
         <file>PipeSound.o</file>
         <name>PipeSound.o</name>
      </input_file>
      <input_file id="fl-12">
         <path>C:\BevoKart\BevoKart_code\Debug\.\ticlang\</path>
         <kind>object</kind>
         <file>startup_mspm0g3507_ticlang.o</file>
         <name>startup_mspm0g3507_ticlang.o</name>
      </input_file>
      <input_file id="fl-1e">
         <path>C:\BevoKart\BevoKart_code\Debug\</path>
         <kind>object</kind>
         <file>&lt;internal&gt;</file>
         <name>&lt;internal&gt;</name>
      </input_file>
      <input_file id="fl-35">
         <path>C:\ti\ccs2040\ccs\tools\compiler\ti-cgt-armllvm_4.0.4.LTS\lib\armv6m-ti-none-eabi\c\</path>
         <kind>archive</kind>
         <file>libc.a</file>
         <name>fopen.c.obj</name>
      </input_file>
      <input_file id="fl-36">
         <path>C:\ti\ccs2040\ccs\tools\compiler\ti-cgt-armllvm_4.0.4.LTS\lib\armv6m-ti-none-eabi\c\</path>
         <kind>archive</kind>
         <file>libc.a</file>
         <name>setvbuf.c.obj</name>
      </input_file>
      <input_file id="fl-37">
         <path>C:\ti\ccs2040\ccs\tools\compiler\ti-cgt-armllvm_4.0.4.LTS\lib\armv6m-ti-none-eabi\c\</path>
         <kind>archive</kind>
         <file>libc.a</file>
         <name>aeabi_portable.c.obj</name>
      </input_file>
      <input_file id="fl-38">
         <path>C:\ti\ccs2040\ccs\tools\compiler\ti-cgt-armllvm_4.0.4.LTS\lib\armv6m-ti-none-eabi\c\</path>
         <kind>archive</kind>
         <file>libc.a</file>
         <name>exit.c.obj</name>
      </input_file>
      <input_file id="fl-39">
         <path>C:\ti\ccs2040\ccs\tools\compiler\ti-cgt-armllvm_4.0.4.LTS\lib\armv6m-ti-none-eabi\c\</path>
         <kind>archive</kind>
         <file>libc.a</file>
         <name>_lock.c.obj</name>
      </input_file>
      <input_file id="fl-3a">
         <path>C:\ti\ccs2040\ccs\tools\compiler\ti-cgt-armllvm_4.0.4.LTS\lib\armv6m-ti-none-eabi\c\</path>
         <kind>archive</kind>
         <file>libc.a</file>
         <name>assert.c.obj</name>
      </input_file>
      <input_file id="fl-3b">
         <path>C:\ti\ccs2040\ccs\tools\compiler\ti-cgt-armllvm_4.0.4.LTS\lib\armv6m-ti-none-eabi\c\</path>
         <kind>archive</kind>
         <file>libc.a</file>
         <name>defs.c.obj</name>
      </input_file>
      <input_file id="fl-3c">
         <path>C:\ti\ccs2040\ccs\tools\compiler\ti-cgt-armllvm_4.0.4.LTS\lib\armv6m-ti-none-eabi\c\</path>
         <kind>archive</kind>
         <file>libc.a</file>
         <name>memory.c.obj</name>
      </input_file>
      <input_file id="fl-3d">
         <path>C:\ti\ccs2040\ccs\tools\compiler\ti-cgt-armllvm_4.0.4.LTS\lib\armv6m-ti-none-eabi\c\</path>
         <kind>archive</kind>
         <file>libc.a</file>
         <name>boot_cortex_m.c.obj</name>
      </input_file>
      <input_file id="fl-3e">
         <path>C:\ti\ccs2040\ccs\tools\compiler\ti-cgt-armllvm_4.0.4.LTS\lib\armv6m-ti-none-eabi\c\</path>
         <kind>archive</kind>
         <file>libc.a</file>
         <name>mathacl_init.c.obj</name>
      </input_file>
      <input_file id="fl-3f">
         <path>C:\ti\ccs2040\ccs\tools\compiler\ti-cgt-armllvm_4.0.4.LTS\lib\armv6m-ti-none-eabi\c\</path>
         <kind>archive</kind>
         <file>libc.a</file>
         <name>autoinit.c.obj</name>
      </input_file>
      <input_file id="fl-40">
         <path>C:\ti\ccs2040\ccs\tools\compiler\ti-cgt-armllvm_4.0.4.LTS\lib\armv6m-ti-none-eabi\c\</path>
         <kind>archive</kind>
         <file>libc.a</file>
         <name>pre_init.c.obj</name>
      </input_file>
      <input_file id="fl-41">
         <path>C:\ti\ccs2040\ccs\tools\compiler\ti-cgt-armllvm_4.0.4.LTS\lib\armv6m-ti-none-eabi\c\</path>
         <kind>archive</kind>
         <file>libc.a</file>
         <name>cpy_tbl.c.obj</name>
      </input_file>
      <input_file id="fl-42">
         <path>C:\ti\ccs2040\ccs\tools\compiler\ti-cgt-armllvm_4.0.4.LTS\lib\armv6m-ti-none-eabi\c\</path>
         <kind>archive</kind>
         <file>libc.a</file>
         <name>copy_zero_init.c.obj</name>
      </input_file>
      <input_file id="fl-43">
         <path>C:\ti\ccs2040\ccs\tools\compiler\ti-cgt-armllvm_4.0.4.LTS\lib\armv6m-ti-none-eabi\c\</path>
         <kind>archive</kind>
         <file>libc.a</file>
         <name>copy_decompress_none.c.obj</name>
      </input_file>
      <input_file id="fl-44">
         <path>C:\ti\ccs2040\ccs\tools\compiler\ti-cgt-armllvm_4.0.4.LTS\lib\armv6m-ti-none-eabi\c\</path>
         <kind>archive</kind>
         <file>libc.a</file>
         <name>copy_decompress_lzss.c.obj</name>
      </input_file>
      <input_file id="fl-45">
         <path>C:\ti\ccs2040\ccs\tools\compiler\ti-cgt-armllvm_4.0.4.LTS\lib\armv6m-ti-none-eabi\c\</path>
         <kind>archive</kind>
         <file>libc.a</file>
         <name>sprintf.c.obj</name>
      </input_file>
      <input_file id="fl-46">
         <path>C:\ti\ccs2040\ccs\tools\compiler\ti-cgt-armllvm_4.0.4.LTS\lib\armv6m-ti-none-eabi\c\</path>
         <kind>archive</kind>
         <file>libc.a</file>
         <name>fclose.c.obj</name>
      </input_file>
      <input_file id="fl-47">
         <path>C:\ti\ccs2040\ccs\tools\compiler\ti-cgt-armllvm_4.0.4.LTS\lib\armv6m-ti-none-eabi\c\</path>
         <kind>archive</kind>
         <file>libc.a</file>
         <name>fflush.c.obj</name>
      </input_file>
      <input_file id="fl-48">
         <path>C:\ti\ccs2040\ccs\tools\compiler\ti-cgt-armllvm_4.0.4.LTS\lib\armv6m-ti-none-eabi\c\</path>
         <kind>archive</kind>
         <file>libc.a</file>
         <name>fputs.c.obj</name>
      </input_file>
      <input_file id="fl-49">
         <path>C:\ti\ccs2040\ccs\tools\compiler\ti-cgt-armllvm_4.0.4.LTS\lib\armv6m-ti-none-eabi\c\</path>
         <kind>archive</kind>
         <file>libc.a</file>
         <name>_io_perm.c.obj</name>
      </input_file>
      <input_file id="fl-4a">
         <path>C:\ti\ccs2040\ccs\tools\compiler\ti-cgt-armllvm_4.0.4.LTS\lib\armv6m-ti-none-eabi\c\</path>
         <kind>archive</kind>
         <file>libc.a</file>
         <name>args_main.c.obj</name>
      </input_file>
      <input_file id="fl-4b">
         <path>C:\ti\ccs2040\ccs\tools\compiler\ti-cgt-armllvm_4.0.4.LTS\lib\armv6m-ti-none-eabi\c\</path>
         <kind>archive</kind>
         <file>libc.a</file>
         <name>_printfi.c.obj</name>
      </input_file>
      <input_file id="fl-4c">
         <path>C:\ti\ccs2040\ccs\tools\compiler\ti-cgt-armllvm_4.0.4.LTS\lib\armv6m-ti-none-eabi\c\</path>
         <kind>archive</kind>
         <file>libc.a</file>
         <name>fseek.c.obj</name>
      </input_file>
      <input_file id="fl-4d">
         <path>C:\ti\ccs2040\ccs\tools\compiler\ti-cgt-armllvm_4.0.4.LTS\lib\armv6m-ti-none-eabi\c\</path>
         <kind>archive</kind>
         <file>libc.a</file>
         <name>_ltoa.c.obj</name>
      </input_file>
      <input_file id="fl-4e">
         <path>C:\ti\ccs2040\ccs\tools\compiler\ti-cgt-armllvm_4.0.4.LTS\lib\armv6m-ti-none-eabi\c\</path>
         <kind>archive</kind>
         <file>libc.a</file>
         <name>atoi.c.obj</name>
      </input_file>
      <input_file id="fl-4f">
         <path>C:\ti\ccs2040\ccs\tools\compiler\ti-cgt-armllvm_4.0.4.LTS\lib\armv6m-ti-none-eabi\c\</path>
         <kind>archive</kind>
         <file>libc.a</file>
         <name>memccpy.c.obj</name>
      </input_file>
      <input_file id="fl-50">
         <path>C:\ti\ccs2040\ccs\tools\compiler\ti-cgt-armllvm_4.0.4.LTS\lib\armv6m-ti-none-eabi\c\</path>
         <kind>archive</kind>
         <file>libc.a</file>
         <name>s_frexp.c.obj</name>
      </input_file>
      <input_file id="fl-51">
         <path>C:\ti\ccs2040\ccs\tools\compiler\ti-cgt-armllvm_4.0.4.LTS\lib\armv6m-ti-none-eabi\c\</path>
         <kind>archive</kind>
         <file>libc.a</file>
         <name>s_scalbn.c.obj</name>
      </input_file>
      <input_file id="fl-52">
         <path>C:\ti\ccs2040\ccs\tools\compiler\ti-cgt-armllvm_4.0.4.LTS\lib\armv6m-ti-none-eabi\c\</path>
         <kind>archive</kind>
         <file>libc.a</file>
         <name>wcslen.c.obj</name>
      </input_file>
      <input_file id="fl-53">
         <path>C:\ti\ccs2040\ccs\tools\compiler\ti-cgt-armllvm_4.0.4.LTS\lib\armv6m-ti-none-eabi\c\</path>
         <kind>archive</kind>
         <file>libc.a</file>
         <name>aeabi_ctype.S.obj</name>
      </input_file>
      <input_file id="fl-f3">
         <path>C:\ti\ccs2040\ccs\tools\compiler\ti-cgt-armllvm_4.0.4.LTS\lib\armv6m-ti-none-eabi\c\</path>
         <kind>archive</kind>
         <file>libsysbm.a</file>
         <name>hostexit.c.obj</name>
      </input_file>
      <input_file id="fl-f4">
         <path>C:\ti\ccs2040\ccs\tools\compiler\ti-cgt-armllvm_4.0.4.LTS\lib\armv6m-ti-none-eabi\c\</path>
         <kind>archive</kind>
         <file>libsysbm.a</file>
         <name>write.c.obj</name>
      </input_file>
      <input_file id="fl-f5">
         <path>C:\ti\ccs2040\ccs\tools\compiler\ti-cgt-armllvm_4.0.4.LTS\lib\armv6m-ti-none-eabi\c\</path>
         <kind>archive</kind>
         <file>libsysbm.a</file>
         <name>host_device.c.obj</name>
      </input_file>
      <input_file id="fl-f6">
         <path>C:\ti\ccs2040\ccs\tools\compiler\ti-cgt-armllvm_4.0.4.LTS\lib\armv6m-ti-none-eabi\c\</path>
         <kind>archive</kind>
         <file>libsysbm.a</file>
         <name>remove.c.obj</name>
      </input_file>
      <input_file id="fl-f7">
         <path>C:\ti\ccs2040\ccs\tools\compiler\ti-cgt-armllvm_4.0.4.LTS\lib\armv6m-ti-none-eabi\c\</path>
         <kind>archive</kind>
         <file>libsysbm.a</file>
         <name>open.c.obj</name>
      </input_file>
      <input_file id="fl-f8">
         <path>C:\ti\ccs2040\ccs\tools\compiler\ti-cgt-armllvm_4.0.4.LTS\lib\armv6m-ti-none-eabi\c\</path>
         <kind>archive</kind>
         <file>libsysbm.a</file>
         <name>lseek.c.obj</name>
      </input_file>
      <input_file id="fl-f9">
         <path>C:\ti\ccs2040\ccs\tools\compiler\ti-cgt-armllvm_4.0.4.LTS\lib\armv6m-ti-none-eabi\c\</path>
         <kind>archive</kind>
         <file>libsysbm.a</file>
         <name>close.c.obj</name>
      </input_file>
      <input_file id="fl-fa">
         <path>C:\ti\ccs2040\ccs\tools\compiler\ti-cgt-armllvm_4.0.4.LTS\lib\armv6m-ti-none-eabi\c\</path>
         <kind>archive</kind>
         <file>libsysbm.a</file>
         <name>add_device.c.obj</name>
      </input_file>
      <input_file id="fl-fb">
         <path>C:\ti\ccs2040\ccs\tools\compiler\ti-cgt-armllvm_4.0.4.LTS\lib\armv6m-ti-none-eabi\c\</path>
         <kind>archive</kind>
         <file>libsysbm.a</file>
         <name>unlink.c.obj</name>
      </input_file>
      <input_file id="fl-fc">
         <path>C:\ti\ccs2040\ccs\tools\compiler\ti-cgt-armllvm_4.0.4.LTS\lib\armv6m-ti-none-eabi\c\</path>
         <kind>archive</kind>
         <file>libsysbm.a</file>
         <name>hostclose.c.obj</name>
      </input_file>
      <input_file id="fl-fd">
         <path>C:\ti\ccs2040\ccs\tools\compiler\ti-cgt-armllvm_4.0.4.LTS\lib\armv6m-ti-none-eabi\c\</path>
         <kind>archive</kind>
         <file>libsysbm.a</file>
         <name>hostlseek.c.obj</name>
      </input_file>
      <input_file id="fl-fe">
         <path>C:\ti\ccs2040\ccs\tools\compiler\ti-cgt-armllvm_4.0.4.LTS\lib\armv6m-ti-none-eabi\c\</path>
         <kind>archive</kind>
         <file>libsysbm.a</file>
         <name>hostopen.c.obj</name>
      </input_file>
      <input_file id="fl-ff">
         <path>C:\ti\ccs2040\ccs\tools\compiler\ti-cgt-armllvm_4.0.4.LTS\lib\armv6m-ti-none-eabi\c\</path>
         <kind>archive</kind>
         <file>libsysbm.a</file>
         <name>hostread.c.obj</name>
      </input_file>
      <input_file id="fl-100">
         <path>C:\ti\ccs2040\ccs\tools\compiler\ti-cgt-armllvm_4.0.4.LTS\lib\armv6m-ti-none-eabi\c\</path>
         <kind>archive</kind>
         <file>libsysbm.a</file>
         <name>hostrename.c.obj</name>
      </input_file>
      <input_file id="fl-101">
         <path>C:\ti\ccs2040\ccs\tools\compiler\ti-cgt-armllvm_4.0.4.LTS\lib\armv6m-ti-none-eabi\c\</path>
         <kind>archive</kind>
         <file>libsysbm.a</file>
         <name>hostunlink.c.obj</name>
      </input_file>
      <input_file id="fl-102">
         <path>C:\ti\ccs2040\ccs\tools\compiler\ti-cgt-armllvm_4.0.4.LTS\lib\armv6m-ti-none-eabi\c\</path>
         <kind>archive</kind>
         <file>libsysbm.a</file>
         <name>hostwrite.c.obj</name>
      </input_file>
      <input_file id="fl-103">
         <path>C:\ti\ccs2040\ccs\tools\compiler\ti-cgt-armllvm_4.0.4.LTS\lib\armv6m-ti-none-eabi\c\</path>
         <kind>archive</kind>
         <file>libsysbm.a</file>
         <name>trgmsg.c.obj</name>
      </input_file>
      <input_file id="fl-104">
         <path>C:\ti\ccs2040\ccs\tools\compiler\ti-cgt-armllvm_4.0.4.LTS\lib\armv6m-ti-none-eabi\</path>
         <kind>archive</kind>
         <file>libclang_rt.builtins.a</file>
         <name>adddf3.S.obj</name>
      </input_file>
      <input_file id="fl-105">
         <path>C:\ti\ccs2040\ccs\tools\compiler\ti-cgt-armllvm_4.0.4.LTS\lib\armv6m-ti-none-eabi\</path>
         <kind>archive</kind>
         <file>libclang_rt.builtins.a</file>
         <name>muldf3.S.obj</name>
      </input_file>
      <input_file id="fl-106">
         <path>C:\ti\ccs2040\ccs\tools\compiler\ti-cgt-armllvm_4.0.4.LTS\lib\armv6m-ti-none-eabi\</path>
         <kind>archive</kind>
         <file>libclang_rt.builtins.a</file>
         <name>muldsi3.S.obj</name>
      </input_file>
      <input_file id="fl-107">
         <path>C:\ti\ccs2040\ccs\tools\compiler\ti-cgt-armllvm_4.0.4.LTS\lib\armv6m-ti-none-eabi\</path>
         <kind>archive</kind>
         <file>libclang_rt.builtins.a</file>
         <name>divdf3.S.obj</name>
      </input_file>
      <input_file id="fl-108">
         <path>C:\ti\ccs2040\ccs\tools\compiler\ti-cgt-armllvm_4.0.4.LTS\lib\armv6m-ti-none-eabi\</path>
         <kind>archive</kind>
         <file>libclang_rt.builtins.a</file>
         <name>fixdfsi.S.obj</name>
      </input_file>
      <input_file id="fl-109">
         <path>C:\ti\ccs2040\ccs\tools\compiler\ti-cgt-armllvm_4.0.4.LTS\lib\armv6m-ti-none-eabi\</path>
         <kind>archive</kind>
         <file>libclang_rt.builtins.a</file>
         <name>floatsidf.S.obj</name>
      </input_file>
      <input_file id="fl-10a">
         <path>C:\ti\ccs2040\ccs\tools\compiler\ti-cgt-armllvm_4.0.4.LTS\lib\armv6m-ti-none-eabi\</path>
         <kind>archive</kind>
         <file>libclang_rt.builtins.a</file>
         <name>floatunsidf.S.obj</name>
      </input_file>
      <input_file id="fl-10b">
         <path>C:\ti\ccs2040\ccs\tools\compiler\ti-cgt-armllvm_4.0.4.LTS\lib\armv6m-ti-none-eabi\</path>
         <kind>archive</kind>
         <file>libclang_rt.builtins.a</file>
         <name>muldi3.S.obj</name>
      </input_file>
      <input_file id="fl-10c">
         <path>C:\ti\ccs2040\ccs\tools\compiler\ti-cgt-armllvm_4.0.4.LTS\lib\armv6m-ti-none-eabi\</path>
         <kind>archive</kind>
         <file>libclang_rt.builtins.a</file>
         <name>truncdfsf2.S.obj</name>
      </input_file>
      <input_file id="fl-10d">
         <path>C:\ti\ccs2040\ccs\tools\compiler\ti-cgt-armllvm_4.0.4.LTS\lib\armv6m-ti-none-eabi\</path>
         <kind>archive</kind>
         <file>libclang_rt.builtins.a</file>
         <name>aeabi_dcmp.S.obj</name>
      </input_file>
      <input_file id="fl-10e">
         <path>C:\ti\ccs2040\ccs\tools\compiler\ti-cgt-armllvm_4.0.4.LTS\lib\armv6m-ti-none-eabi\</path>
         <kind>archive</kind>
         <file>libclang_rt.builtins.a</file>
         <name>aeabi_idivmod.S.obj</name>
      </input_file>
      <input_file id="fl-10f">
         <path>C:\ti\ccs2040\ccs\tools\compiler\ti-cgt-armllvm_4.0.4.LTS\lib\armv6m-ti-none-eabi\</path>
         <kind>archive</kind>
         <file>libclang_rt.builtins.a</file>
         <name>aeabi_memcpy.S.obj</name>
      </input_file>
      <input_file id="fl-110">
         <path>C:\ti\ccs2040\ccs\tools\compiler\ti-cgt-armllvm_4.0.4.LTS\lib\armv6m-ti-none-eabi\</path>
         <kind>archive</kind>
         <file>libclang_rt.builtins.a</file>
         <name>aeabi_memset.S.obj</name>
      </input_file>
      <input_file id="fl-111">
         <path>C:\ti\ccs2040\ccs\tools\compiler\ti-cgt-armllvm_4.0.4.LTS\lib\armv6m-ti-none-eabi\</path>
         <kind>archive</kind>
         <file>libclang_rt.builtins.a</file>
         <name>aeabi_uidivmod.S.obj</name>
      </input_file>
      <input_file id="fl-112">
         <path>C:\ti\ccs2040\ccs\tools\compiler\ti-cgt-armllvm_4.0.4.LTS\lib\armv6m-ti-none-eabi\</path>
         <kind>archive</kind>
         <file>libclang_rt.builtins.a</file>
         <name>aeabi_uldivmod.S.obj</name>
      </input_file>
      <input_file id="fl-113">
         <path>C:\ti\ccs2040\ccs\tools\compiler\ti-cgt-armllvm_4.0.4.LTS\lib\armv6m-ti-none-eabi\</path>
         <kind>archive</kind>
         <file>libclang_rt.builtins.a</file>
         <name>udivmoddi4.S.obj</name>
      </input_file>
      <input_file id="fl-114">
         <path>C:\ti\ccs2040\ccs\tools\compiler\ti-cgt-armllvm_4.0.4.LTS\lib\armv6m-ti-none-eabi\</path>
         <kind>archive</kind>
         <file>libclang_rt.builtins.a</file>
         <name>ashldi3.S.obj</name>
      </input_file>
      <input_file id="fl-115">
         <path>C:\ti\ccs2040\ccs\tools\compiler\ti-cgt-armllvm_4.0.4.LTS\lib\armv6m-ti-none-eabi\</path>
         <kind>archive</kind>
         <file>libclang_rt.builtins.a</file>
         <name>comparedf2.c.obj</name>
      </input_file>
      <input_file id="fl-116">
         <path>C:\ti\ccs2040\ccs\tools\compiler\ti-cgt-armllvm_4.0.4.LTS\lib\armv6m-ti-none-eabi\</path>
         <kind>archive</kind>
         <file>libclang_rt.builtins.a</file>
         <name>aeabi_div0.c.obj</name>
      </input_file>
      <input_file id="fl-117">
         <path>C:\ti\ccs2040\ccs\tools\compiler\ti-cgt-armllvm_4.0.4.LTS\lib\armv6m-ti-none-eabi\c\</path>
         <kind>archive</kind>
         <file>libc.a</file>
         <name>getdevice.c.obj</name>
      </input_file>
      <input_file id="fl-118">
         <path>C:\ti\ccs2040\ccs\tools\compiler\ti-cgt-armllvm_4.0.4.LTS\lib\armv6m-ti-none-eabi\c\</path>
         <kind>archive</kind>
         <file>libc.a</file>
         <name>memcpy16.S.obj</name>
      </input_file>
      <input_file id="fl-119">
         <path>C:\ti\ccs2040\ccs\tools\compiler\ti-cgt-armllvm_4.0.4.LTS\lib\armv6m-ti-none-eabi\c\</path>
         <kind>archive</kind>
         <file>libc.a</file>
         <name>memset16.S.obj</name>
      </input_file>
      <input_file id="fl-11a">
         <path>C:\ti\ccs2040\ccs\tools\compiler\ti-cgt-armllvm_4.0.4.LTS\lib\armv6m-ti-none-eabi\c\</path>
         <kind>archive</kind>
         <file>libc.a</file>
         <name>strcmp-armv6m.S.obj</name>
      </input_file>
   </input_file_list>
   <object_component_list>
      <object_component id="oc-18">
         <name>.intvecs</name>
         <load_address>0x0</load_address>
         <readonly>true</readonly>
         <run_address>0x0</run_address>
         <size>0xc0</size>
         <alignment>0x4</alignment>
         <input_file_ref idref="fl-12"/>
      </object_component>
      <object_component id="oc-9a">
         <name>.text.main</name>
         <load_address>0x16d40</load_address>
         <readonly>true</readonly>
         <executable>true</executable>
         <run_address>0x16d40</run_address>
         <size>0x260</size>
         <alignment>0x4</alignment>
         <input_file_ref idref="fl-10"/>
      </object_component>
      <object_component id="oc-e6">
         <name>.text.ST7735_DrawBitmap</name>
         <load_address>0x16fa0</load_address>
         <readonly>true</readonly>
         <executable>true</executable>
         <run_address>0x16fa0</run_address>
         <size>0x210</size>
         <alignment>0x4</alignment>
         <input_file_ref idref="fl-a"/>
      </object_component>
      <object_component id="oc-119">
         <name>.text.Clock_Init80MHz</name>
         <load_address>0x171b0</load_address>
         <readonly>true</readonly>
         <executable>true</executable>
         <run_address>0x171b0</run_address>
         <size>0x1b4</size>
         <alignment>0x4</alignment>
         <input_file_ref idref="fl-3"/>
      </object_component>
      <object_component id="oc-16e">
         <name>.text.ST7735_DrawChar</name>
         <load_address>0x17364</load_address>
         <readonly>true</readonly>
         <executable>true</executable>
         <run_address>0x17364</run_address>
         <size>0x1a8</size>
         <alignment>0x4</alignment>
         <input_file_ref idref="fl-a"/>
      </object_component>
      <object_component id="oc-d4">
         <name>.text.DrawStartScreen</name>
         <load_address>0x1750c</load_address>
         <readonly>true</readonly>
         <executable>true</executable>
         <run_address>0x1750c</run_address>
         <size>0x188</size>
         <alignment>0x4</alignment>
         <input_file_ref idref="fl-10"/>
      </object_component>
      <object_component id="oc-80">
         <name>.text.UpdateSprites</name>
         <load_address>0x17694</load_address>
         <readonly>true</readonly>
         <executable>true</executable>
         <run_address>0x17694</run_address>
         <size>0x174</size>
         <alignment>0x4</alignment>
         <input_file_ref idref="fl-10"/>
      </object_component>
      <object_component id="oc-1a6">
         <name>.text._openfile</name>
         <load_address>0x17808</load_address>
         <readonly>true</readonly>
         <executable>true</executable>
         <run_address>0x17808</run_address>
         <size>0x154</size>
         <alignment>0x4</alignment>
         <input_file_ref idref="fl-35"/>
      </object_component>
      <object_component id="oc-15b">
         <name>.text.ST7735_FillRect</name>
         <load_address>0x1795c</load_address>
         <readonly>true</readonly>
         <executable>true</executable>
         <run_address>0x1795c</run_address>
         <size>0x118</size>
         <alignment>0x4</alignment>
         <input_file_ref idref="fl-a"/>
      </object_component>
      <object_component id="oc-212">
         <name>.text.aligned_alloc</name>
         <load_address>0x17a74</load_address>
         <readonly>true</readonly>
         <executable>true</executable>
         <run_address>0x17a74</run_address>
         <size>0x114</size>
         <alignment>0x4</alignment>
         <input_file_ref idref="fl-3c"/>
      </object_component>
      <object_component id="oc-1d1">
         <name>.text.SPI_Init</name>
         <load_address>0x17b88</load_address>
         <readonly>true</readonly>
         <executable>true</executable>
         <run_address>0x17b88</run_address>
         <size>0xf8</size>
         <alignment>0x4</alignment>
         <input_file_ref idref="fl-9"/>
      </object_component>
      <object_component id="oc-e5">
         <name>.text.UART_Receive</name>
         <load_address>0x17c80</load_address>
         <readonly>true</readonly>
         <executable>true</executable>
         <run_address>0x17c80</run_address>
         <size>0xf8</size>
         <alignment>0x4</alignment>
         <input_file_ref idref="fl-10"/>
      </object_component>
      <object_component id="oc-125">
         <name>.text.add_device</name>
         <load_address>0x17d78</load_address>
         <readonly>true</readonly>
         <executable>true</executable>
         <run_address>0x17d78</run_address>
         <size>0xec</size>
         <alignment>0x4</alignment>
         <input_file_ref idref="fl-fa"/>
      </object_component>
      <object_component id="oc-1af">
         <name>.text.free</name>
         <load_address>0x17e64</load_address>
         <readonly>true</readonly>
         <executable>true</executable>
         <run_address>0x17e64</run_address>
         <size>0xe8</size>
         <alignment>0x4</alignment>
         <input_file_ref idref="fl-3c"/>
      </object_component>
      <object_component id="oc-130">
         <name>.text.setvbuf</name>
         <load_address>0x17f4c</load_address>
         <readonly>true</readonly>
         <executable>true</executable>
         <run_address>0x17f4c</run_address>
         <size>0xe0</size>
         <alignment>0x4</alignment>
         <input_file_ref idref="fl-36"/>
      </object_component>
      <object_component id="oc-16b">
         <name>.text.ST7735_OutChar</name>
         <load_address>0x1802c</load_address>
         <readonly>true</readonly>
         <executable>true</executable>
         <run_address>0x1802c</run_address>
         <size>0xd0</size>
         <alignment>0x4</alignment>
         <input_file_ref idref="fl-a"/>
      </object_component>
      <object_component id="oc-46">
         <name>.text.TIMG12_IRQHandler</name>
         <load_address>0x180fc</load_address>
         <readonly>true</readonly>
         <executable>true</executable>
         <run_address>0x180fc</run_address>
         <size>0xd0</size>
         <alignment>0x4</alignment>
         <input_file_ref idref="fl-10"/>
      </object_component>
      <object_component id="oc-ec">
         <name>.text.DrawLoseScreen</name>
         <load_address>0x181cc</load_address>
         <readonly>true</readonly>
         <executable>true</executable>
         <run_address>0x181cc</run_address>
         <size>0xcc</size>
         <alignment>0x4</alignment>
         <input_file_ref idref="fl-10"/>
      </object_component>
      <object_component id="oc-eb">
         <name>.text.DrawWinScreen</name>
         <load_address>0x18298</load_address>
         <readonly>true</readonly>
         <executable>true</executable>
         <run_address>0x18298</run_address>
         <size>0xcc</size>
         <alignment>0x4</alignment>
         <input_file_ref idref="fl-10"/>
      </object_component>
      <object_component id="oc-db">
         <name>.text.graphics_init</name>
         <load_address>0x18364</load_address>
         <readonly>true</readonly>
         <executable>true</executable>
         <run_address>0x18364</run_address>
         <size>0xc8</size>
         <alignment>0x4</alignment>
         <input_file_ref idref="fl-10"/>
      </object_component>
      <object_component id="oc-16c">
         <name>.text.fillmessage5</name>
         <load_address>0x1842c</load_address>
         <readonly>true</readonly>
         <executable>true</executable>
         <run_address>0x1842c</run_address>
         <size>0xac</size>
         <alignment>0x4</alignment>
         <input_file_ref idref="fl-a"/>
      </object_component>
      <object_component id="oc-122">
         <name>.text.DAC_Init</name>
         <load_address>0x184d8</load_address>
         <readonly>true</readonly>
         <executable>true</executable>
         <run_address>0x184d8</run_address>
         <size>0xa8</size>
         <alignment>0x4</alignment>
         <input_file_ref idref="fl-4"/>
      </object_component>
      <object_component id="oc-cd">
         <name>.text.UART1_Init</name>
         <load_address>0x18580</load_address>
         <readonly>true</readonly>
         <executable>true</executable>
         <run_address>0x18580</run_address>
         <size>0xa4</size>
         <alignment>0x4</alignment>
         <input_file_ref idref="fl-10"/>
      </object_component>
      <object_component id="oc-190">
         <name>.text.commandList</name>
         <load_address>0x18624</load_address>
         <readonly>true</readonly>
         <executable>true</executable>
         <run_address>0x18624</run_address>
         <size>0xa2</size>
         <alignment>0x2</alignment>
         <input_file_ref idref="fl-a"/>
      </object_component>
      <object_component id="oc-1b9">
         <name>.text.__aeabi_idiv0</name>
         <load_address>0x186c6</load_address>
         <readonly>true</readonly>
         <executable>true</executable>
         <run_address>0x186c6</run_address>
         <size>0x2</size>
         <alignment>0x2</alignment>
         <input_file_ref idref="fl-116"/>
      </object_component>
      <object_component id="oc-1fa">
         <name>.text.open</name>
         <load_address>0x186c8</load_address>
         <readonly>true</readonly>
         <executable>true</executable>
         <run_address>0x186c8</run_address>
         <size>0xa0</size>
         <alignment>0x4</alignment>
         <input_file_ref idref="fl-f7"/>
      </object_component>
      <object_component id="oc-ce">
         <name>.text.ST7735_InitPrintf</name>
         <load_address>0x18768</load_address>
         <readonly>true</readonly>
         <executable>true</executable>
         <run_address>0x18768</run_address>
         <size>0x9c</size>
         <alignment>0x4</alignment>
         <input_file_ref idref="fl-a"/>
      </object_component>
      <object_component id="oc-124">
         <name>.text.ST7735_InitR</name>
         <load_address>0x18804</load_address>
         <readonly>true</readonly>
         <executable>true</executable>
         <run_address>0x18804</run_address>
         <size>0x98</size>
         <alignment>0x4</alignment>
         <input_file_ref idref="fl-a"/>
      </object_component>
      <object_component id="oc-dd">
         <name>.text.TimerG12_IntArm</name>
         <load_address>0x1889c</load_address>
         <readonly>true</readonly>
         <executable>true</executable>
         <run_address>0x1889c</run_address>
         <size>0x94</size>
         <alignment>0x4</alignment>
         <input_file_ref idref="fl-f"/>
      </object_component>
      <object_component id="oc-c7">
         <name>.text.ADCinit</name>
         <load_address>0x18930</load_address>
         <readonly>true</readonly>
         <executable>true</executable>
         <run_address>0x18930</run_address>
         <size>0x88</size>
         <alignment>0x4</alignment>
         <input_file_ref idref="fl-1"/>
      </object_component>
      <object_component id="oc-163">
         <name>.text.setAddrWindow</name>
         <load_address>0x189b8</load_address>
         <readonly>true</readonly>
         <executable>true</executable>
         <run_address>0x189b8</run_address>
         <size>0x88</size>
         <alignment>0x4</alignment>
         <input_file_ref idref="fl-a"/>
      </object_component>
      <object_component id="oc-1d2">
         <name>.text:strcmp</name>
         <load_address>0x18a40</load_address>
         <readonly>true</readonly>
         <executable>true</executable>
         <run_address>0x18a40</run_address>
         <size>0x88</size>
         <alignment>0x10</alignment>
         <input_file_ref idref="fl-11a"/>
      </object_component>
      <object_component id="oc-16d">
         <name>.text.ST7735_DrawString</name>
         <load_address>0x18ac8</load_address>
         <readonly>true</readonly>
         <executable>true</executable>
         <run_address>0x18ac8</run_address>
         <size>0x84</size>
         <alignment>0x2</alignment>
         <input_file_ref idref="fl-a"/>
      </object_component>
      <object_component id="oc-ea">
         <name>.text.ST7735_OutUDec5</name>
         <load_address>0x18b4c</load_address>
         <readonly>true</readonly>
         <executable>true</executable>
         <run_address>0x18b4c</run_address>
         <size>0x84</size>
         <alignment>0x4</alignment>
         <input_file_ref idref="fl-a"/>
      </object_component>
      <object_component id="oc-be">
         <name>.text.LaunchPad_Init</name>
         <load_address>0x18bd0</load_address>
         <readonly>true</readonly>
         <executable>true</executable>
         <run_address>0x18bd0</run_address>
         <size>0x7c</size>
         <alignment>0x4</alignment>
         <input_file_ref idref="fl-8"/>
      </object_component>
      <object_component id="oc-1a9">
         <name>.text.__TI_closefile</name>
         <load_address>0x18c4c</load_address>
         <readonly>true</readonly>
         <executable>true</executable>
         <run_address>0x18c4c</run_address>
         <size>0x7c</size>
         <alignment>0x4</alignment>
         <input_file_ref idref="fl-46"/>
      </object_component>
      <object_component id="oc-1c">
         <name>.text:decompress:lzss</name>
         <load_address>0x18cc8</load_address>
         <readonly>true</readonly>
         <executable>true</executable>
         <run_address>0x18cc8</run_address>
         <size>0x7c</size>
         <alignment>0x4</alignment>
         <input_file_ref idref="fl-44"/>
      </object_component>
      <object_component id="oc-c3">
         <name>.text.EdgeTriggered_Init</name>
         <load_address>0x18d44</load_address>
         <readonly>true</readonly>
         <executable>true</executable>
         <run_address>0x18d44</run_address>
         <size>0x78</size>
         <alignment>0x4</alignment>
         <input_file_ref idref="fl-6"/>
      </object_component>
      <object_component id="oc-a9">
         <name>.text.collides</name>
         <load_address>0x18dbc</load_address>
         <readonly>true</readonly>
         <executable>true</executable>
         <run_address>0x18dbc</run_address>
         <size>0x78</size>
         <alignment>0x2</alignment>
         <input_file_ref idref="fl-10"/>
      </object_component>
      <object_component id="oc-d5">
         <name>.text.SetDifficulty</name>
         <load_address>0x18e34</load_address>
         <readonly>true</readonly>
         <executable>true</executable>
         <run_address>0x18e34</run_address>
         <size>0x74</size>
         <alignment>0x4</alignment>
         <input_file_ref idref="fl-10"/>
      </object_component>
      <object_component id="oc-7f">
         <name>.text.UpdateMyPlayer</name>
         <load_address>0x18ea8</load_address>
         <readonly>true</readonly>
         <executable>true</executable>
         <run_address>0x18ea8</run_address>
         <size>0x70</size>
         <alignment>0x4</alignment>
         <input_file_ref idref="fl-10"/>
      </object_component>
      <object_component id="oc-1e8">
         <name>.text.HOSTlseek</name>
         <load_address>0x18f18</load_address>
         <readonly>true</readonly>
         <executable>true</executable>
         <run_address>0x18f18</run_address>
         <size>0x6c</size>
         <alignment>0x4</alignment>
         <input_file_ref idref="fl-fd"/>
      </object_component>
      <object_component id="oc-1f0">
         <name>.text.HOSTrename</name>
         <load_address>0x18f84</load_address>
         <readonly>true</readonly>
         <executable>true</executable>
         <run_address>0x18f84</run_address>
         <size>0x6c</size>
         <alignment>0x4</alignment>
         <input_file_ref idref="fl-100"/>
      </object_component>
      <object_component id="oc-237">
         <name>.text.getdevice</name>
         <load_address>0x18ff0</load_address>
         <readonly>true</readonly>
         <executable>true</executable>
         <run_address>0x18ff0</run_address>
         <size>0x6c</size>
         <alignment>0x4</alignment>
         <input_file_ref idref="fl-117"/>
      </object_component>
      <object_component id="oc-24e">
         <name>.text.split</name>
         <load_address>0x1905c</load_address>
         <readonly>true</readonly>
         <executable>true</executable>
         <run_address>0x1905c</run_address>
         <size>0x64</size>
         <alignment>0x4</alignment>
         <input_file_ref idref="fl-3c"/>
      </object_component>
      <object_component id="oc-1d8">
         <name>.text.HOSTopen</name>
         <load_address>0x190c0</load_address>
         <readonly>true</readonly>
         <executable>true</executable>
         <run_address>0x190c0</run_address>
         <size>0x60</size>
         <alignment>0x4</alignment>
         <input_file_ref idref="fl-fe"/>
      </object_component>
      <object_component id="oc-1e0">
         <name>.text.HOSTread</name>
         <load_address>0x19120</load_address>
         <readonly>true</readonly>
         <executable>true</executable>
         <run_address>0x19120</run_address>
         <size>0x58</size>
         <alignment>0x4</alignment>
         <input_file_ref idref="fl-ff"/>
      </object_component>
      <object_component id="oc-1e4">
         <name>.text.HOSTwrite</name>
         <load_address>0x19178</load_address>
         <readonly>true</readonly>
         <executable>true</executable>
         <run_address>0x19178</run_address>
         <size>0x58</size>
         <alignment>0x4</alignment>
         <input_file_ref idref="fl-102"/>
      </object_component>
      <object_component id="oc-1c2">
         <name>.text.fillmessage</name>
         <load_address>0x191d0</load_address>
         <readonly>true</readonly>
         <executable>true</executable>
         <run_address>0x191d0</run_address>
         <size>0x54</size>
         <alignment>0x4</alignment>
         <input_file_ref idref="fl-a"/>
      </object_component>
      <object_component id="oc-1fe">
         <name>.text.__TI_doflush</name>
         <load_address>0x19224</load_address>
         <readonly>true</readonly>
         <executable>true</executable>
         <run_address>0x19224</run_address>
         <size>0x52</size>
         <alignment>0x2</alignment>
         <input_file_ref idref="fl-47"/>
      </object_component>
      <object_component id="oc-1c7">
         <name>.text._nop</name>
         <load_address>0x19276</load_address>
         <readonly>true</readonly>
         <executable>true</executable>
         <run_address>0x19276</run_address>
         <size>0x2</size>
         <alignment>0x2</alignment>
         <input_file_ref idref="fl-39"/>
      </object_component>
      <object_component id="oc-204">
         <name>.text.close</name>
         <load_address>0x19278</load_address>
         <readonly>true</readonly>
         <executable>true</executable>
         <run_address>0x19278</run_address>
         <size>0x50</size>
         <alignment>0x4</alignment>
         <input_file_ref idref="fl-f9"/>
      </object_component>
      <object_component id="oc-3c">
         <name>.text.GROUP1_IRQHandler</name>
         <load_address>0x192c8</load_address>
         <readonly>true</readonly>
         <executable>true</executable>
         <run_address>0x192c8</run_address>
         <size>0x4c</size>
         <alignment>0x4</alignment>
         <input_file_ref idref="fl-10"/>
      </object_component>
      <object_component id="oc-142">
         <name>.text.ADCin</name>
         <load_address>0x19314</load_address>
         <readonly>true</readonly>
         <executable>true</executable>
         <run_address>0x19314</run_address>
         <size>0x48</size>
         <alignment>0x4</alignment>
         <input_file_ref idref="fl-1"/>
      </object_component>
      <object_component id="oc-1dc">
         <name>.text.HOSTclose</name>
         <load_address>0x1935c</load_address>
         <readonly>true</readonly>
         <executable>true</executable>
         <run_address>0x1935c</run_address>
         <size>0x48</size>
         <alignment>0x4</alignment>
         <input_file_ref idref="fl-fc"/>
      </object_component>
      <object_component id="oc-1ec">
         <name>.text.HOSTunlink</name>
         <load_address>0x193a4</load_address>
         <readonly>true</readonly>
         <executable>true</executable>
         <run_address>0x193a4</run_address>
         <size>0x48</size>
         <alignment>0x4</alignment>
         <input_file_ref idref="fl-101"/>
      </object_component>
      <object_component id="oc-d3">
         <name>.text.ReadDifficulty</name>
         <load_address>0x193ec</load_address>
         <readonly>true</readonly>
         <executable>true</executable>
         <run_address>0x193ec</run_address>
         <size>0x48</size>
         <alignment>0x4</alignment>
         <input_file_ref idref="fl-10"/>
      </object_component>
      <object_component id="oc-191">
         <name>.text.SPI_OutCommand</name>
         <load_address>0x19434</load_address>
         <readonly>true</readonly>
         <executable>true</executable>
         <run_address>0x19434</run_address>
         <size>0x48</size>
         <alignment>0x4</alignment>
         <input_file_ref idref="fl-9"/>
      </object_component>
      <object_component id="oc-37">
         <name>.text.SysTick_Handler</name>
         <load_address>0x1947c</load_address>
         <readonly>true</readonly>
         <executable>true</executable>
         <run_address>0x1947c</run_address>
         <size>0x44</size>
         <alignment>0x4</alignment>
         <input_file_ref idref="fl-c"/>
      </object_component>
      <object_component id="oc-217">
         <name>.text.SPI_Reset</name>
         <load_address>0x194c0</load_address>
         <readonly>true</readonly>
         <executable>true</executable>
         <run_address>0x194c0</run_address>
         <size>0x40</size>
         <alignment>0x4</alignment>
         <input_file_ref idref="fl-9"/>
      </object_component>
      <object_component id="oc-41">
         <name>.text.TIMG7_IRQHandler</name>
         <load_address>0x19500</load_address>
         <readonly>true</readonly>
         <executable>true</executable>
         <run_address>0x19500</run_address>
         <size>0x40</size>
         <alignment>0x4</alignment>
         <input_file_ref idref="fl-e"/>
      </object_component>
      <object_component id="oc-153">
         <name>.text.__aeabi_uidivmod</name>
         <load_address>0x19540</load_address>
         <readonly>true</readonly>
         <executable>true</executable>
         <run_address>0x19540</run_address>
         <size>0x40</size>
         <alignment>0x4</alignment>
         <input_file_ref idref="fl-111"/>
      </object_component>
      <object_component id="oc-1a5">
         <name>.text._search_fp</name>
         <load_address>0x19580</load_address>
         <readonly>true</readonly>
         <executable>true</executable>
         <run_address>0x19580</run_address>
         <size>0x40</size>
         <alignment>0x4</alignment>
         <input_file_ref idref="fl-35"/>
      </object_component>
      <object_component id="oc-e7">
         <name>.text.draw</name>
         <load_address>0x195c0</load_address>
         <readonly>true</readonly>
         <executable>true</executable>
         <run_address>0x195c0</run_address>
         <size>0x3e</size>
         <alignment>0x2</alignment>
         <input_file_ref idref="fl-10"/>
      </object_component>
      <object_component id="oc-fb">
         <name>.text:__TI_auto_init_nobinit_nopinit</name>
         <load_address>0x19600</load_address>
         <readonly>true</readonly>
         <executable>true</executable>
         <run_address>0x19600</run_address>
         <size>0x3c</size>
         <alignment>0x4</alignment>
         <input_file_ref idref="fl-3f"/>
      </object_component>
      <object_component id="oc-11a">
         <name>.text.ActivatePortA_B</name>
         <load_address>0x1963c</load_address>
         <readonly>true</readonly>
         <executable>true</executable>
         <run_address>0x1963c</run_address>
         <size>0x38</size>
         <alignment>0x4</alignment>
         <input_file_ref idref="fl-8"/>
      </object_component>
      <object_component id="oc-164">
         <name>.text.SPI_OutData</name>
         <load_address>0x19674</load_address>
         <readonly>true</readonly>
         <executable>true</executable>
         <run_address>0x19674</run_address>
         <size>0x38</size>
         <alignment>0x4</alignment>
         <input_file_ref idref="fl-9"/>
      </object_component>
      <object_component id="oc-123">
         <name>.text.SysTick_IntArm</name>
         <load_address>0x196ac</load_address>
         <readonly>true</readonly>
         <executable>true</executable>
         <run_address>0x196ac</run_address>
         <size>0x38</size>
         <alignment>0x4</alignment>
         <input_file_ref idref="fl-c"/>
      </object_component>
      <object_component id="oc-d6">
         <name>.text.Clock_Delay1ms</name>
         <load_address>0x196e4</load_address>
         <readonly>true</readonly>
         <executable>true</executable>
         <run_address>0x196e4</run_address>
         <size>0x34</size>
         <alignment>0x4</alignment>
         <input_file_ref idref="fl-3"/>
      </object_component>
      <object_component id="oc-e8">
         <name>.text.ST7735_SetCursor</name>
         <load_address>0x19718</load_address>
         <readonly>true</readonly>
         <executable>true</executable>
         <run_address>0x19718</run_address>
         <size>0x34</size>
         <alignment>0x4</alignment>
         <input_file_ref idref="fl-a"/>
      </object_component>
      <object_component id="oc-137">
         <name>.text.ST7735_write</name>
         <load_address>0x1974c</load_address>
         <readonly>true</readonly>
         <executable>true</executable>
         <run_address>0x1974c</run_address>
         <size>0x34</size>
         <alignment>0x2</alignment>
         <input_file_ref idref="fl-a"/>
      </object_component>
      <object_component id="oc-a8">
         <name>.text.SpawnBomb</name>
         <load_address>0x19780</load_address>
         <readonly>true</readonly>
         <executable>true</executable>
         <run_address>0x19780</run_address>
         <size>0x34</size>
         <alignment>0x4</alignment>
         <input_file_ref idref="fl-10"/>
      </object_component>
      <object_component id="oc-1b2">
         <name>.text.__TI_cleanup</name>
         <load_address>0x197b4</load_address>
         <readonly>true</readonly>
         <executable>true</executable>
         <run_address>0x197b4</run_address>
         <size>0x34</size>
         <alignment>0x4</alignment>
         <input_file_ref idref="fl-35"/>
      </object_component>
      <object_component id="oc-21f">
         <name>.text.__TI_readmsg</name>
         <load_address>0x197e8</load_address>
         <readonly>true</readonly>
         <executable>true</executable>
         <run_address>0x197e8</run_address>
         <size>0x34</size>
         <alignment>0x4</alignment>
         <input_file_ref idref="fl-103"/>
      </object_component>
      <object_component id="oc-219">
         <name>.text.__TI_writemsg</name>
         <load_address>0x1981c</load_address>
         <readonly>true</readonly>
         <executable>true</executable>
         <run_address>0x1981c</run_address>
         <size>0x34</size>
         <alignment>0x4</alignment>
         <input_file_ref idref="fl-103"/>
      </object_component>
      <object_component id="oc-f9">
         <name>.text.exit</name>
         <load_address>0x19850</load_address>
         <readonly>true</readonly>
         <executable>true</executable>
         <run_address>0x19850</run_address>
         <size>0x34</size>
         <alignment>0x4</alignment>
         <input_file_ref idref="fl-38"/>
      </object_component>
      <object_component id="oc-199">
         <name>.text.finddevice</name>
         <load_address>0x19884</load_address>
         <readonly>true</readonly>
         <executable>true</executable>
         <run_address>0x19884</run_address>
         <size>0x34</size>
         <alignment>0x4</alignment>
         <input_file_ref idref="fl-117"/>
      </object_component>
      <object_component id="oc-12f">
         <name>.text.freopen</name>
         <load_address>0x198b8</load_address>
         <readonly>true</readonly>
         <executable>true</executable>
         <run_address>0x198b8</run_address>
         <size>0x34</size>
         <alignment>0x4</alignment>
         <input_file_ref idref="fl-35"/>
      </object_component>
      <object_component id="oc-18f">
         <name>.text.commonInit</name>
         <load_address>0x198ec</load_address>
         <readonly>true</readonly>
         <executable>true</executable>
         <run_address>0x198ec</run_address>
         <size>0x30</size>
         <alignment>0x4</alignment>
         <input_file_ref idref="fl-a"/>
      </object_component>
      <object_component id="oc-129">
         <name>.text.fopen</name>
         <load_address>0x1991c</load_address>
         <readonly>true</readonly>
         <executable>true</executable>
         <run_address>0x1991c</run_address>
         <size>0x30</size>
         <alignment>0x4</alignment>
         <input_file_ref idref="fl-35"/>
      </object_component>
      <object_component id="oc-dc">
         <name>.text.ST7735_FillScreen</name>
         <load_address>0x1994c</load_address>
         <readonly>true</readonly>
         <executable>true</executable>
         <run_address>0x1994c</run_address>
         <size>0x2c</size>
         <alignment>0x4</alignment>
         <input_file_ref idref="fl-a"/>
      </object_component>
      <object_component id="oc-160">
         <name>.text.UART1_OutChar</name>
         <load_address>0x19978</load_address>
         <readonly>true</readonly>
         <executable>true</executable>
         <run_address>0x19978</run_address>
         <size>0x2c</size>
         <alignment>0x4</alignment>
         <input_file_ref idref="fl-10"/>
      </object_component>
      <object_component id="oc-246">
         <name>.text.unlink</name>
         <load_address>0x199a4</load_address>
         <readonly>true</readonly>
         <executable>true</executable>
         <run_address>0x199a4</run_address>
         <size>0x2c</size>
         <alignment>0x4</alignment>
         <input_file_ref idref="fl-fb"/>
      </object_component>
      <object_component id="oc-cc">
         <name>.text.Sound_Init</name>
         <load_address>0x199d0</load_address>
         <readonly>true</readonly>
         <executable>true</executable>
         <run_address>0x199d0</run_address>
         <size>0x28</size>
         <alignment>0x4</alignment>
         <input_file_ref idref="fl-c"/>
      </object_component>
      <object_component id="oc-211">
         <name>.text.free_list_insert</name>
         <load_address>0x199f8</load_address>
         <readonly>true</readonly>
         <executable>true</executable>
         <run_address>0x199f8</run_address>
         <size>0x28</size>
         <alignment>0x4</alignment>
         <input_file_ref idref="fl-3c"/>
      </object_component>
      <object_component id="oc-23d">
         <name>.text.write</name>
         <load_address>0x19a20</load_address>
         <readonly>true</readonly>
         <executable>true</executable>
         <run_address>0x19a20</run_address>
         <size>0x28</size>
         <alignment>0x4</alignment>
         <input_file_ref idref="fl-f4"/>
      </object_component>
      <object_component id="oc-62">
         <name>.text:_c_int00_noargs</name>
         <load_address>0x19a48</load_address>
         <readonly>true</readonly>
         <executable>true</executable>
         <run_address>0x19a48</run_address>
         <size>0x28</size>
         <alignment>0x4</alignment>
         <input_file_ref idref="fl-3d"/>
      </object_component>
      <object_component id="oc-e9">
         <name>.text.ST7735_OutString</name>
         <load_address>0x19a70</load_address>
         <readonly>true</readonly>
         <executable>true</executable>
         <run_address>0x19a70</run_address>
         <size>0x26</size>
         <alignment>0x2</alignment>
         <input_file_ref idref="fl-a"/>
      </object_component>
      <object_component id="oc-e4">
         <name>.text.UART_SendPos</name>
         <load_address>0x19a96</load_address>
         <readonly>true</readonly>
         <executable>true</executable>
         <run_address>0x19a96</run_address>
         <size>0x22</size>
         <alignment>0x2</alignment>
         <input_file_ref idref="fl-10"/>
      </object_component>
      <object_component id="oc-e3">
         <name>.text.UART_SendSound</name>
         <load_address>0x19ab8</load_address>
         <readonly>true</readonly>
         <executable>true</executable>
         <run_address>0x19ab8</run_address>
         <size>0x22</size>
         <alignment>0x2</alignment>
         <input_file_ref idref="fl-10"/>
      </object_component>
      <object_component id="oc-18c">
         <name>.text.Random32</name>
         <load_address>0x19adc</load_address>
         <readonly>true</readonly>
         <executable>true</executable>
         <run_address>0x19adc</run_address>
         <size>0x20</size>
         <alignment>0x4</alignment>
         <input_file_ref idref="fl-10"/>
      </object_component>
      <object_component id="oc-10f">
         <name>.text.Sound_Start</name>
         <load_address>0x19afc</load_address>
         <readonly>true</readonly>
         <executable>true</executable>
         <run_address>0x19afc</run_address>
         <size>0x20</size>
         <alignment>0x4</alignment>
         <input_file_ref idref="fl-c"/>
      </object_component>
      <object_component id="oc-162">
         <name>.text.UART1_InChar</name>
         <load_address>0x19b1c</load_address>
         <readonly>true</readonly>
         <executable>true</executable>
         <run_address>0x19b1c</run_address>
         <size>0x20</size>
         <alignment>0x4</alignment>
         <input_file_ref idref="fl-10"/>
      </object_component>
      <object_component id="oc-1c3">
         <name>.text.pushColor</name>
         <load_address>0x19b3c</load_address>
         <readonly>true</readonly>
         <executable>true</executable>
         <run_address>0x19b3c</run_address>
         <size>0x1e</size>
         <alignment>0x2</alignment>
         <input_file_ref idref="fl-a"/>
      </object_component>
      <object_component id="oc-35">
         <name>.text.Default_Handler</name>
         <load_address>0x19b5c</load_address>
         <readonly>true</readonly>
         <executable>true</executable>
         <run_address>0x19b5c</run_address>
         <size>0x1c</size>
         <alignment>0x4</alignment>
         <input_file_ref idref="fl-12"/>
      </object_component>
      <object_component id="oc-36">
         <name>.text.HardFault_Handler</name>
         <load_address>0x19b78</load_address>
         <readonly>true</readonly>
         <executable>true</executable>
         <run_address>0x19b78</run_address>
         <size>0x1c</size>
         <alignment>0x4</alignment>
         <input_file_ref idref="fl-12"/>
      </object_component>
      <object_component id="oc-e2">
         <name>.text.UART_SendLose</name>
         <load_address>0x19b94</load_address>
         <readonly>true</readonly>
         <executable>true</executable>
         <run_address>0x19b94</run_address>
         <size>0x1c</size>
         <alignment>0x2</alignment>
         <input_file_ref idref="fl-10"/>
      </object_component>
      <object_component id="oc-20f">
         <name>.text.free_list_remove</name>
         <load_address>0x19bb0</load_address>
         <readonly>true</readonly>
         <executable>true</executable>
         <run_address>0x19bb0</run_address>
         <size>0x1c</size>
         <alignment>0x4</alignment>
         <input_file_ref idref="fl-3c"/>
      </object_component>
      <object_component id="oc-10d">
         <name>.text.Random</name>
         <load_address>0x19bcc</load_address>
         <readonly>true</readonly>
         <executable>true</executable>
         <run_address>0x19bcc</run_address>
         <size>0x18</size>
         <alignment>0x2</alignment>
         <input_file_ref idref="fl-10"/>
      </object_component>
      <object_component id="oc-13a">
         <name>.text.ST7735_open</name>
         <load_address>0x19be4</load_address>
         <readonly>true</readonly>
         <executable>true</executable>
         <run_address>0x19be4</run_address>
         <size>0x16</size>
         <alignment>0x2</alignment>
         <input_file_ref idref="fl-a"/>
      </object_component>
      <object_component id="oc-138">
         <name>.text.ST7735_read</name>
         <load_address>0x19bfa</load_address>
         <readonly>true</readonly>
         <executable>true</executable>
         <run_address>0x19bfa</run_address>
         <size>0x16</size>
         <alignment>0x2</alignment>
         <input_file_ref idref="fl-a"/>
      </object_component>
      <object_component id="oc-59">
         <name>.text:decompress:ZI:__TI_zero_init_nomemset</name>
         <load_address>0x19c10</load_address>
         <readonly>true</readonly>
         <executable>true</executable>
         <run_address>0x19c10</run_address>
         <size>0x16</size>
         <alignment>0x2</alignment>
         <input_file_ref idref="fl-42"/>
      </object_component>
      <object_component id="oc-6e">
         <name>.text.DAC_Out</name>
         <load_address>0x19c28</load_address>
         <readonly>true</readonly>
         <executable>true</executable>
         <run_address>0x19c28</run_address>
         <size>0x14</size>
         <alignment>0x4</alignment>
         <input_file_ref idref="fl-4"/>
      </object_component>
      <object_component id="oc-ab">
         <name>.text.Sound_Bomb</name>
         <load_address>0x19c3c</load_address>
         <readonly>true</readonly>
         <executable>true</executable>
         <run_address>0x19c3c</run_address>
         <size>0x14</size>
         <alignment>0x4</alignment>
         <input_file_ref idref="fl-c"/>
      </object_component>
      <object_component id="oc-aa">
         <name>.text.Sound_SquirrelDeath</name>
         <load_address>0x19c50</load_address>
         <readonly>true</readonly>
         <executable>true</executable>
         <run_address>0x19c50</run_address>
         <size>0x14</size>
         <alignment>0x4</alignment>
         <input_file_ref idref="fl-c"/>
      </object_component>
      <object_component id="oc-161">
         <name>.text.UART1_Available</name>
         <load_address>0x19c64</load_address>
         <readonly>true</readonly>
         <executable>true</executable>
         <run_address>0x19c64</run_address>
         <size>0x14</size>
         <alignment>0x4</alignment>
         <input_file_ref idref="fl-10"/>
      </object_component>
      <object_component id="oc-b3">
         <name>.text:TI_memcpy_small</name>
         <load_address>0x19c78</load_address>
         <readonly>true</readonly>
         <executable>true</executable>
         <run_address>0x19c78</run_address>
         <size>0x12</size>
         <alignment>0x1</alignment>
         <input_file_ref idref="fl-118"/>
      </object_component>
      <object_component id="oc-20">
         <name>.text:decompress:none</name>
         <load_address>0x19c8a</load_address>
         <readonly>true</readonly>
         <executable>true</executable>
         <run_address>0x19c8a</run_address>
         <size>0x12</size>
         <alignment>0x2</alignment>
         <input_file_ref idref="fl-43"/>
      </object_component>
      <object_component id="oc-11f">
         <name>.text.Clock_Delay</name>
         <load_address>0x19c9c</load_address>
         <readonly>true</readonly>
         <executable>true</executable>
         <run_address>0x19c9c</run_address>
         <size>0x10</size>
         <alignment>0x2</alignment>
         <input_file_ref idref="fl-3"/>
      </object_component>
      <object_component id="oc-18e">
         <name>.text.Delay</name>
         <load_address>0x19cac</load_address>
         <readonly>true</readonly>
         <executable>true</executable>
         <run_address>0x19cac</run_address>
         <size>0x10</size>
         <alignment>0x2</alignment>
         <input_file_ref idref="fl-8"/>
      </object_component>
      <object_component id="oc-210">
         <name>.text.OUTLINED_FUNCTION_0</name>
         <load_address>0x19cbc</load_address>
         <readonly>true</readonly>
         <executable>true</executable>
         <run_address>0x19cbc</run_address>
         <size>0xe</size>
         <alignment>0x2</alignment>
         <input_file_ref idref="fl-3c"/>
      </object_component>
      <object_component id="oc-136">
         <name>.text.ST7735_lseek</name>
         <load_address>0x19cca</load_address>
         <readonly>true</readonly>
         <executable>true</executable>
         <run_address>0x19cca</run_address>
         <size>0xe</size>
         <alignment>0x2</alignment>
         <input_file_ref idref="fl-a"/>
      </object_component>
      <object_component id="oc-233">
         <name>.text.strcpy</name>
         <load_address>0x19cd8</load_address>
         <readonly>true</readonly>
         <executable>true</executable>
         <run_address>0x19cd8</run_address>
         <size>0xe</size>
         <alignment>0x2</alignment>
         <input_file_ref idref="fl-100"/>
      </object_component>
      <object_component id="oc-234">
         <name>.text.strlen</name>
         <load_address>0x19ce6</load_address>
         <readonly>true</readonly>
         <executable>true</executable>
         <run_address>0x19ce6</run_address>
         <size>0xe</size>
         <alignment>0x2</alignment>
         <input_file_ref idref="fl-100"/>
      </object_component>
      <object_component id="oc-113">
         <name>.text:TI_memset_small</name>
         <load_address>0x19cf4</load_address>
         <readonly>true</readonly>
         <executable>true</executable>
         <run_address>0x19cf4</run_address>
         <size>0xe</size>
         <alignment>0x1</alignment>
         <input_file_ref idref="fl-119"/>
      </object_component>
      <object_component id="oc-216">
         <name>.text.Clock_Freq</name>
         <load_address>0x19d04</load_address>
         <readonly>true</readonly>
         <executable>true</executable>
         <run_address>0x19d04</run_address>
         <size>0xc</size>
         <alignment>0x4</alignment>
         <input_file_ref idref="fl-3"/>
      </object_component>
      <object_component id="oc-134">
         <name>.text.ST7735_rename</name>
         <load_address>0x19d10</load_address>
         <readonly>true</readonly>
         <executable>true</executable>
         <run_address>0x19d10</run_address>
         <size>0xc</size>
         <alignment>0x2</alignment>
         <input_file_ref idref="fl-a"/>
      </object_component>
      <object_component id="oc-91">
         <name>.text.__aeabi_memclr</name>
         <load_address>0x19d1c</load_address>
         <readonly>true</readonly>
         <executable>true</executable>
         <run_address>0x19d1c</run_address>
         <size>0xc</size>
         <alignment>0x4</alignment>
         <input_file_ref idref="fl-110"/>
      </object_component>
      <object_component id="oc-1b1">
         <name>.text.malloc</name>
         <load_address>0x19d28</load_address>
         <readonly>true</readonly>
         <executable>true</executable>
         <run_address>0x19d28</run_address>
         <size>0xc</size>
         <alignment>0x2</alignment>
         <input_file_ref idref="fl-3c"/>
      </object_component>
      <object_component id="oc-bd">
         <name>.text.PLL_Init</name>
         <load_address>0x19d34</load_address>
         <readonly>true</readonly>
         <executable>true</executable>
         <run_address>0x19d34</run_address>
         <size>0xa</size>
         <alignment>0x2</alignment>
         <input_file_ref idref="fl-10"/>
      </object_component>
      <object_component id="oc-13b">
         <name>.text.ST7735_close</name>
         <load_address>0x19d3e</load_address>
         <readonly>true</readonly>
         <executable>true</executable>
         <run_address>0x19d3e</run_address>
         <size>0xa</size>
         <alignment>0x2</alignment>
         <input_file_ref idref="fl-a"/>
      </object_component>
      <object_component id="oc-135">
         <name>.text.ST7735_unlink</name>
         <load_address>0x19d48</load_address>
         <readonly>true</readonly>
         <executable>true</executable>
         <run_address>0x19d48</run_address>
         <size>0xa</size>
         <alignment>0x2</alignment>
         <input_file_ref idref="fl-a"/>
      </object_component>
      <object_component id="oc-52">
         <name>.text.__aeabi_memcpy</name>
         <load_address>0x19d54</load_address>
         <readonly>true</readonly>
         <executable>true</executable>
         <run_address>0x19d54</run_address>
         <size>0x8</size>
         <alignment>0x4</alignment>
         <input_file_ref idref="fl-10f"/>
      </object_component>
      <object_component id="oc-208">
         <name>.text.remove</name>
         <load_address>0x19d5c</load_address>
         <readonly>true</readonly>
         <executable>true</executable>
         <run_address>0x19d5c</run_address>
         <size>0x8</size>
         <alignment>0x2</alignment>
         <input_file_ref idref="fl-f6"/>
      </object_component>
      <object_component id="oc-f4">
         <name>.text:abort</name>
         <load_address>0x19d64</load_address>
         <readonly>true</readonly>
         <executable>true</executable>
         <run_address>0x19d64</run_address>
         <size>0x6</size>
         <alignment>0x2</alignment>
         <input_file_ref idref="fl-38"/>
      </object_component>
      <object_component id="oc-17c">
         <name>.text.HOSTexit</name>
         <load_address>0x19d6a</load_address>
         <readonly>true</readonly>
         <executable>true</executable>
         <run_address>0x19d6a</run_address>
         <size>0x4</size>
         <alignment>0x2</alignment>
         <input_file_ref idref="fl-f3"/>
      </object_component>
      <object_component id="oc-31">
         <name>.text.Reset_Handler</name>
         <load_address>0x19d6e</load_address>
         <readonly>true</readonly>
         <executable>true</executable>
         <run_address>0x19d6e</run_address>
         <size>0x4</size>
         <alignment>0x2</alignment>
         <input_file_ref idref="fl-12"/>
      </object_component>
      <object_component id="oc-96">
         <name>.text._system_pre_init</name>
         <load_address>0x19d72</load_address>
         <readonly>true</readonly>
         <executable>true</executable>
         <run_address>0x19d72</run_address>
         <size>0x4</size>
         <alignment>0x2</alignment>
         <input_file_ref idref="fl-40"/>
      </object_component>
      <object_component id="oc-29a">
         <name>.cinit..data.load</name>
         <load_address>0x19d80</load_address>
         <readonly>true</readonly>
         <run_address>0x19d80</run_address>
         <size>0x70</size>
         <alignment>0x1</alignment>
      </object_component>
      <object_component id="oc-298">
         <name>__TI_handler_table</name>
         <load_address>0x19df0</load_address>
         <readonly>true</readonly>
         <run_address>0x19df0</run_address>
         <size>0xc</size>
         <alignment>0x4</alignment>
      </object_component>
      <object_component id="oc-29b">
         <name>.cinit..bss.load</name>
         <load_address>0x19dfc</load_address>
         <readonly>true</readonly>
         <run_address>0x19dfc</run_address>
         <size>0x8</size>
         <alignment>0x4</alignment>
      </object_component>
      <object_component id="oc-299">
         <name>__TI_cinit_table</name>
         <load_address>0x19e04</load_address>
         <readonly>true</readonly>
         <run_address>0x19e04</run_address>
         <size>0x10</size>
         <alignment>0x4</alignment>
      </object_component>
      <object_component id="oc-ef">
         <name>.rodata.track_1</name>
         <load_address>0xc0</load_address>
         <readonly>true</readonly>
         <run_address>0xc0</run_address>
         <size>0xa000</size>
         <alignment>0x2</alignment>
         <input_file_ref idref="fl-10"/>
      </object_component>
      <object_component id="oc-ee">
         <name>.rodata.track_2</name>
         <load_address>0xa0c0</load_address>
         <readonly>true</readonly>
         <run_address>0xa0c0</run_address>
         <size>0xa000</size>
         <alignment>0x2</alignment>
         <input_file_ref idref="fl-10"/>
      </object_component>
      <object_component id="oc-110">
         <name>.rodata.invaderkilled</name>
         <load_address>0x140c0</load_address>
         <readonly>true</readonly>
         <run_address>0x140c0</run_address>
         <size>0xd31</size>
         <alignment>0x1</alignment>
         <input_file_ref idref="fl-c"/>
      </object_component>
      <object_component id="oc-111">
         <name>.rodata.explosion</name>
         <load_address>0x14df1</load_address>
         <readonly>true</readonly>
         <run_address>0x14df1</run_address>
         <size>0x7d0</size>
         <alignment>0x1</alignment>
         <input_file_ref idref="fl-c"/>
      </object_component>
      <object_component id="oc-1c4">
         <name>.rodata.Font</name>
         <load_address>0x155c1</load_address>
         <readonly>true</readonly>
         <run_address>0x155c1</run_address>
         <size>0x4fb</size>
         <alignment>0x1</alignment>
         <input_file_ref idref="fl-a"/>
      </object_component>
      <object_component id="oc-87">
         <name>.rodata.am_car1</name>
         <load_address>0x15abc</load_address>
         <readonly>true</readonly>
         <run_address>0x15abc</run_address>
         <size>0x32a</size>
         <alignment>0x2</alignment>
         <input_file_ref idref="fl-10"/>
      </object_component>
      <object_component id="oc-86">
         <name>.rodata.am_car2</name>
         <load_address>0x15de6</load_address>
         <readonly>true</readonly>
         <run_address>0x15de6</run_address>
         <size>0x32a</size>
         <alignment>0x2</alignment>
         <input_file_ref idref="fl-10"/>
      </object_component>
      <object_component id="oc-84">
         <name>.rodata.ut_car1</name>
         <load_address>0x16110</load_address>
         <readonly>true</readonly>
         <run_address>0x16110</run_address>
         <size>0x32a</size>
         <alignment>0x2</alignment>
         <input_file_ref idref="fl-10"/>
      </object_component>
      <object_component id="oc-83">
         <name>.rodata.ut_car2</name>
         <load_address>0x1643a</load_address>
         <readonly>true</readonly>
         <run_address>0x1643a</run_address>
         <size>0x32a</size>
         <alignment>0x2</alignment>
         <input_file_ref idref="fl-10"/>
      </object_component>
      <object_component id="oc-89">
         <name>.rodata.sq_r1</name>
         <load_address>0x16764</load_address>
         <readonly>true</readonly>
         <run_address>0x16764</run_address>
         <size>0x190</size>
         <alignment>0x2</alignment>
         <input_file_ref idref="fl-10"/>
      </object_component>
      <object_component id="oc-8a">
         <name>.rodata.sq_r2</name>
         <load_address>0x168f4</load_address>
         <readonly>true</readonly>
         <run_address>0x168f4</run_address>
         <size>0x190</size>
         <alignment>0x2</alignment>
         <input_file_ref idref="fl-10"/>
      </object_component>
      <object_component id="oc-15a">
         <name>.rodata.bomb</name>
         <load_address>0x16a84</load_address>
         <readonly>true</readonly>
         <run_address>0x16a84</run_address>
         <size>0xf0</size>
         <alignment>0x2</alignment>
         <input_file_ref idref="fl-10"/>
      </object_component>
      <object_component id="oc-192">
         <name>.rodata.Rcmd1</name>
         <load_address>0x16b74</load_address>
         <readonly>true</readonly>
         <run_address>0x16b74</run_address>
         <size>0x3b</size>
         <alignment>0x1</alignment>
         <input_file_ref idref="fl-a"/>
      </object_component>
      <object_component id="oc-197">
         <name>.rodata.Rcmd3</name>
         <load_address>0x16baf</load_address>
         <readonly>true</readonly>
         <run_address>0x16baf</run_address>
         <size>0x2b</size>
         <alignment>0x1</alignment>
         <input_file_ref idref="fl-a"/>
      </object_component>
      <object_component id="oc-1c1">
         <name>.rodata.str1.2132471336006292093.1</name>
         <load_address>0x16bda</load_address>
         <readonly>true</readonly>
         <run_address>0x16bda</run_address>
         <size>0x16</size>
         <alignment>0x1</alignment>
         <input_file_ref idref="fl-a"/>
      </object_component>
      <object_component id="oc-151">
         <name>.rodata.str1.17481542881734601277.1</name>
         <load_address>0x16bf0</load_address>
         <readonly>true</readonly>
         <run_address>0x16bf0</run_address>
         <size>0x15</size>
         <alignment>0x1</alignment>
         <input_file_ref idref="fl-10"/>
      </object_component>
      <object_component id="oc-177">
         <name>.rodata.str1.11985164516097659737.1</name>
         <load_address>0x16c05</load_address>
         <readonly>true</readonly>
         <run_address>0x16c05</run_address>
         <size>0x12</size>
         <alignment>0x1</alignment>
         <input_file_ref idref="fl-10"/>
      </object_component>
      <object_component id="oc-178">
         <name>.rodata.str1.845026804953235778.1</name>
         <load_address>0x16c17</load_address>
         <readonly>true</readonly>
         <run_address>0x16c17</run_address>
         <size>0x11</size>
         <alignment>0x1</alignment>
         <input_file_ref idref="fl-10"/>
      </object_component>
      <object_component id="oc-152">
         <name>.rodata.str1.2179347622241752808.1</name>
         <load_address>0x16c28</load_address>
         <readonly>true</readonly>
         <run_address>0x16c28</run_address>
         <size>0x10</size>
         <alignment>0x1</alignment>
         <input_file_ref idref="fl-10"/>
      </object_component>
      <object_component id="oc-147">
         <name>.rodata.str1.5852278260567127355.1</name>
         <load_address>0x16c38</load_address>
         <readonly>true</readonly>
         <run_address>0x16c38</run_address>
         <size>0xf</size>
         <alignment>0x1</alignment>
         <input_file_ref idref="fl-10"/>
      </object_component>
      <object_component id="oc-145">
         <name>.rodata.str1.13460616082421214018.1</name>
         <load_address>0x16c47</load_address>
         <readonly>true</readonly>
         <run_address>0x16c47</run_address>
         <size>0xe</size>
         <alignment>0x1</alignment>
         <input_file_ref idref="fl-10"/>
      </object_component>
      <object_component id="oc-194">
         <name>.rodata.Rcmd2green</name>
         <load_address>0x16c55</load_address>
         <readonly>true</readonly>
         <run_address>0x16c55</run_address>
         <size>0xd</size>
         <alignment>0x1</alignment>
         <input_file_ref idref="fl-a"/>
      </object_component>
      <object_component id="oc-193">
         <name>.rodata.Rcmd2red</name>
         <load_address>0x16c62</load_address>
         <readonly>true</readonly>
         <run_address>0x16c62</run_address>
         <size>0xd</size>
         <alignment>0x1</alignment>
         <input_file_ref idref="fl-a"/>
      </object_component>
[...]
         <object_component_ref idref="oc-f0"/>
      </symbol>
      <symbol id="sm-1d5">
         <name>DrawWinScreen</name>
         <value>0x18299</value>
         <object_component_ref idref="oc-eb"/>
      </symbol>
      <symbol id="sm-1d6">
         <name>score</name>
         <value>0x2020048c</value>
         <object_component_ref idref="oc-ac"/>
      </symbol>
      <symbol id="sm-1d7">
         <name>DrawLoseScreen</name>
         <value>0x181cd</value>
         <object_component_ref idref="oc-ec"/>
      </symbol>
      <symbol id="sm-1d8">
         <name>UART_SendPos</name>
         <value>0x19a97</value>
         <object_component_ref idref="oc-e4"/>
      </symbol>
      <symbol id="sm-1d9">
         <name>UART_SendLose</name>
         <value>0x19b95</value>
         <object_component_ref idref="oc-e2"/>
      </symbol>
      <symbol id="sm-1da">
         <name>UART_SendSound</name>
         <value>0x19ab9</value>
         <object_component_ref idref="oc-e3"/>
      </symbol>
      <symbol id="sm-1db">
         <name>UART_Receive</name>
         <value>0x17c81</value>
         <object_component_ref idref="oc-e5"/>
      </symbol>
      <symbol id="sm-1dc">
         <name>othercar</name>
         <value>0x20200294</value>
      </symbol>
      <symbol id="sm-1dd">
         <name>State</name>
         <value>0x202002a0</value>
      </symbol>
      <symbol id="sm-1de">
         <name>collides</name>
         <value>0x18dbd</value>
         <object_component_ref idref="oc-a9"/>
      </symbol>
      <symbol id="sm-1df">
         <name>UpdateMyPlayer</name>
         <value>0x18ea9</value>
         <object_component_ref idref="oc-7f"/>
      </symbol>
      <symbol id="sm-1e0">
         <name>PB1Pressed</name>
         <value>0x2020027c</value>
      </symbol>
      <symbol id="sm-1e1">
         <name>mycar</name>
         <value>0x2020028c</value>
      </symbol>
      <symbol id="sm-1e2">
         <name>PB4Pressed</name>
         <value>0x20200280</value>
      </symbol>
      <symbol id="sm-1e3">
         <name>UpdateSprites</name>
         <value>0x17695</value>
         <object_component_ref idref="oc-80"/>
      </symbol>
      <symbol id="sm-1e4">
         <name>SendSoundFlag</name>
         <value>0x2020049f</value>
         <object_component_ref idref="oc-b1"/>
      </symbol>
      <symbol id="sm-1e5">
         <name>SendLoseFlag</name>
         <value>0x2020049e</value>
         <object_component_ref idref="oc-b2"/>
      </symbol>
      <symbol id="sm-1e6">
         <name>TIMG12_IRQHandler</name>
         <value>0x180fd</value>
         <object_component_ref idref="oc-46"/>
      </symbol>
      <symbol id="sm-1e7">
         <name>animFrame</name>
         <value>0x202004a1</value>
         <object_component_ref idref="oc-82"/>
      </symbol>
      <symbol id="sm-1e8">
         <name>ut_car2</name>
         <value>0x1643a</value>
         <object_component_ref idref="oc-83"/>
      </symbol>
      <symbol id="sm-1e9">
         <name>am_car2</name>
         <value>0x15de6</value>
         <object_component_ref idref="oc-86"/>
      </symbol>
      <symbol id="sm-1ea">
         <name>sq_r2</name>
         <value>0x168f4</value>
         <object_component_ref idref="oc-8a"/>
      </symbol>
      <symbol id="sm-1eb">
         <name>gameReady</name>
         <value>0x202004a2</value>
         <object_component_ref idref="oc-8c"/>
      </symbol>
      <symbol id="sm-1ec">
         <name>GROUP1_IRQHandler</name>
         <value>0x192c9</value>
         <object_component_ref idref="oc-3c"/>
      </symbol>
      <symbol id="sm-1ed">
         <name>main</name>
         <value>0x16d41</value>
         <object_component_ref idref="oc-9a"/>
      </symbol>
      <symbol id="sm-1ee">
         <name>Difficulty</name>
         <value>0x2020029f</value>
      </symbol>
      <symbol id="sm-200">
         <name>Default_Handler</name>
         <value>0x19b5d</value>
         <object_component_ref idref="oc-35"/>
      </symbol>
      <symbol id="sm-201">
         <name>Reset_Handler</name>
         <value>0x19d6f</value>
         <object_component_ref idref="oc-31"/>
      </symbol>
      <symbol id="sm-202">
         <name>HardFault_Handler</name>
         <value>0x19b79</value>
         <object_component_ref idref="oc-36"/>
      </symbol>
      <symbol id="sm-203">
         <name>interruptVectors</name>
         <value>0x0</value>
         <object_component_ref idref="oc-18"/>
      </symbol>
      <symbol id="sm-204">
         <name>NMI_Handler</name>
         <value>0x19b5d</value>
         <object_component_ref idref="oc-35"/>
      </symbol>
      <symbol id="sm-205">
         <name>SVC_Handler</name>
         <value>0x19b5d</value>
         <object_component_ref idref="oc-35"/>
      </symbol>
      <symbol id="sm-206">
         <name>PendSV_Handler</name>
         <value>0x19b5d</value>
         <object_component_ref idref="oc-35"/>
      </symbol>
      <symbol id="sm-207">
         <name>GROUP0_IRQHandler</name>
         <value>0x19b5d</value>
         <object_component_ref idref="oc-35"/>
      </symbol>
      <symbol id="sm-208">
         <name>TIMG8_IRQHandler</name>
         <value>0x19b5d</value>
         <object_component_ref idref="oc-35"/>
      </symbol>
      <symbol id="sm-209">
         <name>UART3_IRQHandler</name>
         <value>0x19b5d</value>
         <object_component_ref idref="oc-35"/>
      </symbol>
      <symbol id="sm-20a">
         <name>ADC0_IRQHandler</name>
         <value>0x19b5d</value>
         <object_component_ref idref="oc-35"/>
      </symbol>
      <symbol id="sm-20b">
         <name>ADC1_IRQHandler</name>
         <value>0x19b5d</value>
         <object_component_ref idref="oc-35"/>
      </symbol>
      <symbol id="sm-20c">
         <name>CANFD0_IRQHandler</name>
         <value>0x19b5d</value>
         <object_component_ref idref="oc-35"/>
      </symbol>
      <symbol id="sm-20d">
         <name>DAC0_IRQHandler</name>
         <value>0x19b5d</value>
         <object_component_ref idref="oc-35"/>
      </symbol>
      <symbol id="sm-20e">
         <name>SPI0_IRQHandler</name>
         <value>0x19b5d</value>
         <object_component_ref idref="oc-35"/>
      </symbol>
      <symbol id="sm-20f">
         <name>SPI1_IRQHandler</name>
         <value>0x19b5d</value>
         <object_component_ref idref="oc-35"/>
      </symbol>
      <symbol id="sm-210">
         <name>UART1_IRQHandler</name>
         <value>0x19b5d</value>
         <object_component_ref idref="oc-35"/>
      </symbol>
      <symbol id="sm-211">
         <name>UART2_IRQHandler</name>
         <value>0x19b5d</value>
         <object_component_ref idref="oc-35"/>
      </symbol>
      <symbol id="sm-212">
         <name>UART0_IRQHandler</name>
         <value>0x19b5d</value>
         <object_component_ref idref="oc-35"/>
      </symbol>
      <symbol id="sm-213">
         <name>TIMG0_IRQHandler</name>
         <value>0x19b5d</value>
         <object_component_ref idref="oc-35"/>
      </symbol>
      <symbol id="sm-214">
         <name>TIMG6_IRQHandler</name>
         <value>0x19b5d</value>
         <object_component_ref idref="oc-35"/>
      </symbol>
      <symbol id="sm-215">
         <name>TIMA0_IRQHandler</name>
         <value>0x19b5d</value>
         <object_component_ref idref="oc-35"/>
      </symbol>
      <symbol id="sm-216">
         <name>TIMA1_IRQHandler</name>
         <value>0x19b5d</value>
         <object_component_ref idref="oc-35"/>
      </symbol>
      <symbol id="sm-217">
         <name>I2C0_IRQHandler</name>
         <value>0x19b5d</value>
         <object_component_ref idref="oc-35"/>
      </symbol>
      <symbol id="sm-218">
         <name>I2C1_IRQHandler</name>
         <value>0x19b5d</value>
         <object_component_ref idref="oc-35"/>
      </symbol>
      <symbol id="sm-219">
         <name>AES_IRQHandler</name>
         <value>0x19b5d</value>
         <object_component_ref idref="oc-35"/>
      </symbol>
      <symbol id="sm-21a">
         <name>RTC_IRQHandler</name>
         <value>0x19b5d</value>
         <object_component_ref idref="oc-35"/>
      </symbol>
      <symbol id="sm-21b">
         <name>DMA_IRQHandler</name>
         <value>0x19b5d</value>
         <object_component_ref idref="oc-35"/>
      </symbol>
      <symbol id="sm-21c">
         <name>__TI_ATRegion0_src_addr</name>
         <value>0x0</value>
      </symbol>
      <symbol id="sm-21d">
         <name>__TI_ATRegion0_trg_addr</name>
         <value>0x0</value>
      </symbol>
      <symbol id="sm-21e">
         <name>__TI_ATRegion0_region_sz</name>
         <value>0x0</value>
      </symbol>
      <symbol id="sm-21f">
         <name>__TI_ATRegion1_src_addr</name>
         <value>0x0</value>
      </symbol>
      <symbol id="sm-220">
         <name>__TI_ATRegion1_trg_addr</name>
         <value>0x0</value>
      </symbol>
      <symbol id="sm-221">
         <name>__TI_ATRegion1_region_sz</name>
         <value>0x0</value>
      </symbol>
      <symbol id="sm-222">
         <name>__TI_ATRegion2_src_addr</name>
         <value>0x0</value>
      </symbol>
      <symbol id="sm-223">
         <name>__TI_ATRegion2_trg_addr</name>
         <value>0x0</value>
      </symbol>
      <symbol id="sm-224">
         <name>__TI_ATRegion2_region_sz</name>
         <value>0x0</value>
      </symbol>
      <symbol id="sm-23d">
         <name>fopen</name>
         <value>0x1991d</value>
         <object_component_ref idref="oc-129"/>
      </symbol>
      <symbol id="sm-23e">
         <name>__TI_cleanup</name>
         <value>0x197b5</value>
         <object_component_ref idref="oc-1b2"/>
      </symbol>
      <symbol id="sm-23f">
         <name>freopen</name>
         <value>0x198b9</value>
         <object_component_ref idref="oc-12f"/>
      </symbol>
      <symbol id="sm-249">
         <name>setvbuf</name>
         <value>0x17f4d</value>
         <object_component_ref idref="oc-130"/>
      </symbol>
      <symbol id="sm-258">
         <name>abort</name>
         <value>0x19d65</value>
         <object_component_ref idref="oc-f4"/>
      </symbol>
      <symbol id="sm-259">
         <name>__TI_cleanup_ptr</name>
         <value>0x2020045c</value>
         <object_component_ref idref="oc-184"/>
      </symbol>
      <symbol id="sm-25a">
         <name>__TI_dtors_ptr</name>
         <value>0x20200460</value>
         <object_component_ref idref="oc-184"/>
      </symbol>
      <symbol id="sm-25b">
         <name>exit</name>
         <value>0x19851</value>
         <object_component_ref idref="oc-f9"/>
      </symbol>
      <symbol id="sm-264">
         <name>_nop</name>
         <value>0x19277</value>
         <object_component_ref idref="oc-1c7"/>
      </symbol>
      <symbol id="sm-265">
         <name>_lock</name>
         <value>0x20200480</value>
         <object_component_ref idref="oc-182"/>
      </symbol>
      <symbol id="sm-266">
         <name>_unlock</name>
         <value>0x20200484</value>
         <object_component_ref idref="oc-185"/>
      </symbol>
      <symbol id="sm-26c">
         <name>_ftable</name>
         <value>0x202002a4</value>
         <object_component_ref idref="oc-13d"/>
      </symbol>
      <symbol id="sm-26d">
         <name>__TI_ft_end</name>
         <value>0x2020047c</value>
         <object_component_ref idref="oc-1f9"/>
      </symbol>
      <symbol id="sm-26e">
         <name>__TI_tmpnams</name>
         <value>0x20200120</value>
         <object_component_ref idref="oc-20c"/>
      </symbol>
      <symbol id="sm-291">
         <name>malloc</name>
         <value>0x19d29</value>
         <object_component_ref idref="oc-1b1"/>
      </symbol>
      <symbol id="sm-292">
         <name>aligned_alloc</name>
         <value>0x17a75</value>
         <object_component_ref idref="oc-212"/>
      </symbol>
      <symbol id="sm-293">
         <name>free</name>
         <value>0x17e65</value>
         <object_component_ref idref="oc-1af"/>
      </symbol>
      <symbol id="sm-294">
         <name>_sys_memory</name>
         <value>0x202004b0</value>
         <object_component_ref idref="oc-2f"/>
      </symbol>
      <symbol id="sm-295">
         <name>memalign</name>
         <value>0x17a75</value>
         <object_component_ref idref="oc-212"/>
      </symbol>
      <symbol id="sm-2a0">
         <name>_c_int00_noargs</name>
         <value>0x19a49</value>
         <object_component_ref idref="oc-62"/>
      </symbol>
      <symbol id="sm-2a1">
         <name>__stack</name>
         <value>0x20207e00</value>
         <object_component_ref idref="oc-1a"/>
      </symbol>
      <symbol id="sm-2ad">
         <name>__TI_auto_init_nobinit_nopinit</name>
         <value>0x19601</value>
         <object_component_ref idref="oc-fb"/>
      </symbol>
      <symbol id="sm-2b5">
         <name>_system_pre_init</name>
         <value>0x19d73</value>
         <object_component_ref idref="oc-96"/>
      </symbol>
      <symbol id="sm-2c0">
         <name>__TI_zero_init_nomemset</name>
         <value>0x19c11</value>
         <object_component_ref idref="oc-59"/>
      </symbol>
      <symbol id="sm-2c9">
         <name>__TI_decompress_none</name>
         <value>0x19c8b</value>
         <object_component_ref idref="oc-20"/>
      </symbol>
      <symbol id="sm-2d4">
         <name>__TI_decompress_lzss</name>
         <value>0x18cc9</value>
         <object_component_ref idref="oc-1c"/>
      </symbol>
      <symbol id="sm-2e0">
         <name>__TI_closefile</name>
         <value>0x18c4d</value>
         <object_component_ref idref="oc-1a9"/>
      </symbol>
      <symbol id="sm-2ea">
         <name>__TI_doflush</name>
         <value>0x19225</value>
         <object_component_ref idref="oc-1fe"/>
      </symbol>
      <symbol id="sm-2fd">
         <name>HOSTexit</name>
         <value>0x19d6b</value>
         <object_component_ref idref="oc-17c"/>
      </symbol>
      <symbol id="sm-2fe">
         <name>C$$EXIT</name>
         <value>0x19d6a</value>
         <object_component_ref idref="oc-17c"/>
      </symbol>
      <symbol id="sm-308">
         <name>write</name>
         <value>0x19a21</value>
         <object_component_ref idref="oc-23d"/>
      </symbol>
      <symbol id="sm-30d">
         <name>_device</name>
         <value>0x20200394</value>
         <object_component_ref idref="oc-1a0"/>
      </symbol>
      <symbol id="sm-30e">
         <name>_stream</name>
         <value>0x2020040c</value>
         <object_component_ref idref="oc-239"/>
      </symbol>
      <symbol id="sm-317">
         <name>remove</name>
         <value>0x19d5d</value>
         <object_component_ref idref="oc-208"/>
      </symbol>
      <symbol id="sm-323">
         <name>open</name>
         <value>0x186c9</value>
         <object_component_ref idref="oc-1fa"/>
      </symbol>
      <symbol id="sm-32e">
         <name>close</name>
         <value>0x19279</value>
         <object_component_ref idref="oc-204"/>
      </symbol>
      <symbol id="sm-33a">
         <name>add_device</name>
         <value>0x17d79</value>
         <object_component_ref idref="oc-125"/>
      </symbol>
      <symbol id="sm-344">
         <name>unlink</name>
         <value>0x199a5</value>
         <object_component_ref idref="oc-246"/>
      </symbol>
      <symbol id="sm-34e">
         <name>HOSTclose</name>
         <value>0x1935d</value>
         <object_component_ref idref="oc-1dc"/>
      </symbol>
      <symbol id="sm-358">
         <name>HOSTlseek</name>
         <value>0x18f19</value>
         <object_component_ref idref="oc-1e8"/>
      </symbol>
      <symbol id="sm-362">
         <name>HOSTopen</name>
         <value>0x190c1</value>
         <object_component_ref idref="oc-1d8"/>
      </symbol>
      <symbol id="sm-363">
         <name>parmbuf</name>
         <value>0x2020026c</value>
         <object_component_ref idref="oc-220"/>
      </symbol>
      <symbol id="sm-36d">
         <name>HOSTread</name>
         <value>0x19121</value>
         <object_component_ref idref="oc-1e0"/>
      </symbol>
      <symbol id="sm-37e">
         <name>HOSTrename</name>
         <value>0x18f85</value>
         <object_component_ref idref="oc-1f0"/>
      </symbol>
      <symbol id="sm-388">
         <name>HOSTunlink</name>
         <value>0x193a5</value>
         <object_component_ref idref="oc-1ec"/>
      </symbol>
      <symbol id="sm-392">
         <name>HOSTwrite</name>
         <value>0x19179</value>
         <object_component_ref idref="oc-1e4"/>
      </symbol>
      <symbol id="sm-3a0">
         <name>C$$IO$$</name>
         <value>0x19849</value>
         <object_component_ref idref="oc-219"/>
      </symbol>
      <symbol id="sm-3a1">
         <name>__TI_writemsg</name>
         <value>0x1981d</value>
         <object_component_ref idref="oc-219"/>
      </symbol>
      <symbol id="sm-3a2">
         <name>__CIOBUF_</name>
         <value>0x20200000</value>
         <object_component_ref idref="oc-250"/>
      </symbol>
      <symbol id="sm-3a3">
         <name>__TI_readmsg</name>
         <value>0x197e9</value>
         <object_component_ref idref="oc-21f"/>
      </symbol>
      <symbol id="sm-3a4">
         <name>_CIOBUF_</name>
         <value>0x20200000</value>
         <object_component_ref idref="oc-250"/>
      </symbol>
      <symbol id="sm-3aa">
         <name>__aeabi_memcpy</name>
         <value>0x19d55</value>
         <object_component_ref idref="oc-52"/>
      </symbol>
      <symbol id="sm-3ab">
         <name>__aeabi_memcpy4</name>
         <value>0x19d55</value>
         <object_component_ref idref="oc-52"/>
      </symbol>
      <symbol id="sm-3ac">
         <name>__aeabi_memcpy8</name>
         <value>0x19d55</value>
         <object_component_ref idref="oc-52"/>
      </symbol>
      <symbol id="sm-3b3">
         <name>__aeabi_memclr</name>
         <value>0x19d1d</value>
         <object_component_ref idref="oc-91"/>
      </symbol>
      <symbol id="sm-3b4">
         <name>__aeabi_memclr4</name>
         <value>0x19d1d</value>
         <object_component_ref idref="oc-91"/>
      </symbol>
      <symbol id="sm-3b5">
         <name>__aeabi_memclr8</name>
         <value>0x19d1d</value>
         <object_component_ref idref="oc-91"/>
      </symbol>
      <symbol id="sm-3bb">
         <name>__aeabi_uidiv</name>
         <value>0x19541</value>
         <object_component_ref idref="oc-153"/>
      </symbol>
      <symbol id="sm-3bc">
         <name>__aeabi_uidivmod</name>
         <value>0x19541</value>
         <object_component_ref idref="oc-153"/>
      </symbol>
      <symbol id="sm-3c7">
         <name>__aeabi_idiv0</name>
         <value>0x186c7</value>
         <object_component_ref idref="oc-1b9"/>
      </symbol>
      <symbol id="sm-3d5">
         <name>finddevice</name>
         <value>0x19885</value>
         <object_component_ref idref="oc-199"/>
      </symbol>
      <symbol id="sm-3d6">
         <name>getdevice</name>
         <value>0x18ff1</value>
         <object_component_ref idref="oc-237"/>
      </symbol>
      <symbol id="sm-3df">
         <name>TI_memcpy_small</name>
         <value>0x19c79</value>
         <object_component_ref idref="oc-b3"/>
      </symbol>
      <symbol id="sm-3e8">
         <name>TI_memset_small</name>
         <value>0x19cf5</value>
         <object_component_ref idref="oc-113"/>
      </symbol>
      <symbol id="sm-3f0">
         <name>strcmp</name>
         <value>0x18a41</value>
         <object_component_ref idref="oc-1d2"/>
      </symbol>
      <symbol id="sm-3f1">
         <name>__TI_static_base__</name>
         <value>0x0</value>
      </symbol>
      <symbol id="sm-3f4">
         <name>__mpu_init</name>
         <value>0x0</value>
      </symbol>
      <symbol id="sm-3f5">
         <name>_system_post_cinit</name>
         <value>0x0</value>
      </symbol>
   </symbol_table>
   <title>Link successful</title>
</link_info>
