******************************************************************************
            TI ARM Clang Linker PC v4.0.4                      
******************************************************************************
>> Linked Wed Apr 15 20:41:39 2026

OUTPUT FILE NAME:   <BevoKart_code.out>
ENTRY POINT SYMBOL: "_c_int00_noargs"  address: 00001d65


MEMORY CONFIGURATION

         name            origin    length      used     unused   attr    fill
----------------------  --------  ---------  --------  --------  ----  --------
  FLASH                 00000000   00020000  00003630  0001c9d0  R  X
  SRAM                  20200000   00008000  000007c0  00007840  RW X
  BCR_CONFIG            41c00000   00000080  00000000  00000080  R   
  BSL_CONFIG            41c00100   00000080  00000000  00000080  R   


SEGMENT ALLOCATION MAP

run origin  load origin   length   init length attrs members
----------  ----------- ---------- ----------- ----- -------
00000000    00000000    00003630   00003630    r-x
  00000000    00000000    000000c0   000000c0    r-- .intvecs
  000000c0    000000c0    00001e80   00001e80    r-x .text
  00001f40    00001f40    00001660   00001660    r-- .rodata
  000035a0    000035a0    00000090   00000090    r-- .cinit
20200000    20200000    000005c3   00000000    rw-
  20200000    20200000    00000200   00000000    rw- .sysmem
  20200200    20200200    000001e9   00000000    rw- .data
  202003ec    202003ec    000001d7   00000000    rw- .bss
20207e00    20207e00    00000200   00000000    rw-
  20207e00    20207e00    00000200   00000000    rw- .stack


SECTION ALLOCATION MAP

 output                                  attributes/
section   page    origin      length       input sections
--------  ----  ----------  ----------   ----------------
.intvecs   0    00000000    000000c0     
                  00000000    000000c0     startup_mspm0g3507_ticlang.o (.intvecs)

.text      0    000000c0    00001e80     
                  000000c0    00000210     ST7735.o (.text.ST7735_DrawBitmap)
                  000002d0    000001b4     Clock.o (.text.Clock_Init80MHz)
                  00000484    000001a8     ST7735.o (.text.ST7735_DrawChar)
                  0000062c    00000154     libc.a : fopen.c.obj (.text._openfile)
                  00000780    00000118     ST7735.o (.text.ST7735_FillRect)
                  00000898    00000114     libc.a : memory.c.obj (.text.aligned_alloc)
                  000009ac    000000f8     SPI.o (.text.SPI_Init)
                  00000aa4    000000ec     libsysbm.a : add_device.c.obj (.text.add_device)
                  00000b90    000000e8     libc.a : memory.c.obj (.text.free)
                  00000c78    000000e0            : setvbuf.c.obj (.text.setvbuf)
                  00000d58    000000d0     ST7735.o (.text.ST7735_OutChar)
                  00000e28    000000d0     game_main.o (.text.main)
                  00000ef8    000000a2     ST7735.o (.text.commandList)
                  00000f9a    00000002     Sound.o (.text.SysTick_Handler)
                  00000f9c    000000a0     libsysbm.a : open.c.obj (.text.open)
                  0000103c    0000009c     ST7735.o (.text.ST7735_InitPrintf)
                  000010d8    00000098     ST7735.o (.text.ST7735_InitR)
                  00001170    00000088     ST7735.o (.text.setAddrWindow)
                  000011f8    00000008     libclang_rt.builtins.a : aeabi_memcpy.S.obj (.text.__aeabi_memcpy)
                  00001200    00000088     libc.a : strcmp-armv6m.S.obj (.text:strcmp)
                  00001288    00000084     ST7735.o (.text.ST7735_DrawString)
                  0000130c    0000007c     LaunchPad.o (.text.LaunchPad_Init)
                  00001388    0000007c     libc.a : fclose.c.obj (.text.__TI_closefile)
                  00001404    0000007c            : copy_decompress_lzss.c.obj (.text:decompress:lzss)
                  00001480    0000006c     libsysbm.a : hostlseek.c.obj (.text.HOSTlseek)
                  000014ec    0000006c                : hostrename.c.obj (.text.HOSTrename)
                  00001558    0000006c     libc.a : getdevice.c.obj (.text.getdevice)
                  000015c4    00000064            : memory.c.obj (.text.split)
                  00001628    00000060     libsysbm.a : hostopen.c.obj (.text.HOSTopen)
                  00001688    00000058                : hostread.c.obj (.text.HOSTread)
                  000016e0    00000058                : hostwrite.c.obj (.text.HOSTwrite)
                  00001738    00000052     libc.a : fflush.c.obj (.text.__TI_doflush)
                  0000178a    00000002     libclang_rt.builtins.a : aeabi_div0.c.obj (.text.__aeabi_idiv0)
                  0000178c    00000050     libsysbm.a : close.c.obj (.text.close)
                  000017dc    00000048                : hostclose.c.obj (.text.HOSTclose)
                  00001824    00000048                : hostunlink.c.obj (.text.HOSTunlink)
                  0000186c    00000048     SPI.o (.text.SPI_OutCommand)
                  000018b4    00000040     SPI.o (.text.SPI_Reset)
                  000018f4    00000040     TExaS.o (.text.TIMG7_IRQHandler)
                  00001934    00000040     libclang_rt.builtins.a : aeabi_uidivmod.S.obj (.text.__aeabi_uidivmod)
                  00001974    00000040     libc.a : fopen.c.obj (.text._search_fp)
                  000019b4    0000003c            : autoinit.c.obj (.text:__TI_auto_init_nobinit_nopinit)
                  000019f0    00000038     LaunchPad.o (.text.ActivatePortA_B)
                  00001a28    00000038     SPI.o (.text.SPI_OutData)
                  00001a60    00000034     Clock.o (.text.Clock_Delay1ms)
                  00001a94    00000034     ST7735.o (.text.ST7735_SetCursor)
                  00001ac8    00000034     ST7735.o (.text.ST7735_write)
                  00001afc    00000034     libc.a : fopen.c.obj (.text.__TI_cleanup)
                  00001b30    00000034     libsysbm.a : trgmsg.c.obj (.text.__TI_readmsg)
                  00001b64    00000034                : trgmsg.c.obj (.text.__TI_writemsg)
                  00001b98    00000034     libc.a : exit.c.obj (.text.exit)
                  00001bcc    00000034            : getdevice.c.obj (.text.finddevice)
                  00001c00    00000034            : fopen.c.obj (.text.freopen)
                  00001c34    00000030     ST7735.o (.text.commonInit)
                  00001c64    00000030     libc.a : fopen.c.obj (.text.fopen)
                  00001c94    0000002c     ST7735.o (.text.ST7735_FillScreen)
                  00001cc0    0000002c     libsysbm.a : unlink.c.obj (.text.unlink)
                  00001cec    00000028     game_main.o (.text.TIMG12_IRQHandler)
                  00001d14    00000028     libc.a : memory.c.obj (.text.free_list_insert)
                  00001d3c    00000028     libsysbm.a : write.c.obj (.text.write)
                  00001d64    00000028     libc.a : boot_cortex_m.c.obj (.text:_c_int00_noargs)
                  00001d8c    0000001e     ST7735.o (.text.pushColor)
                  00001daa    00000002     libc.a : _lock.c.obj (.text._nop)
                  00001dac    0000001c     startup_mspm0g3507_ticlang.o (.text.Default_Handler)
                  00001dc8    0000001c     startup_mspm0g3507_ticlang.o (.text.HardFault_Handler)
                  00001de4    0000001c     libc.a : memory.c.obj (.text.free_list_remove)
                  00001e00    00000016     ST7735.o (.text.ST7735_open)
                  00001e16    00000016     ST7735.o (.text.ST7735_read)
                  00001e2c    00000016     libc.a : copy_zero_init.c.obj (.text:decompress:ZI:__TI_zero_init_nomemset)
                  00001e42    00000012            : memcpy16.S.obj (.text:TI_memcpy_small)
                  00001e54    00000012            : copy_decompress_none.c.obj (.text:decompress:none)
                  00001e66    00000010     Clock.o (.text.Clock_Delay)
                  00001e76    00000010     LaunchPad.o (.text.Delay)
                  00001e86    0000000e     libc.a : memory.c.obj (.text.OUTLINED_FUNCTION_0)
                  00001e94    0000000e     ST7735.o (.text.ST7735_lseek)
                  00001ea2    0000000e     libsysbm.a : hostrename.c.obj (.text.strcpy)
                  00001eb0    0000000e                : hostrename.c.obj (.text.strlen)
                  00001ebe    0000000e     libc.a : memset16.S.obj (.text:TI_memset_small)
                  00001ecc    0000000c     Clock.o (.text.Clock_Freq)
                  00001ed8    0000000c     ST7735.o (.text.ST7735_rename)
                  00001ee4    0000000c     libclang_rt.builtins.a : aeabi_memset.S.obj (.text.__aeabi_memclr)
                  00001ef0    0000000c     libc.a : memory.c.obj (.text.malloc)
                  00001efc    0000000a     game_main.o (.text.PLL_Init)
                  00001f06    0000000a     ST7735.o (.text.ST7735_close)
                  00001f10    0000000a     ST7735.o (.text.ST7735_unlink)
                  00001f1a    00000008     libsysbm.a : remove.c.obj (.text.remove)
                  00001f22    00000006     libc.a : exit.c.obj (.text:abort)
                  00001f28    00000004     libsysbm.a : hostexit.c.obj (.text.HOSTexit)
                  00001f2c    00000004     startup_mspm0g3507_ticlang.o (.text.Reset_Handler)
                  00001f30    00000004     libc.a : pre_init.c.obj (.text._system_pre_init)
                  00001f34    00000002     game_main.o (.text.graphics_init)
                  00001f36    0000000a     --HOLE-- [fill = 0]

.cinit     0    000035a0    00000090     
                  000035a0    0000006c     (.cinit..data.load) [load image, compression = lzss]
                  0000360c    0000000c     (__TI_handler_table)
                  00003618    00000008     (.cinit..bss.load) [load image, compression = zero_init]
                  00003620    00000010     (__TI_cinit_table)

.rodata    0    00001f40    00001660     
                  00001f40    000004fb     ST7735.o (.rodata.Font)
                  0000243b    00000001     --HOLE-- [fill = 0]
                  0000243c    0000032a     game_main.o (.rodata.am_car1)
                  00002766    0000032a     game_main.o (.rodata.am_car2)
                  00002a90    0000032a     game_main.o (.rodata.ut_car1)
                  00002dba    0000032a     game_main.o (.rodata.ut_car2)
                  000030e4    00000190     game_main.o (.rodata.sq_r1)
                  00003274    00000190     game_main.o (.rodata.sq_r2)
                  00003404    000000f0     game_main.o (.rodata.bomb)
                  000034f4    0000003b     ST7735.o (.rodata.Rcmd1)
                  0000352f    0000002b     ST7735.o (.rodata.Rcmd3)
                  0000355a    00000016     ST7735.o (.rodata.str1.2132471336006292093.1)
                  00003570    0000000d     ST7735.o (.rodata.Rcmd2green)
                  0000357d    0000000d     ST7735.o (.rodata.Rcmd2red)
                  0000358a    00000008     ST7735.o (.rodata.str1.14694424544768695619.1)
                  00003592    00000007     ST7735.o (.rodata.str1.1448485181700679404.1)
                  00003599    00000002     ST7735.o (.rodata.str1.4408429423603725162.1)
                  0000359b    00000005     --HOLE-- [fill = 0]

.init_array 
*          0    00000000    00000000     UNINITIALIZED

.binit     0    00000000    00000000     

.sysmem    0    20200000    00000200     UNINITIALIZED
                  20200000    00000010     libc.a : memory.c.obj (.sysmem)
                  20200010    000001f0     --HOLE--

.data      0    20200200    000001e9     UNINITIALIZED
                  20200200    000000f0     libc.a : defs.c.obj (.data._ftable)
                  202002f0    00000078     libsysbm.a : host_device.c.obj (.data._device)
                  20200368    00000050                : host_device.c.obj (.data._stream)
                  202003b8    00000008     libc.a : exit.c.obj (.data..L_MergedGlobals)
                  202003c0    00000004     Clock.o (.data.BusFreq)
                  202003c4    00000004     ST7735.o (.data.StX)
                  202003c8    00000004     ST7735.o (.data.StY)
                  202003cc    00000004     libc.a : defs.c.obj (.data.__TI_ft_end)
                  202003d0    00000004            : _lock.c.obj (.data._lock)
                  202003d4    00000004            : _lock.c.obj (.data._unlock)
                  202003d8    00000002     ST7735.o (.data.StTextColor)
                  202003da    00000002     ST7735.o (.data._height)
                  202003dc    00000002     ST7735.o (.data._width)
                  202003de    00000002     --HOLE--
                  202003e0    00000001     libsysbm.a : add_device.c.obj (.data.add_device.device_init)
                  202003e1    00000003     --HOLE--
                  202003e4    00000001     libc.a : memory.c.obj (.data.memory_is_initialized)
                  202003e5    00000003     --HOLE--
                  202003e8    00000001     libsysbm.a : open.c.obj (.data.open.stream_init)

.bss       0    202003ec    000001d7     UNINITIALIZED
                  202003ec    00000120     libsysbm.a : trgmsg.c.obj (.bss:_CIOBUF_)
                  2020050c    000000a0     libc.a : defs.c.obj (.bss.__TI_tmpnams)
                  202005ac    00000008     libsysbm.a : hostopen.c.obj (.bss.parmbuf)
                  202005b4    00000004     libc.a : memory.c.obj (.bss.sys_free)
                  202005b8    00000004     (.common:TExaSLogic)
                  202005bc    00000004     (.common:TExaSadc)
                  202005c0    00000001     ST7735.o (.bss.ColStart)
                  202005c1    00000001     ST7735.o (.bss.RowStart)
                  202005c2    00000001     ST7735.o (.bss.TabColor)

.stack     0    20207e00    00000200     UNINITIALIZED
                  20207e00    00000004     libc.a : boot_cortex_m.c.obj (.stack)
                  20207e04    000001fc     --HOLE--

__llvm_prf_cnts 
*          0    20200000    00000000     UNINITIALIZED

__llvm_prf_bits 
*          0    20200000    00000000     UNINITIALIZED

MODULE SUMMARY

       Module                         code   ro data   rw data
       ------                         ----   -------   -------
    .\
       game_main.o                    260    4280      0      
       ST7735.o                       2494   1442      17     
       Clock.o                        516    0         4      
       SPI.o                          440    0         0      
       LaunchPad.o                    196    0         0      
       TExaS.o                        64     0         8      
       Sound.o                        2      0         0      
    +--+------------------------------+------+---------+---------+
       Total:                         3972   5722      29     
                                                              
    .\ticlang\
       startup_mspm0g3507_ticlang.o   60     192       0      
    +--+------------------------------+------+---------+---------+
       Total:                         60     192       0      
                                                              
    C:\ti\ccs2040\ccs\tools\compiler\ti-cgt-armllvm_4.0.4.LTS\lib\armv6m-ti-none-eabi/c/libc.a
       memory.c.obj                   702    0         5      
       fopen.c.obj                    556    0         0      
       defs.c.obj                     0      0         404    
       setvbuf.c.obj                  224    0         0      
       getdevice.c.obj                160    0         0      
       strcmp-armv6m.S.obj            136    0         0      
       copy_decompress_lzss.c.obj     124    0         0      
       fclose.c.obj                   124    0         0      
       fflush.c.obj                   82     0         0      
       exit.c.obj                     58     0         8      
       autoinit.c.obj                 60     0         0      
       boot_cortex_m.c.obj            40     0         0      
       copy_zero_init.c.obj           22     0         0      
       copy_decompress_none.c.obj     18     0         0      
       memcpy16.S.obj                 18     0         0      
       memset16.S.obj                 14     0         0      
       _lock.c.obj                    2      0         8      
       pre_init.c.obj                 4      0         0      
    +--+------------------------------+------+---------+---------+
       Total:                         2344   0         425    
                                                              
    C:\ti\ccs2040\ccs\tools\compiler\ti-cgt-armllvm_4.0.4.LTS\lib\armv6m-ti-none-eabi/c/libsysbm.a
       trgmsg.c.obj                   104    0         288    
       add_device.c.obj               236    0         1      
       host_device.c.obj              0      0         200    
       open.c.obj                     160    0         1      
       hostrename.c.obj               136    0         0      
       hostlseek.c.obj                108    0         0      
       hostopen.c.obj                 96     0         8      
       hostread.c.obj                 88     0         0      
       hostwrite.c.obj                88     0         0      
       close.c.obj                    80     0         0      
       hostclose.c.obj                72     0         0      
       hostunlink.c.obj               72     0         0      
       unlink.c.obj                   44     0         0      
       write.c.obj                    40     0         0      
       remove.c.obj                   8      0         0      
       hostexit.c.obj                 4      0         0      
    +--+------------------------------+------+---------+---------+
       Total:                         1336   0         498    
                                                              
    C:\ti\ccs2040\ccs\tools\compiler\ti-cgt-armllvm_4.0.4.LTS\lib\armv6m-ti-none-eabi/libclang_rt.builtins.a
       aeabi_uidivmod.S.obj           64     0         0      
       aeabi_memset.S.obj             12     0         0      
       aeabi_memcpy.S.obj             8      0         0      
       aeabi_div0.c.obj               2      0         0      
    +--+------------------------------+------+---------+---------+
       Total:                         86     0         0      
                                                              
       Heap:                          0      0         512    
       Stack:                         0      0         512    
       Linker Generated:              0      144       0      
    +--+------------------------------+------+---------+---------+
       Grand Total:                   7798   6058      1976   


LINKER GENERATED COPY TABLES

__TI_cinit_table @ 00003620 records: 2, size/record: 8, table size: 16
	.data: load addr=000035a0, load size=0000006c bytes, run addr=20200200, run size=000001e9 bytes, compression=lzss
	.bss: load addr=00003618, load size=00000008 bytes, run addr=202003ec, run size=000001d7 bytes, compression=zero_init


LINKER GENERATED HANDLER TABLE

__TI_handler_table @ 0000360c records: 3, size/record: 4, table size: 12
	index: 0, handler: __TI_decompress_lzss
	index: 1, handler: __TI_decompress_none
	index: 2, handler: __TI_zero_init


GLOBAL SYMBOLS: SORTED ALPHABETICALLY BY Name 

address   name                          
-------   ----                          
00001dad  ADC0_IRQHandler               
00001dad  ADC1_IRQHandler               
00001dad  AES_IRQHandler                
000019f1  ActivatePortA_B               
202003c0  BusFreq                       
00001f28  C$$EXIT                       
00001b91  C$$IO$$                       
00001dad  CANFD0_IRQHandler             
00001e67  Clock_Delay                   
00001a61  Clock_Delay1ms                
00001ecd  Clock_Freq                    
000002d1  Clock_Init80MHz               
00001dad  DAC0_IRQHandler               
00001dad  DMA_IRQHandler                
00001dad  Default_Handler               
00001e77  Delay                         
00001dad  GROUP0_IRQHandler             
00001dad  GROUP1_IRQHandler             
000017dd  HOSTclose                     
00001f29  HOSTexit                      
00001481  HOSTlseek                     
00001629  HOSTopen                      
00001689  HOSTread                      
000014ed  HOSTrename                    
00001825  HOSTunlink                    
000016e1  HOSTwrite                     
00001dc9  HardFault_Handler             
00001dad  I2C0_IRQHandler               
00001dad  I2C1_IRQHandler               
0000130d  LaunchPad_Init                
00001dad  NMI_Handler                   
00001efd  PLL_Init                      
00001dad  PendSV_Handler                
00001dad  RTC_IRQHandler                
00001f2d  Reset_Handler                 
00001dad  SPI0_IRQHandler               
00001dad  SPI1_IRQHandler               
000009ad  SPI_Init                      
0000186d  SPI_OutCommand                
00001a29  SPI_OutData                   
000018b5  SPI_Reset                     
000000c1  ST7735_DrawBitmap             
00000485  ST7735_DrawChar               
00001289  ST7735_DrawString             
00000781  ST7735_FillRect               
00001c95  ST7735_FillScreen             
0000103d  ST7735_InitPrintf             
000010d9  ST7735_InitR                  
00000d59  ST7735_OutChar                
00001a95  ST7735_SetCursor              
00001f07  ST7735_close                  
00001e95  ST7735_lseek                  
00001e01  ST7735_open                   
00001e17  ST7735_read                   
00001ed9  ST7735_rename                 
00001f11  ST7735_unlink                 
00001ac9  ST7735_write                  
00001dad  SVC_Handler                   
202003d8  StTextColor                   
202003c4  StX                           
202003c8  StY                           
00000f9b  SysTick_Handler               
202005b8  TExaSLogic                    
202005bc  TExaSadc                      
00001dad  TIMA0_IRQHandler              
00001dad  TIMA1_IRQHandler              
00001dad  TIMG0_IRQHandler              
00001ced  TIMG12_IRQHandler             
00001dad  TIMG6_IRQHandler              
000018f5  TIMG7_IRQHandler              
00001dad  TIMG8_IRQHandler              
00001e43  TI_memcpy_small               
00001ebf  TI_memset_small               
00001dad  UART0_IRQHandler              
00001dad  UART1_IRQHandler              
00001dad  UART2_IRQHandler              
00001dad  UART3_IRQHandler              
202003ec  _CIOBUF_                      
202003ec  __CIOBUF_                     
20208000  __STACK_END                   
00000200  __STACK_SIZE                  
00000200  __SYSMEM_SIZE                 
00000000  __TI_ATRegion0_region_sz      
00000000  __TI_ATRegion0_src_addr       
00000000  __TI_ATRegion0_trg_addr       
00000000  __TI_ATRegion1_region_sz      
00000000  __TI_ATRegion1_src_addr       
00000000  __TI_ATRegion1_trg_addr       
00000000  __TI_ATRegion2_region_sz      
00000000  __TI_ATRegion2_src_addr       
00000000  __TI_ATRegion2_trg_addr       
00003620  __TI_CINIT_Base               
00003630  __TI_CINIT_Limit              
00003630  __TI_CINIT_Warm               
0000360c  __TI_Handler_Table_Base       
00003618  __TI_Handler_Table_Limit      
000019b5  __TI_auto_init_nobinit_nopinit
00001afd  __TI_cleanup                  
202003b8  __TI_cleanup_ptr              
00001389  __TI_closefile                
00001405  __TI_decompress_lzss          
00001e55  __TI_decompress_none          
00001739  __TI_doflush                  
202003bc  __TI_dtors_ptr                
202003cc  __TI_ft_end                   
ffffffff  __TI_pprof_out_hndl           
ffffffff  __TI_prof_data_size           
ffffffff  __TI_prof_data_start          
00001b31  __TI_readmsg                  
00000000  __TI_static_base__            
2020050c  __TI_tmpnams                  
00001b65  __TI_writemsg                 
00001e2d  __TI_zero_init_nomemset       
0000178b  __aeabi_idiv0                 
00001ee5  __aeabi_memclr                
00001ee5  __aeabi_memclr4               
00001ee5  __aeabi_memclr8               
000011f9  __aeabi_memcpy                
000011f9  __aeabi_memcpy4               
000011f9  __aeabi_memcpy8               
00001935  __aeabi_uidiv                 
00001935  __aeabi_uidivmod              
ffffffff  __binit__                     
UNDEFED   __mpu_init                    
20207e00  __stack                       
20200000  __start___llvm_prf_bits       
20200000  __start___llvm_prf_cnts       
20200000  __stop___llvm_prf_bits        
20200000  __stop___llvm_prf_cnts        
00001d65  _c_int00_noargs               
202002f0  _device                       
20200200  _ftable                       
202003d0  _lock                         
00001dab  _nop                          
20200368  _stream                       
20200000  _sys_memory                   
UNDEFED   _system_post_cinit            
00001f31  _system_pre_init              
202003d4  _unlock                       
00001f23  abort                         
00000aa5  add_device                    
00000899  aligned_alloc                 
0000243c  am_car1                       
00002766  am_car2                       
ffffffff  binit                         
00003404  bomb                          
0000178d  close                         
00001b99  exit                          
00001bcd  finddevice                    
00001c65  fopen                         
00000b91  free                          
00001c01  freopen                       
00001559  getdevice                     
00001f35  graphics_init                 
00000000  interruptVectors              
00000e29  main                          
00001ef1  malloc                        
00000899  memalign                      
00000f9d  open                          
202005ac  parmbuf                       
00001f1b  remove                        
00000c79  setvbuf                       
000030e4  sq_r1                         
00003274  sq_r2                         
00001201  strcmp                        
00001cc1  unlink                        
00002a90  ut_car1                       
00002dba  ut_car2                       
00001d3d  write                         


GLOBAL SYMBOLS: SORTED BY Symbol Address 

address   name                          
-------   ----                          
00000000  __TI_ATRegion0_region_sz      
00000000  __TI_ATRegion0_src_addr       
00000000  __TI_ATRegion0_trg_addr       
00000000  __TI_ATRegion1_region_sz      
00000000  __TI_ATRegion1_src_addr       
00000000  __TI_ATRegion1_trg_addr       
00000000  __TI_ATRegion2_region_sz      
00000000  __TI_ATRegion2_src_addr       
00000000  __TI_ATRegion2_trg_addr       
00000000  __TI_static_base__            
00000000  interruptVectors              
000000c1  ST7735_DrawBitmap             
00000200  __STACK_SIZE                  
00000200  __SYSMEM_SIZE                 
000002d1  Clock_Init80MHz               
00000485  ST7735_DrawChar               
00000781  ST7735_FillRect               
00000899  aligned_alloc                 
00000899  memalign                      
000009ad  SPI_Init                      
00000aa5  add_device                    
00000b91  free                          
00000c79  setvbuf                       
00000d59  ST7735_OutChar                
00000e29  main                          
00000f9b  SysTick_Handler               
00000f9d  open                          
0000103d  ST7735_InitPrintf             
000010d9  ST7735_InitR                  
000011f9  __aeabi_memcpy                
000011f9  __aeabi_memcpy4               
000011f9  __aeabi_memcpy8               
00001201  strcmp                        
00001289  ST7735_DrawString             
0000130d  LaunchPad_Init                
00001389  __TI_closefile                
00001405  __TI_decompress_lzss          
00001481  HOSTlseek                     
000014ed  HOSTrename                    
00001559  getdevice                     
00001629  HOSTopen                      
00001689  HOSTread                      
000016e1  HOSTwrite                     
00001739  __TI_doflush                  
0000178b  __aeabi_idiv0                 
0000178d  close                         
000017dd  HOSTclose                     
00001825  HOSTunlink                    
0000186d  SPI_OutCommand                
000018b5  SPI_Reset                     
000018f5  TIMG7_IRQHandler              
00001935  __aeabi_uidiv                 
00001935  __aeabi_uidivmod              
000019b5  __TI_auto_init_nobinit_nopinit
000019f1  ActivatePortA_B               
00001a29  SPI_OutData                   
00001a61  Clock_Delay1ms                
00001a95  ST7735_SetCursor              
00001ac9  ST7735_write                  
00001afd  __TI_cleanup                  
00001b31  __TI_readmsg                  
00001b65  __TI_writemsg                 
00001b91  C$$IO$$                       
00001b99  exit                          
00001bcd  finddevice                    
00001c01  freopen                       
00001c65  fopen                         
00001c95  ST7735_FillScreen             
00001cc1  unlink                        
00001ced  TIMG12_IRQHandler             
00001d3d  write                         
00001d65  _c_int00_noargs               
00001dab  _nop                          
00001dad  ADC0_IRQHandler               
00001dad  ADC1_IRQHandler               
00001dad  AES_IRQHandler                
00001dad  CANFD0_IRQHandler             
00001dad  DAC0_IRQHandler               
00001dad  DMA_IRQHandler                
00001dad  Default_Handler               
00001dad  GROUP0_IRQHandler             
00001dad  GROUP1_IRQHandler             
00001dad  I2C0_IRQHandler               
00001dad  I2C1_IRQHandler               
00001dad  NMI_Handler                   
00001dad  PendSV_Handler                
00001dad  RTC_IRQHandler                
00001dad  SPI0_IRQHandler               
00001dad  SPI1_IRQHandler               
00001dad  SVC_Handler                   
00001dad  TIMA0_IRQHandler              
00001dad  TIMA1_IRQHandler              
00001dad  TIMG0_IRQHandler              
00001dad  TIMG6_IRQHandler              
00001dad  TIMG8_IRQHandler              
00001dad  UART0_IRQHandler              
00001dad  UART1_IRQHandler              
00001dad  UART2_IRQHandler              
00001dad  UART3_IRQHandler              
00001dc9  HardFault_Handler             
00001e01  ST7735_open                   
00001e17  ST7735_read                   
00001e2d  __TI_zero_init_nomemset       
00001e43  TI_memcpy_small               
00001e55  __TI_decompress_none          
00001e67  Clock_Delay                   
00001e77  Delay                         
00001e95  ST7735_lseek                  
00001ebf  TI_memset_small               
00001ecd  Clock_Freq                    
00001ed9  ST7735_rename                 
00001ee5  __aeabi_memclr                
00001ee5  __aeabi_memclr4               
00001ee5  __aeabi_memclr8               
00001ef1  malloc                        
00001efd  PLL_Init                      
00001f07  ST7735_close                  
00001f11  ST7735_unlink                 
00001f1b  remove                        
00001f23  abort                         
00001f28  C$$EXIT                       
00001f29  HOSTexit                      
00001f2d  Reset_Handler                 
00001f31  _system_pre_init              
00001f35  graphics_init                 
0000243c  am_car1                       
00002766  am_car2                       
00002a90  ut_car1                       
00002dba  ut_car2                       
000030e4  sq_r1                         
00003274  sq_r2                         
00003404  bomb                          
0000360c  __TI_Handler_Table_Base       
00003618  __TI_Handler_Table_Limit      
00003620  __TI_CINIT_Base               
00003630  __TI_CINIT_Limit              
00003630  __TI_CINIT_Warm               
20200000  __start___llvm_prf_bits       
20200000  __start___llvm_prf_cnts       
20200000  __stop___llvm_prf_bits        
20200000  __stop___llvm_prf_cnts        
20200000  _sys_memory                   
20200200  _ftable                       
202002f0  _device                       
20200368  _stream                       
202003b8  __TI_cleanup_ptr              
202003bc  __TI_dtors_ptr                
202003c0  BusFreq                       
202003c4  StX                           
202003c8  StY                           
202003cc  __TI_ft_end                   
202003d0  _lock                         
202003d4  _unlock                       
202003d8  StTextColor                   
202003ec  _CIOBUF_                      
202003ec  __CIOBUF_                     
2020050c  __TI_tmpnams                  
202005ac  parmbuf                       
202005b8  TExaSLogic                    
202005bc  TExaSadc                      
20207e00  __stack                       
20208000  __STACK_END                   
ffffffff  __TI_pprof_out_hndl           
ffffffff  __TI_prof_data_size           
ffffffff  __TI_prof_data_start          
ffffffff  __binit__                     
ffffffff  binit                         
UNDEFED   __mpu_init                    
UNDEFED   _system_post_cinit            

[169 symbols]
