******************************************************************************
            TI ARM Clang Linker PC v4.0.4                      
******************************************************************************
>> Linked Wed Apr 15 22:17:06 2026

OUTPUT FILE NAME:   <BevoKart_code.out>
ENTRY POINT SYMBOL: "_c_int00_noargs"  address: 000173e5


MEMORY CONFIGURATION

         name            origin    length      used     unused   attr    fill
----------------------  --------  ---------  --------  --------  ----  --------
  FLASH                 00000000   00020000  00017658  000089a8  R  X
  SRAM                  20200000   00008000  000007c0  00007840  RW X
  BCR_CONFIG            41c00000   00000080  00000000  00000080  R   
  BSL_CONFIG            41c00100   00000080  00000000  00000080  R   


SEGMENT ALLOCATION MAP

run origin  load origin   length   init length attrs members
----------  ----------- ---------- ----------- ----- -------
00000000    00000000    00017658   00017658    r-x
  00000000    00000000    000000c0   000000c0    r-- .intvecs
  000000c0    000000c0    00015660   00015660    r-- .rodata
  00015720    00015720    00001ea0   00001ea0    r-x .text
  000175c0    000175c0    00000098   00000098    r-- .cinit
20200000    20200000    000005c3   00000000    rw-
  20200000    20200000    00000200   00000000    rw- .sysmem
  20200200    20200200    000001e9   00000000    rw- .data
  202003ec    202003ec    000001d7   00000000    rw- .bss
20207e00    20207e00    00000200   00000000    rw-
  20207e00    20207e00    00000200   00000000    rw- .stack


SECTION ALLOCATION MAP

 output                                  attributes/
section   page    origin      length       input sections
--------  ----  ----------  ----------   ----------------
.intvecs   0    00000000    000000c0     
                  00000000    000000c0     startup_mspm0g3507_ticlang.o (.intvecs)

.text      0    00015720    00001ea0     
                  00015720    00000210     ST7735.o (.text.ST7735_DrawBitmap)
                  00015930    000001b4     Clock.o (.text.Clock_Init80MHz)
                  00015ae4    000001a8     ST7735.o (.text.ST7735_DrawChar)
                  00015c8c    00000154     libc.a : fopen.c.obj (.text._openfile)
                  00015de0    00000118     ST7735.o (.text.ST7735_FillRect)
                  00015ef8    00000114     libc.a : memory.c.obj (.text.aligned_alloc)
                  0001600c    000000f8     SPI.o (.text.SPI_Init)
                  00016104    000000f8     game_main.o (.text.main)
                  000161fc    000000ec     libsysbm.a : add_device.c.obj (.text.add_device)
                  000162e8    000000e8     libc.a : memory.c.obj (.text.free)
                  000163d0    000000e0            : setvbuf.c.obj (.text.setvbuf)
                  000164b0    000000d0     ST7735.o (.text.ST7735_OutChar)
                  00016580    000000a2     ST7735.o (.text.commandList)
                  00016622    00000002     Sound.o (.text.SysTick_Handler)
                  00016624    000000a0     libsysbm.a : open.c.obj (.text.open)
                  000166c4    0000009c     ST7735.o (.text.ST7735_InitPrintf)
                  00016760    00000098     ST7735.o (.text.ST7735_InitR)
                  000167f8    00000088     ST7735.o (.text.setAddrWindow)
                  00016880    00000088     libc.a : strcmp-armv6m.S.obj (.text:strcmp)
                  00016908    00000084     ST7735.o (.text.ST7735_DrawString)
                  0001698c    0000007c     LaunchPad.o (.text.LaunchPad_Init)
                  00016a08    0000007c     libc.a : fclose.c.obj (.text.__TI_closefile)
                  00016a84    0000007c            : copy_decompress_lzss.c.obj (.text:decompress:lzss)
                  00016b00    0000006c     libsysbm.a : hostlseek.c.obj (.text.HOSTlseek)
                  00016b6c    0000006c                : hostrename.c.obj (.text.HOSTrename)
                  00016bd8    0000006c     libc.a : getdevice.c.obj (.text.getdevice)
                  00016c44    00000064            : memory.c.obj (.text.split)
                  00016ca8    00000060     libsysbm.a : hostopen.c.obj (.text.HOSTopen)
                  00016d08    00000058                : hostread.c.obj (.text.HOSTread)
                  00016d60    00000058                : hostwrite.c.obj (.text.HOSTwrite)
                  00016db8    00000052     libc.a : fflush.c.obj (.text.__TI_doflush)
                  00016e0a    00000002     libclang_rt.builtins.a : aeabi_div0.c.obj (.text.__aeabi_idiv0)
                  00016e0c    00000050     libsysbm.a : close.c.obj (.text.close)
                  00016e5c    00000048                : hostclose.c.obj (.text.HOSTclose)
                  00016ea4    00000048                : hostunlink.c.obj (.text.HOSTunlink)
                  00016eec    00000048     SPI.o (.text.SPI_OutCommand)
                  00016f34    00000040     SPI.o (.text.SPI_Reset)
                  00016f74    00000040     TExaS.o (.text.TIMG7_IRQHandler)
                  00016fb4    00000040     libclang_rt.builtins.a : aeabi_uidivmod.S.obj (.text.__aeabi_uidivmod)
                  00016ff4    00000040     libc.a : fopen.c.obj (.text._search_fp)
                  00017034    0000003c            : autoinit.c.obj (.text:__TI_auto_init_nobinit_nopinit)
                  00017070    00000038     LaunchPad.o (.text.ActivatePortA_B)
                  000170a8    00000038     SPI.o (.text.SPI_OutData)
                  000170e0    00000034     Clock.o (.text.Clock_Delay1ms)
                  00017114    00000034     ST7735.o (.text.ST7735_SetCursor)
                  00017148    00000034     ST7735.o (.text.ST7735_write)
                  0001717c    00000034     libc.a : fopen.c.obj (.text.__TI_cleanup)
                  000171b0    00000034     libsysbm.a : trgmsg.c.obj (.text.__TI_readmsg)
                  000171e4    00000034                : trgmsg.c.obj (.text.__TI_writemsg)
                  00017218    00000034     libc.a : exit.c.obj (.text.exit)
                  0001724c    00000034            : getdevice.c.obj (.text.finddevice)
                  00017280    00000034            : fopen.c.obj (.text.freopen)
                  000172b4    00000030     ST7735.o (.text.commonInit)
                  000172e4    00000030     libc.a : fopen.c.obj (.text.fopen)
                  00017314    0000002c     ST7735.o (.text.ST7735_FillScreen)
                  00017340    0000002c     libsysbm.a : unlink.c.obj (.text.unlink)
                  0001736c    00000028     game_main.o (.text.TIMG12_IRQHandler)
                  00017394    00000028     libc.a : memory.c.obj (.text.free_list_insert)
                  000173bc    00000028     libsysbm.a : write.c.obj (.text.write)
                  000173e4    00000028     libc.a : boot_cortex_m.c.obj (.text:_c_int00_noargs)
                  0001740c    0000001e     ST7735.o (.text.pushColor)
                  0001742a    00000002     libc.a : _lock.c.obj (.text._nop)
                  0001742c    0000001c     startup_mspm0g3507_ticlang.o (.text.Default_Handler)
                  00017448    0000001c     startup_mspm0g3507_ticlang.o (.text.HardFault_Handler)
                  00017464    0000001c     libc.a : memory.c.obj (.text.free_list_remove)
                  00017480    00000016     ST7735.o (.text.ST7735_open)
                  00017496    00000016     ST7735.o (.text.ST7735_read)
                  000174ac    00000016     libc.a : copy_zero_init.c.obj (.text:decompress:ZI:__TI_zero_init_nomemset)
                  000174c2    00000012            : memcpy16.S.obj (.text:TI_memcpy_small)
                  000174d4    00000012            : copy_decompress_none.c.obj (.text:decompress:none)
                  000174e6    00000010     Clock.o (.text.Clock_Delay)
                  000174f6    00000010     LaunchPad.o (.text.Delay)
                  00017506    0000000e     libc.a : memory.c.obj (.text.OUTLINED_FUNCTION_0)
                  00017514    0000000e     ST7735.o (.text.ST7735_lseek)
                  00017522    0000000e     libsysbm.a : hostrename.c.obj (.text.strcpy)
                  00017530    0000000e                : hostrename.c.obj (.text.strlen)
                  0001753e    0000000e     libc.a : memset16.S.obj (.text:TI_memset_small)
                  0001754c    0000000c     Clock.o (.text.Clock_Freq)
                  00017558    0000000c     ST7735.o (.text.ST7735_rename)
                  00017564    0000000c     libclang_rt.builtins.a : aeabi_memset.S.obj (.text.__aeabi_memclr)
                  00017570    0000000c     libc.a : memory.c.obj (.text.malloc)
                  0001757c    0000000a     game_main.o (.text.PLL_Init)
                  00017586    0000000a     ST7735.o (.text.ST7735_close)
                  00017590    0000000a     ST7735.o (.text.ST7735_unlink)
                  0001759a    00000002     game_main.o (.text.graphics_init)
                  0001759c    00000008     libclang_rt.builtins.a : aeabi_memcpy.S.obj (.text.__aeabi_memcpy)
                  000175a4    00000008     libsysbm.a : remove.c.obj (.text.remove)
                  000175ac    00000006     libc.a : exit.c.obj (.text:abort)
                  000175b2    00000004     libsysbm.a : hostexit.c.obj (.text.HOSTexit)
                  000175b6    00000004     startup_mspm0g3507_ticlang.o (.text.Reset_Handler)
                  000175ba    00000004     libc.a : pre_init.c.obj (.text._system_pre_init)
                  000175be    00000002     --HOLE-- [fill = 0]

.cinit     0    000175c0    00000098     
                  000175c0    0000006d     (.cinit..data.load) [load image, compression = lzss]
                  0001762d    00000003     --HOLE-- [fill = 0]
                  00017630    0000000c     (__TI_handler_table)
                  0001763c    00000008     (.cinit..bss.load) [load image, compression = zero_init]
                  00017644    00000010     (__TI_cinit_table)
                  00017654    00000004     --HOLE-- [fill = 0]

.rodata    0    000000c0    00015660     
                  000000c0    0000a000     game_main.o (.rodata.track_1)
                  0000a0c0    0000a000     game_main.o (.rodata.track_2)
                  000140c0    000004fb     ST7735.o (.rodata.Font)
                  000145bb    00000001     --HOLE-- [fill = 0]
                  000145bc    0000032a     game_main.o (.rodata.am_car1)
                  000148e6    0000032a     game_main.o (.rodata.am_car2)
                  00014c10    0000032a     game_main.o (.rodata.ut_car1)
                  00014f3a    0000032a     game_main.o (.rodata.ut_car2)
                  00015264    00000190     game_main.o (.rodata.sq_r1)
                  000153f4    00000190     game_main.o (.rodata.sq_r2)
                  00015584    000000f0     game_main.o (.rodata.bomb)
                  00015674    0000003b     ST7735.o (.rodata.Rcmd1)
                  000156af    0000002b     ST7735.o (.rodata.Rcmd3)
                  000156da    00000016     ST7735.o (.rodata.str1.2132471336006292093.1)
                  000156f0    0000000d     ST7735.o (.rodata.Rcmd2green)
                  000156fd    0000000d     ST7735.o (.rodata.Rcmd2red)
                  0001570a    00000008     ST7735.o (.rodata.str1.14694424544768695619.1)
                  00015712    00000007     ST7735.o (.rodata.str1.1448485181700679404.1)
                  00015719    00000002     ST7735.o (.rodata.str1.4408429423603725162.1)
                  0001571b    00000005     --HOLE-- [fill = 0]

.init_array 
*          0    00000000    00000000     UNINITIALIZED

.binit     0    00000000    00000000     

.sysmem    0    20200000    00000200     UNINITIALIZED
                  20200000    00000010     libc.a : memory.c.obj (.sysmem)
                  20200010    000001f0     --HOLE--

.data      0    20200200    000001e9     UNINITIALIZED
                  20200200    000000f0     libc.a : defs.c.obj (.data._ftable)
                  202002f0    00000078     libsysbm.a : host_device.c.obj (.data._device)
                  20200368    00000050                : host_device.c.obj (.data._stream)
                  202003b8    00000008     libc.a : exit.c.obj (.data..L_MergedGlobals)
                  202003c0    00000004     Clock.o (.data.BusFreq)
                  202003c4    00000004     ST7735.o (.data.StX)
                  202003c8    00000004     ST7735.o (.data.StY)
                  202003cc    00000004     libc.a : defs.c.obj (.data.__TI_ft_end)
                  202003d0    00000004            : _lock.c.obj (.data._lock)
                  202003d4    00000004            : _lock.c.obj (.data._unlock)
                  202003d8    00000002     ST7735.o (.data.StTextColor)
                  202003da    00000002     ST7735.o (.data._height)
                  202003dc    00000002     ST7735.o (.data._width)
                  202003de    00000002     --HOLE--
                  202003e0    00000001     libsysbm.a : add_device.c.obj (.data.add_device.device_init)
                  202003e1    00000003     --HOLE--
                  202003e4    00000001     libc.a : memory.c.obj (.data.memory_is_initialized)
                  202003e5    00000003     --HOLE--
                  202003e8    00000001     libsysbm.a : open.c.obj (.data.open.stream_init)

.bss       0    202003ec    000001d7     UNINITIALIZED
                  202003ec    00000120     libsysbm.a : trgmsg.c.obj (.bss:_CIOBUF_)
                  2020050c    000000a0     libc.a : defs.c.obj (.bss.__TI_tmpnams)
                  202005ac    00000008     libsysbm.a : hostopen.c.obj (.bss.parmbuf)
                  202005b4    00000004     libc.a : memory.c.obj (.bss.sys_free)
                  202005b8    00000004     (.common:TExaSLogic)
                  202005bc    00000004     (.common:TExaSadc)
                  202005c0    00000001     ST7735.o (.bss.ColStart)
                  202005c1    00000001     ST7735.o (.bss.RowStart)
                  202005c2    00000001     ST7735.o (.bss.TabColor)

.stack     0    20207e00    00000200     UNINITIALIZED
                  20207e00    00000004     libc.a : boot_cortex_m.c.obj (.stack)
                  20207e04    000001fc     --HOLE--

__llvm_prf_cnts 
*          0    20200000    00000000     UNINITIALIZED

__llvm_prf_bits 
*          0    20200000    00000000     UNINITIALIZED

MODULE SUMMARY

       Module                         code   ro data   rw data
       ------                         ----   -------   -------
    .\
       game_main.o                    300    86200     0      
       ST7735.o                       2494   1442      17     
       Clock.o                        516    0         4      
       SPI.o                          440    0         0      
       LaunchPad.o                    196    0         0      
       TExaS.o                        64     0         8      
       Sound.o                        2      0         0      
    +--+------------------------------+------+---------+---------+
       Total:                         4012   87642     29     
                                                              
    .\ticlang\
       startup_mspm0g3507_ticlang.o   60     192       0      
    +--+------------------------------+------+---------+---------+
       Total:                         60     192       0      
                                                              
    C:\ti\ccs2040\ccs\tools\compiler\ti-cgt-armllvm_4.0.4.LTS\lib\armv6m-ti-none-eabi/c/libc.a
       memory.c.obj                   702    0         5      
       fopen.c.obj                    556    0         0      
       defs.c.obj                     0      0         404    
       setvbuf.c.obj                  224    0         0      
       getdevice.c.obj                160    0         0      
       strcmp-armv6m.S.obj            136    0         0      
       copy_decompress_lzss.c.obj     124    0         0      
       fclose.c.obj                   124    0         0      
       fflush.c.obj                   82     0         0      
       exit.c.obj                     58     0         8      
       autoinit.c.obj                 60     0         0      
       boot_cortex_m.c.obj            40     0         0      
       copy_zero_init.c.obj           22     0         0      
       copy_decompress_none.c.obj     18     0         0      
       memcpy16.S.obj                 18     0         0      
       memset16.S.obj                 14     0         0      
       _lock.c.obj                    2      0         8      
       pre_init.c.obj                 4      0         0      
    +--+------------------------------+------+---------+---------+
       Total:                         2344   0         425    
                                                              
    C:\ti\ccs2040\ccs\tools\compiler\ti-cgt-armllvm_4.0.4.LTS\lib\armv6m-ti-none-eabi/c/libsysbm.a
       trgmsg.c.obj                   104    0         288    
       add_device.c.obj               236    0         1      
       host_device.c.obj              0      0         200    
       open.c.obj                     160    0         1      
       hostrename.c.obj               136    0         0      
       hostlseek.c.obj                108    0         0      
       hostopen.c.obj                 96     0         8      
       hostread.c.obj                 88     0         0      
       hostwrite.c.obj                88     0         0      
       close.c.obj                    80     0         0      
       hostclose.c.obj                72     0         0      
       hostunlink.c.obj               72     0         0      
       unlink.c.obj                   44     0         0      
       write.c.obj                    40     0         0      
       remove.c.obj                   8      0         0      
       hostexit.c.obj                 4      0         0      
    +--+------------------------------+------+---------+---------+
       Total:                         1336   0         498    
                                                              
    C:\ti\ccs2040\ccs\tools\compiler\ti-cgt-armllvm_4.0.4.LTS\lib\armv6m-ti-none-eabi/libclang_rt.builtins.a
       aeabi_uidivmod.S.obj           64     0         0      
       aeabi_memset.S.obj             12     0         0      
       aeabi_memcpy.S.obj             8      0         0      
       aeabi_div0.c.obj               2      0         0      
    +--+------------------------------+------+---------+---------+
       Total:                         86     0         0      
                                                              
       Heap:                          0      0         512    
       Stack:                         0      0         512    
       Linker Generated:              0      145       0      
    +--+------------------------------+------+---------+---------+
       Grand Total:                   7838   87979     1976   


LINKER GENERATED COPY TABLES

__TI_cinit_table @ 00017644 records: 2, size/record: 8, table size: 16
	.data: load addr=000175c0, load size=0000006d bytes, run addr=20200200, run size=000001e9 bytes, compression=lzss
	.bss: load addr=0001763c, load size=00000008 bytes, run addr=202003ec, run size=000001d7 bytes, compression=zero_init


LINKER GENERATED HANDLER TABLE

__TI_handler_table @ 00017630 records: 3, size/record: 4, table size: 12
	index: 0, handler: __TI_decompress_lzss
	index: 1, handler: __TI_decompress_none
	index: 2, handler: __TI_zero_init


GLOBAL SYMBOLS: SORTED ALPHABETICALLY BY Name 

address   name                          
-------   ----                          
0001742d  ADC0_IRQHandler               
0001742d  ADC1_IRQHandler               
0001742d  AES_IRQHandler                
00017071  ActivatePortA_B               
202003c0  BusFreq                       
000175b2  C$$EXIT                       
00017211  C$$IO$$                       
0001742d  CANFD0_IRQHandler             
000174e7  Clock_Delay                   
000170e1  Clock_Delay1ms                
0001754d  Clock_Freq                    
00015931  Clock_Init80MHz               
0001742d  DAC0_IRQHandler               
0001742d  DMA_IRQHandler                
0001742d  Default_Handler               
000174f7  Delay                         
0001742d  GROUP0_IRQHandler             
0001742d  GROUP1_IRQHandler             
00016e5d  HOSTclose                     
000175b3  HOSTexit                      
00016b01  HOSTlseek                     
00016ca9  HOSTopen                      
00016d09  HOSTread                      
00016b6d  HOSTrename                    
00016ea5  HOSTunlink                    
00016d61  HOSTwrite                     
00017449  HardFault_Handler             
0001742d  I2C0_IRQHandler               
0001742d  I2C1_IRQHandler               
0001698d  LaunchPad_Init                
0001742d  NMI_Handler                   
0001757d  PLL_Init                      
0001742d  PendSV_Handler                
0001742d  RTC_IRQHandler                
000175b7  Reset_Handler                 
0001742d  SPI0_IRQHandler               
0001742d  SPI1_IRQHandler               
0001600d  SPI_Init                      
00016eed  SPI_OutCommand                
000170a9  SPI_OutData                   
00016f35  SPI_Reset                     
00015721  ST7735_DrawBitmap             
00015ae5  ST7735_DrawChar               
00016909  ST7735_DrawString             
00015de1  ST7735_FillRect               
00017315  ST7735_FillScreen             
000166c5  ST7735_InitPrintf             
00016761  ST7735_InitR                  
000164b1  ST7735_OutChar                
00017115  ST7735_SetCursor              
00017587  ST7735_close                  
00017515  ST7735_lseek                  
00017481  ST7735_open                   
00017497  ST7735_read                   
00017559  ST7735_rename                 
00017591  ST7735_unlink                 
00017149  ST7735_write                  
0001742d  SVC_Handler                   
202003d8  StTextColor                   
202003c4  StX                           
202003c8  StY                           
00016623  SysTick_Handler               
202005b8  TExaSLogic                    
202005bc  TExaSadc                      
0001742d  TIMA0_IRQHandler              
0001742d  TIMA1_IRQHandler              
0001742d  TIMG0_IRQHandler              
0001736d  TIMG12_IRQHandler             
0001742d  TIMG6_IRQHandler              
00016f75  TIMG7_IRQHandler              
0001742d  TIMG8_IRQHandler              
000174c3  TI_memcpy_small               
0001753f  TI_memset_small               
0001742d  UART0_IRQHandler              
0001742d  UART1_IRQHandler              
0001742d  UART2_IRQHandler              
0001742d  UART3_IRQHandler              
202003ec  _CIOBUF_                      
202003ec  __CIOBUF_                     
20208000  __STACK_END                   
00000200  __STACK_SIZE                  
00000200  __SYSMEM_SIZE                 
00000000  __TI_ATRegion0_region_sz      
00000000  __TI_ATRegion0_src_addr       
00000000  __TI_ATRegion0_trg_addr       
00000000  __TI_ATRegion1_region_sz      
00000000  __TI_ATRegion1_src_addr       
00000000  __TI_ATRegion1_trg_addr       
00000000  __TI_ATRegion2_region_sz      
00000000  __TI_ATRegion2_src_addr       
00000000  __TI_ATRegion2_trg_addr       
00017644  __TI_CINIT_Base               
00017654  __TI_CINIT_Limit              
00017654  __TI_CINIT_Warm               
00017630  __TI_Handler_Table_Base       
0001763c  __TI_Handler_Table_Limit      
00017035  __TI_auto_init_nobinit_nopinit
0001717d  __TI_cleanup                  
202003b8  __TI_cleanup_ptr              
00016a09  __TI_closefile                
00016a85  __TI_decompress_lzss          
000174d5  __TI_decompress_none          
00016db9  __TI_doflush                  
202003bc  __TI_dtors_ptr                
202003cc  __TI_ft_end                   
ffffffff  __TI_pprof_out_hndl           
ffffffff  __TI_prof_data_size           
ffffffff  __TI_prof_data_start          
000171b1  __TI_readmsg                  
00000000  __TI_static_base__            
2020050c  __TI_tmpnams                  
000171e5  __TI_writemsg                 
000174ad  __TI_zero_init_nomemset       
00016e0b  __aeabi_idiv0                 
00017565  __aeabi_memclr                
00017565  __aeabi_memclr4               
00017565  __aeabi_memclr8               
0001759d  __aeabi_memcpy                
0001759d  __aeabi_memcpy4               
0001759d  __aeabi_memcpy8               
00016fb5  __aeabi_uidiv                 
00016fb5  __aeabi_uidivmod              
ffffffff  __binit__                     
UNDEFED   __mpu_init                    
20207e00  __stack                       
20200000  __start___llvm_prf_bits       
20200000  __start___llvm_prf_cnts       
20200000  __stop___llvm_prf_bits        
20200000  __stop___llvm_prf_cnts        
000173e5  _c_int00_noargs               
202002f0  _device                       
20200200  _ftable                       
202003d0  _lock                         
0001742b  _nop                          
20200368  _stream                       
20200000  _sys_memory                   
UNDEFED   _system_post_cinit            
000175bb  _system_pre_init              
202003d4  _unlock                       
000175ad  abort                         
000161fd  add_device                    
00015ef9  aligned_alloc                 
000145bc  am_car1                       
000148e6  am_car2                       
ffffffff  binit                         
00015584  bomb                          
00016e0d  close                         
00017219  exit                          
0001724d  finddevice                    
000172e5  fopen                         
000162e9  free                          
00017281  freopen                       
00016bd9  getdevice                     
0001759b  graphics_init                 
00000000  interruptVectors              
00016105  main                          
00017571  malloc                        
00015ef9  memalign                      
00016625  open                          
202005ac  parmbuf                       
000175a5  remove                        
000163d1  setvbuf                       
00015264  sq_r1                         
000153f4  sq_r2                         
00016881  strcmp                        
000000c0  track_1                       
0000a0c0  track_2                       
00017341  unlink                        
00014c10  ut_car1                       
00014f3a  ut_car2                       
000173bd  write                         


GLOBAL SYMBOLS: SORTED BY Symbol Address 

address   name                          
-------   ----                          
00000000  __TI_ATRegion0_region_sz      
00000000  __TI_ATRegion0_src_addr       
00000000  __TI_ATRegion0_trg_addr       
00000000  __TI_ATRegion1_region_sz      
00000000  __TI_ATRegion1_src_addr       
00000000  __TI_ATRegion1_trg_addr       
00000000  __TI_ATRegion2_region_sz      
00000000  __TI_ATRegion2_src_addr       
00000000  __TI_ATRegion2_trg_addr       
00000000  __TI_static_base__            
00000000  interruptVectors              
000000c0  track_1                       
00000200  __STACK_SIZE                  
00000200  __SYSMEM_SIZE                 
0000a0c0  track_2                       
000145bc  am_car1                       
000148e6  am_car2                       
00014c10  ut_car1                       
00014f3a  ut_car2                       
00015264  sq_r1                         
000153f4  sq_r2                         
00015584  bomb                          
00015721  ST7735_DrawBitmap             
00015931  Clock_Init80MHz               
00015ae5  ST7735_DrawChar               
00015de1  ST7735_FillRect               
00015ef9  aligned_alloc                 
00015ef9  memalign                      
0001600d  SPI_Init                      
00016105  main                          
000161fd  add_device                    
000162e9  free                          
000163d1  setvbuf                       
000164b1  ST7735_OutChar                
00016623  SysTick_Handler               
00016625  open                          
000166c5  ST7735_InitPrintf             
00016761  ST7735_InitR                  
00016881  strcmp                        
00016909  ST7735_DrawString             
0001698d  LaunchPad_Init                
00016a09  __TI_closefile                
00016a85  __TI_decompress_lzss          
00016b01  HOSTlseek                     
00016b6d  HOSTrename                    
00016bd9  getdevice                     
00016ca9  HOSTopen                      
00016d09  HOSTread                      
00016d61  HOSTwrite                     
00016db9  __TI_doflush                  
00016e0b  __aeabi_idiv0                 
00016e0d  close                         
00016e5d  HOSTclose                     
00016ea5  HOSTunlink                    
00016eed  SPI_OutCommand                
00016f35  SPI_Reset                     
00016f75  TIMG7_IRQHandler              
00016fb5  __aeabi_uidiv                 
00016fb5  __aeabi_uidivmod              
00017035  __TI_auto_init_nobinit_nopinit
00017071  ActivatePortA_B               
000170a9  SPI_OutData                   
000170e1  Clock_Delay1ms                
00017115  ST7735_SetCursor              
00017149  ST7735_write                  
0001717d  __TI_cleanup                  
000171b1  __TI_readmsg                  
000171e5  __TI_writemsg                 
00017211  C$$IO$$                       
00017219  exit                          
0001724d  finddevice                    
00017281  freopen                       
000172e5  fopen                         
00017315  ST7735_FillScreen             
00017341  unlink                        
0001736d  TIMG12_IRQHandler             
000173bd  write                         
000173e5  _c_int00_noargs               
0001742b  _nop                          
0001742d  ADC0_IRQHandler               
0001742d  ADC1_IRQHandler               
0001742d  AES_IRQHandler                
0001742d  CANFD0_IRQHandler             
0001742d  DAC0_IRQHandler               
0001742d  DMA_IRQHandler                
0001742d  Default_Handler               
0001742d  GROUP0_IRQHandler             
0001742d  GROUP1_IRQHandler             
0001742d  I2C0_IRQHandler               
0001742d  I2C1_IRQHandler               
0001742d  NMI_Handler                   
0001742d  PendSV_Handler                
0001742d  RTC_IRQHandler                
0001742d  SPI0_IRQHandler               
0001742d  SPI1_IRQHandler               
0001742d  SVC_Handler                   
0001742d  TIMA0_IRQHandler              
0001742d  TIMA1_IRQHandler              
0001742d  TIMG0_IRQHandler              
0001742d  TIMG6_IRQHandler              
0001742d  TIMG8_IRQHandler              
0001742d  UART0_IRQHandler              
0001742d  UART1_IRQHandler              
0001742d  UART2_IRQHandler              
0001742d  UART3_IRQHandler              
00017449  HardFault_Handler             
00017481  ST7735_open                   
00017497  ST7735_read                   
000174ad  __TI_zero_init_nomemset       
000174c3  TI_memcpy_small               
000174d5  __TI_decompress_none          
000174e7  Clock_Delay                   
000174f7  Delay                         
00017515  ST7735_lseek                  
0001753f  TI_memset_small               
0001754d  Clock_Freq                    
00017559  ST7735_rename                 
00017565  __aeabi_memclr                
00017565  __aeabi_memclr4               
00017565  __aeabi_memclr8               
00017571  malloc                        
0001757d  PLL_Init                      
00017587  ST7735_close                  
00017591  ST7735_unlink                 
0001759b  graphics_init                 
0001759d  __aeabi_memcpy                
0001759d  __aeabi_memcpy4               
0001759d  __aeabi_memcpy8               
000175a5  remove                        
000175ad  abort                         
000175b2  C$$EXIT                       
000175b3  HOSTexit                      
000175b7  Reset_Handler                 
000175bb  _system_pre_init              
00017630  __TI_Handler_Table_Base       
0001763c  __TI_Handler_Table_Limit      
00017644  __TI_CINIT_Base               
00017654  __TI_CINIT_Limit              
00017654  __TI_CINIT_Warm               
20200000  __start___llvm_prf_bits       
20200000  __start___llvm_prf_cnts       
20200000  __stop___llvm_prf_bits        
20200000  __stop___llvm_prf_cnts        
20200000  _sys_memory                   
20200200  _ftable                       
202002f0  _device                       
20200368  _stream                       
202003b8  __TI_cleanup_ptr              
202003bc  __TI_dtors_ptr                
202003c0  BusFreq                       
202003c4  StX                           
202003c8  StY                           
202003cc  __TI_ft_end                   
202003d0  _lock                         
202003d4  _unlock                       
202003d8  StTextColor                   
202003ec  _CIOBUF_                      
202003ec  __CIOBUF_                     
2020050c  __TI_tmpnams                  
202005ac  parmbuf                       
202005b8  TExaSLogic                    
202005bc  TExaSadc                      
20207e00  __stack                       
20208000  __STACK_END                   
ffffffff  __TI_pprof_out_hndl           
ffffffff  __TI_prof_data_size           
ffffffff  __TI_prof_data_start          
ffffffff  __binit__                     
ffffffff  binit                         
UNDEFED   __mpu_init                    
UNDEFED   _system_post_cinit            

[171 symbols]
