<?xml version="1.0" encoding="ISO-8859-1" ?>
<link_info>
   <banner>TI ARM Clang Linker PC v4.0.4.LTS</banner>
   <copyright>Copyright (c) 1996-2018 Texas Instruments Incorporated</copyright>
   <command_line>C:\ti\ccs2040\ccs\tools\compiler\ti-cgt-armllvm_4.0.4.LTS\bin\tiarmlnk -IC:\ti\ccs2040\ccs\tools\compiler\ti-cgt-armllvm_4.0.4.LTS\lib -o BevoKart_code.out -mBevoKart_code.map --heap_size=512 --stack_size=512 -iC:/BevoKart/BevoKart_code/Debug/syscfg -iC:/ti/ccs2040/ccs/tools/compiler/ti-cgt-armllvm_4.0.4.LTS/lib --diag_wrap=off --display_error_number --warn_sections --xml_link_info=BevoKart_code_linkInfo.xml --rom_model ./ADC1.o ./Arabic.o ./Clock.o ./DAC5.o ./EdgeTriggered.o ./LED.o ./LaunchPad.o ./SPI.o ./ST7735.o ./SmallFont.o ./Sound.o ./Switch.o ./TExaS.o ./Timer.o ./game_main.o ./images/pipedreams/PipeSound.o ./ticlang/startup_mspm0g3507_ticlang.o ../mspm0g3507.cmd -lC:/ti/mspm0_sdk_2_09_00_01/source/ti/driverlib/lib/ticlang/m0p/mspm0g1x0x_g3x0x/driverlib.a -llibc.a --start-group -llibc++.a -llibc++abi.a -llibc.a -llibsys.a -llibsysbm.a -llibclang_rt.builtins.a -llibclang_rt.profile.a --end-group --cg_opt_level=0</command_line>
   <link_time>0x69e16932</link_time>
   <link_errors>0x0</link_errors>
   <output_file>C:\BevoKart\BevoKart_code\Debug\BevoKart_code.out</output_file>
   <entry_point>
      <name>_c_int00_noargs</name>
      <address>0x176d5</address>
   </entry_point>
   <input_file_list>
      <input_file id="fl-1">
         <path>C:\BevoKart\BevoKart_code\Debug\.\</path>
         <kind>object</kind>
         <file>ADC1.o</file>
         <name>ADC1.o</name>
      </input_file>
      <input_file id="fl-2">
         <path>C:\BevoKart\BevoKart_code\Debug\.\</path>
         <kind>object</kind>
         <file>Arabic.o</file>
         <name>Arabic.o</name>
      </input_file>
      <input_file id="fl-3">
         <path>C:\BevoKart\BevoKart_code\Debug\.\</path>
         <kind>object</kind>
         <file>Clock.o</file>
         <name>Clock.o</name>
      </input_file>
      <input_file id="fl-4">
         <path>C:\BevoKart\BevoKart_code\Debug\.\</path>
         <kind>object</kind>
         <file>DAC5.o</file>
         <name>DAC5.o</name>
      </input_file>
      <input_file id="fl-5">
         <path>C:\BevoKart\BevoKart_code\Debug\.\</path>
         <kind>object</kind>
         <file>EdgeTriggered.o</file>
         <name>EdgeTriggered.o</name>
      </input_file>
      <input_file id="fl-6">
         <path>C:\BevoKart\BevoKart_code\Debug\.\</path>
         <kind>object</kind>
         <file>LED.o</file>
         <name>LED.o</name>
      </input_file>
      <input_file id="fl-7">
         <path>C:\BevoKart\BevoKart_code\Debug\.\</path>
         <kind>object</kind>
         <file>LaunchPad.o</file>
         <name>LaunchPad.o</name>
      </input_file>
      <input_file id="fl-8">
         <path>C:\BevoKart\BevoKart_code\Debug\.\</path>
         <kind>object</kind>
         <file>SPI.o</file>
         <name>SPI.o</name>
      </input_file>
      <input_file id="fl-9">
         <path>C:\BevoKart\BevoKart_code\Debug\.\</path>
         <kind>object</kind>
         <file>ST7735.o</file>
         <name>ST7735.o</name>
      </input_file>
      <input_file id="fl-a">
         <path>C:\BevoKart\BevoKart_code\Debug\.\</path>
         <kind>object</kind>
         <file>SmallFont.o</file>
         <name>SmallFont.o</name>
      </input_file>
      <input_file id="fl-b">
         <path>C:\BevoKart\BevoKart_code\Debug\.\</path>
         <kind>object</kind>
         <file>Sound.o</file>
         <name>Sound.o</name>
      </input_file>
      <input_file id="fl-c">
         <path>C:\BevoKart\BevoKart_code\Debug\.\</path>
         <kind>object</kind>
         <file>Switch.o</file>
         <name>Switch.o</name>
      </input_file>
      <input_file id="fl-d">
         <path>C:\BevoKart\BevoKart_code\Debug\.\</path>
         <kind>object</kind>
         <file>TExaS.o</file>
         <name>TExaS.o</name>
      </input_file>
      <input_file id="fl-e">
         <path>C:\BevoKart\BevoKart_code\Debug\.\</path>
         <kind>object</kind>
         <file>Timer.o</file>
         <name>Timer.o</name>
      </input_file>
      <input_file id="fl-f">
         <path>C:\BevoKart\BevoKart_code\Debug\.\</path>
         <kind>object</kind>
         <file>game_main.o</file>
         <name>game_main.o</name>
      </input_file>
      <input_file id="fl-10">
         <path>C:\BevoKart\BevoKart_code\Debug\.\images\pipedreams\</path>
         <kind>object</kind>
         <file>PipeSound.o</file>
         <name>PipeSound.o</name>
      </input_file>
      <input_file id="fl-11">
         <path>C:\BevoKart\BevoKart_code\Debug\.\ticlang\</path>
         <kind>object</kind>
         <file>startup_mspm0g3507_ticlang.o</file>
         <name>startup_mspm0g3507_ticlang.o</name>
      </input_file>
      <input_file id="fl-1d">
         <path>C:\BevoKart\BevoKart_code\Debug\</path>
         <kind>object</kind>
         <file>&lt;internal&gt;</file>
         <name>&lt;internal&gt;</name>
      </input_file>
      <input_file id="fl-34">
         <path>C:\ti\ccs2040\ccs\tools\compiler\ti-cgt-armllvm_4.0.4.LTS\lib\armv6m-ti-none-eabi\c\</path>
         <kind>archive</kind>
         <file>libc.a</file>
         <name>fopen.c.obj</name>
      </input_file>
      <input_file id="fl-35">
         <path>C:\ti\ccs2040\ccs\tools\compiler\ti-cgt-armllvm_4.0.4.LTS\lib\armv6m-ti-none-eabi\c\</path>
         <kind>archive</kind>
         <file>libc.a</file>
         <name>setvbuf.c.obj</name>
      </input_file>
      <input_file id="fl-36">
         <path>C:\ti\ccs2040\ccs\tools\compiler\ti-cgt-armllvm_4.0.4.LTS\lib\armv6m-ti-none-eabi\c\</path>
         <kind>archive</kind>
         <file>libc.a</file>
         <name>aeabi_portable.c.obj</name>
      </input_file>
      <input_file id="fl-37">
         <path>C:\ti\ccs2040\ccs\tools\compiler\ti-cgt-armllvm_4.0.4.LTS\lib\armv6m-ti-none-eabi\c\</path>
         <kind>archive</kind>
         <file>libc.a</file>
         <name>exit.c.obj</name>
      </input_file>
      <input_file id="fl-38">
         <path>C:\ti\ccs2040\ccs\tools\compiler\ti-cgt-armllvm_4.0.4.LTS\lib\armv6m-ti-none-eabi\c\</path>
         <kind>archive</kind>
         <file>libc.a</file>
         <name>_lock.c.obj</name>
      </input_file>
      <input_file id="fl-39">
         <path>C:\ti\ccs2040\ccs\tools\compiler\ti-cgt-armllvm_4.0.4.LTS\lib\armv6m-ti-none-eabi\c\</path>
         <kind>archive</kind>
         <file>libc.a</file>
         <name>assert.c.obj</name>
      </input_file>
      <input_file id="fl-3a">
         <path>C:\ti\ccs2040\ccs\tools\compiler\ti-cgt-armllvm_4.0.4.LTS\lib\armv6m-ti-none-eabi\c\</path>
         <kind>archive</kind>
         <file>libc.a</file>
         <name>defs.c.obj</name>
      </input_file>
      <input_file id="fl-3b">
         <path>C:\ti\ccs2040\ccs\tools\compiler\ti-cgt-armllvm_4.0.4.LTS\lib\armv6m-ti-none-eabi\c\</path>
         <kind>archive</kind>
         <file>libc.a</file>
         <name>memory.c.obj</name>
      </input_file>
      <input_file id="fl-3c">
         <path>C:\ti\ccs2040\ccs\tools\compiler\ti-cgt-armllvm_4.0.4.LTS\lib\armv6m-ti-none-eabi\c\</path>
         <kind>archive</kind>
         <file>libc.a</file>
         <name>boot_cortex_m.c.obj</name>
      </input_file>
      <input_file id="fl-3d">
         <path>C:\ti\ccs2040\ccs\tools\compiler\ti-cgt-armllvm_4.0.4.LTS\lib\armv6m-ti-none-eabi\c\</path>
         <kind>archive</kind>
         <file>libc.a</file>
         <name>mathacl_init.c.obj</name>
      </input_file>
      <input_file id="fl-3e">
         <path>C:\ti\ccs2040\ccs\tools\compiler\ti-cgt-armllvm_4.0.4.LTS\lib\armv6m-ti-none-eabi\c\</path>
         <kind>archive</kind>
         <file>libc.a</file>
         <name>autoinit.c.obj</name>
      </input_file>
      <input_file id="fl-3f">
         <path>C:\ti\ccs2040\ccs\tools\compiler\ti-cgt-armllvm_4.0.4.LTS\lib\armv6m-ti-none-eabi\c\</path>
         <kind>archive</kind>
         <file>libc.a</file>
         <name>pre_init.c.obj</name>
      </input_file>
      <input_file id="fl-40">
         <path>C:\ti\ccs2040\ccs\tools\compiler\ti-cgt-armllvm_4.0.4.LTS\lib\armv6m-ti-none-eabi\c\</path>
         <kind>archive</kind>
         <file>libc.a</file>
         <name>cpy_tbl.c.obj</name>
      </input_file>
      <input_file id="fl-41">
         <path>C:\ti\ccs2040\ccs\tools\compiler\ti-cgt-armllvm_4.0.4.LTS\lib\armv6m-ti-none-eabi\c\</path>
         <kind>archive</kind>
         <file>libc.a</file>
         <name>copy_zero_init.c.obj</name>
      </input_file>
      <input_file id="fl-42">
         <path>C:\ti\ccs2040\ccs\tools\compiler\ti-cgt-armllvm_4.0.4.LTS\lib\armv6m-ti-none-eabi\c\</path>
         <kind>archive</kind>
         <file>libc.a</file>
         <name>copy_decompress_none.c.obj</name>
      </input_file>
      <input_file id="fl-43">
         <path>C:\ti\ccs2040\ccs\tools\compiler\ti-cgt-armllvm_4.0.4.LTS\lib\armv6m-ti-none-eabi\c\</path>
         <kind>archive</kind>
         <file>libc.a</file>
         <name>copy_decompress_lzss.c.obj</name>
      </input_file>
      <input_file id="fl-44">
         <path>C:\ti\ccs2040\ccs\tools\compiler\ti-cgt-armllvm_4.0.4.LTS\lib\armv6m-ti-none-eabi\c\</path>
         <kind>archive</kind>
         <file>libc.a</file>
         <name>sprintf.c.obj</name>
      </input_file>
      <input_file id="fl-45">
         <path>C:\ti\ccs2040\ccs\tools\compiler\ti-cgt-armllvm_4.0.4.LTS\lib\armv6m-ti-none-eabi\c\</path>
         <kind>archive</kind>
         <file>libc.a</file>
         <name>fclose.c.obj</name>
      </input_file>
      <input_file id="fl-46">
         <path>C:\ti\ccs2040\ccs\tools\compiler\ti-cgt-armllvm_4.0.4.LTS\lib\armv6m-ti-none-eabi\c\</path>
         <kind>archive</kind>
         <file>libc.a</file>
         <name>fflush.c.obj</name>
      </input_file>
      <input_file id="fl-47">
         <path>C:\ti\ccs2040\ccs\tools\compiler\ti-cgt-armllvm_4.0.4.LTS\lib\armv6m-ti-none-eabi\c\</path>
         <kind>archive</kind>
         <file>libc.a</file>
         <name>fputs.c.obj</name>
      </input_file>
      <input_file id="fl-48">
         <path>C:\ti\ccs2040\ccs\tools\compiler\ti-cgt-armllvm_4.0.4.LTS\lib\armv6m-ti-none-eabi\c\</path>
         <kind>archive</kind>
         <file>libc.a</file>
         <name>_io_perm.c.obj</name>
      </input_file>
      <input_file id="fl-49">
         <path>C:\ti\ccs2040\ccs\tools\compiler\ti-cgt-armllvm_4.0.4.LTS\lib\armv6m-ti-none-eabi\c\</path>
         <kind>archive</kind>
         <file>libc.a</file>
         <name>args_main.c.obj</name>
      </input_file>
      <input_file id="fl-4a">
         <path>C:\ti\ccs2040\ccs\tools\compiler\ti-cgt-armllvm_4.0.4.LTS\lib\armv6m-ti-none-eabi\c\</path>
         <kind>archive</kind>
         <file>libc.a</file>
         <name>_printfi.c.obj</name>
      </input_file>
      <input_file id="fl-4b">
         <path>C:\ti\ccs2040\ccs\tools\compiler\ti-cgt-armllvm_4.0.4.LTS\lib\armv6m-ti-none-eabi\c\</path>
         <kind>archive</kind>
         <file>libc.a</file>
         <name>fseek.c.obj</name>
      </input_file>
      <input_file id="fl-4c">
         <path>C:\ti\ccs2040\ccs\tools\compiler\ti-cgt-armllvm_4.0.4.LTS\lib\armv6m-ti-none-eabi\c\</path>
         <kind>archive</kind>
         <file>libc.a</file>
         <name>_ltoa.c.obj</name>
      </input_file>
      <input_file id="fl-4d">
         <path>C:\ti\ccs2040\ccs\tools\compiler\ti-cgt-armllvm_4.0.4.LTS\lib\armv6m-ti-none-eabi\c\</path>
         <kind>archive</kind>
         <file>libc.a</file>
         <name>atoi.c.obj</name>
      </input_file>
      <input_file id="fl-4e">
         <path>C:\ti\ccs2040\ccs\tools\compiler\ti-cgt-armllvm_4.0.4.LTS\lib\armv6m-ti-none-eabi\c\</path>
         <kind>archive</kind>
         <file>libc.a</file>
         <name>memccpy.c.obj</name>
      </input_file>
      <input_file id="fl-4f">
         <path>C:\ti\ccs2040\ccs\tools\compiler\ti-cgt-armllvm_4.0.4.LTS\lib\armv6m-ti-none-eabi\c\</path>
         <kind>archive</kind>
         <file>libc.a</file>
         <name>s_frexp.c.obj</name>
      </input_file>
      <input_file id="fl-50">
         <path>C:\ti\ccs2040\ccs\tools\compiler\ti-cgt-armllvm_4.0.4.LTS\lib\armv6m-ti-none-eabi\c\</path>
         <kind>archive</kind>
         <file>libc.a</file>
         <name>s_scalbn.c.obj</name>
      </input_file>
      <input_file id="fl-51">
         <path>C:\ti\ccs2040\ccs\tools\compiler\ti-cgt-armllvm_4.0.4.LTS\lib\armv6m-ti-none-eabi\c\</path>
         <kind>archive</kind>
         <file>libc.a</file>
         <name>wcslen.c.obj</name>
      </input_file>
      <input_file id="fl-52">
         <path>C:\ti\ccs2040\ccs\tools\compiler\ti-cgt-armllvm_4.0.4.LTS\lib\armv6m-ti-none-eabi\c\</path>
         <kind>archive</kind>
         <file>libc.a</file>
         <name>aeabi_ctype.S.obj</name>
      </input_file>
      <input_file id="fl-f2">
         <path>C:\ti\ccs2040\ccs\tools\compiler\ti-cgt-armllvm_4.0.4.LTS\lib\armv6m-ti-none-eabi\c\</path>
         <kind>archive</kind>
         <file>libsysbm.a</file>
         <name>hostexit.c.obj</name>
      </input_file>
      <input_file id="fl-f3">
         <path>C:\ti\ccs2040\ccs\tools\compiler\ti-cgt-armllvm_4.0.4.LTS\lib\armv6m-ti-none-eabi\c\</path>
         <kind>archive</kind>
         <file>libsysbm.a</file>
         <name>write.c.obj</name>
      </input_file>
      <input_file id="fl-f4">
         <path>C:\ti\ccs2040\ccs\tools\compiler\ti-cgt-armllvm_4.0.4.LTS\lib\armv6m-ti-none-eabi\c\</path>
         <kind>archive</kind>
         <file>libsysbm.a</file>
         <name>host_device.c.obj</name>
      </input_file>
      <input_file id="fl-f5">
         <path>C:\ti\ccs2040\ccs\tools\compiler\ti-cgt-armllvm_4.0.4.LTS\lib\armv6m-ti-none-eabi\c\</path>
         <kind>archive</kind>
         <file>libsysbm.a</file>
         <name>remove.c.obj</name>
      </input_file>
      <input_file id="fl-f6">
         <path>C:\ti\ccs2040\ccs\tools\compiler\ti-cgt-armllvm_4.0.4.LTS\lib\armv6m-ti-none-eabi\c\</path>
         <kind>archive</kind>
         <file>libsysbm.a</file>
         <name>open.c.obj</name>
      </input_file>
      <input_file id="fl-f7">
         <path>C:\ti\ccs2040\ccs\tools\compiler\ti-cgt-armllvm_4.0.4.LTS\lib\armv6m-ti-none-eabi\c\</path>
         <kind>archive</kind>
         <file>libsysbm.a</file>
         <name>lseek.c.obj</name>
      </input_file>
      <input_file id="fl-f8">
         <path>C:\ti\ccs2040\ccs\tools\compiler\ti-cgt-armllvm_4.0.4.LTS\lib\armv6m-ti-none-eabi\c\</path>
         <kind>archive</kind>
         <file>libsysbm.a</file>
         <name>close.c.obj</name>
      </input_file>
      <input_file id="fl-f9">
         <path>C:\ti\ccs2040\ccs\tools\compiler\ti-cgt-armllvm_4.0.4.LTS\lib\armv6m-ti-none-eabi\c\</path>
         <kind>archive</kind>
         <file>libsysbm.a</file>
         <name>add_device.c.obj</name>
      </input_file>
      <input_file id="fl-fa">
         <path>C:\ti\ccs2040\ccs\tools\compiler\ti-cgt-armllvm_4.0.4.LTS\lib\armv6m-ti-none-eabi\c\</path>
         <kind>archive</kind>
         <file>libsysbm.a</file>
         <name>unlink.c.obj</name>
      </input_file>
      <input_file id="fl-fb">
         <path>C:\ti\ccs2040\ccs\tools\compiler\ti-cgt-armllvm_4.0.4.LTS\lib\armv6m-ti-none-eabi\c\</path>
         <kind>archive</kind>
         <file>libsysbm.a</file>
         <name>hostclose.c.obj</name>
      </input_file>
      <input_file id="fl-fc">
         <path>C:\ti\ccs2040\ccs\tools\compiler\ti-cgt-armllvm_4.0.4.LTS\lib\armv6m-ti-none-eabi\c\</path>
         <kind>archive</kind>
         <file>libsysbm.a</file>
         <name>hostlseek.c.obj</name>
      </input_file>
      <input_file id="fl-fd">
         <path>C:\ti\ccs2040\ccs\tools\compiler\ti-cgt-armllvm_4.0.4.LTS\lib\armv6m-ti-none-eabi\c\</path>
         <kind>archive</kind>
         <file>libsysbm.a</file>
         <name>hostopen.c.obj</name>
      </input_file>
      <input_file id="fl-fe">
         <path>C:\ti\ccs2040\ccs\tools\compiler\ti-cgt-armllvm_4.0.4.LTS\lib\armv6m-ti-none-eabi\c\</path>
         <kind>archive</kind>
         <file>libsysbm.a</file>
         <name>hostread.c.obj</name>
      </input_file>
      <input_file id="fl-ff">
         <path>C:\ti\ccs2040\ccs\tools\compiler\ti-cgt-armllvm_4.0.4.LTS\lib\armv6m-ti-none-eabi\c\</path>
         <kind>archive</kind>
         <file>libsysbm.a</file>
         <name>hostrename.c.obj</name>
      </input_file>
      <input_file id="fl-100">
         <path>C:\ti\ccs2040\ccs\tools\compiler\ti-cgt-armllvm_4.0.4.LTS\lib\armv6m-ti-none-eabi\c\</path>
         <kind>archive</kind>
         <file>libsysbm.a</file>
         <name>hostunlink.c.obj</name>
      </input_file>
      <input_file id="fl-101">
         <path>C:\ti\ccs2040\ccs\tools\compiler\ti-cgt-armllvm_4.0.4.LTS\lib\armv6m-ti-none-eabi\c\</path>
         <kind>archive</kind>
         <file>libsysbm.a</file>
         <name>hostwrite.c.obj</name>
      </input_file>
      <input_file id="fl-102">
         <path>C:\ti\ccs2040\ccs\tools\compiler\ti-cgt-armllvm_4.0.4.LTS\lib\armv6m-ti-none-eabi\c\</path>
         <kind>archive</kind>
         <file>libsysbm.a</file>
         <name>trgmsg.c.obj</name>
      </input_file>
      <input_file id="fl-103">
         <path>C:\ti\ccs2040\ccs\tools\compiler\ti-cgt-armllvm_4.0.4.LTS\lib\armv6m-ti-none-eabi\</path>
         <kind>archive</kind>
         <file>libclang_rt.builtins.a</file>
         <name>adddf3.S.obj</name>
      </input_file>
      <input_file id="fl-104">
         <path>C:\ti\ccs2040\ccs\tools\compiler\ti-cgt-armllvm_4.0.4.LTS\lib\armv6m-ti-none-eabi\</path>
         <kind>archive</kind>
         <file>libclang_rt.builtins.a</file>
         <name>muldf3.S.obj</name>
      </input_file>
      <input_file id="fl-105">
         <path>C:\ti\ccs2040\ccs\tools\compiler\ti-cgt-armllvm_4.0.4.LTS\lib\armv6m-ti-none-eabi\</path>
         <kind>archive</kind>
         <file>libclang_rt.builtins.a</file>
         <name>muldsi3.S.obj</name>
      </input_file>
      <input_file id="fl-106">
         <path>C:\ti\ccs2040\ccs\tools\compiler\ti-cgt-armllvm_4.0.4.LTS\lib\armv6m-ti-none-eabi\</path>
         <kind>archive</kind>
         <file>libclang_rt.builtins.a</file>
         <name>divdf3.S.obj</name>
      </input_file>
      <input_file id="fl-107">
         <path>C:\ti\ccs2040\ccs\tools\compiler\ti-cgt-armllvm_4.0.4.LTS\lib\armv6m-ti-none-eabi\</path>
         <kind>archive</kind>
         <file>libclang_rt.builtins.a</file>
         <name>fixdfsi.S.obj</name>
      </input_file>
      <input_file id="fl-108">
         <path>C:\ti\ccs2040\ccs\tools\compiler\ti-cgt-armllvm_4.0.4.LTS\lib\armv6m-ti-none-eabi\</path>
         <kind>archive</kind>
         <file>libclang_rt.builtins.a</file>
         <name>floatsidf.S.obj</name>
      </input_file>
      <input_file id="fl-109">
         <path>C:\ti\ccs2040\ccs\tools\compiler\ti-cgt-armllvm_4.0.4.LTS\lib\armv6m-ti-none-eabi\</path>
         <kind>archive</kind>
         <file>libclang_rt.builtins.a</file>
         <name>floatunsidf.S.obj</name>
      </input_file>
      <input_file id="fl-10a">
         <path>C:\ti\ccs2040\ccs\tools\compiler\ti-cgt-armllvm_4.0.4.LTS\lib\armv6m-ti-none-eabi\</path>
         <kind>archive</kind>
         <file>libclang_rt.builtins.a</file>
         <name>muldi3.S.obj</name>
      </input_file>
      <input_file id="fl-10b">
         <path>C:\ti\ccs2040\ccs\tools\compiler\ti-cgt-armllvm_4.0.4.LTS\lib\armv6m-ti-none-eabi\</path>
         <kind>archive</kind>
         <file>libclang_rt.builtins.a</file>
         <name>truncdfsf2.S.obj</name>
      </input_file>
      <input_file id="fl-10c">
         <path>C:\ti\ccs2040\ccs\tools\compiler\ti-cgt-armllvm_4.0.4.LTS\lib\armv6m-ti-none-eabi\</path>
         <kind>archive</kind>
         <file>libclang_rt.builtins.a</file>
         <name>aeabi_dcmp.S.obj</name>
      </input_file>
      <input_file id="fl-10d">
         <path>C:\ti\ccs2040\ccs\tools\compiler\ti-cgt-armllvm_4.0.4.LTS\lib\armv6m-ti-none-eabi\</path>
         <kind>archive</kind>
         <file>libclang_rt.builtins.a</file>
         <name>aeabi_idivmod.S.obj</name>
      </input_file>
      <input_file id="fl-10e">
         <path>C:\ti\ccs2040\ccs\tools\compiler\ti-cgt-armllvm_4.0.4.LTS\lib\armv6m-ti-none-eabi\</path>
         <kind>archive</kind>
         <file>libclang_rt.builtins.a</file>
         <name>aeabi_memcpy.S.obj</name>
      </input_file>
      <input_file id="fl-10f">
         <path>C:\ti\ccs2040\ccs\tools\compiler\ti-cgt-armllvm_4.0.4.LTS\lib\armv6m-ti-none-eabi\</path>
         <kind>archive</kind>
         <file>libclang_rt.builtins.a</file>
         <name>aeabi_memset.S.obj</name>
      </input_file>
      <input_file id="fl-110">
         <path>C:\ti\ccs2040\ccs\tools\compiler\ti-cgt-armllvm_4.0.4.LTS\lib\armv6m-ti-none-eabi\</path>
         <kind>archive</kind>
         <file>libclang_rt.builtins.a</file>
         <name>aeabi_uidivmod.S.obj</name>
      </input_file>
      <input_file id="fl-111">
         <path>C:\ti\ccs2040\ccs\tools\compiler\ti-cgt-armllvm_4.0.4.LTS\lib\armv6m-ti-none-eabi\</path>
         <kind>archive</kind>
         <file>libclang_rt.builtins.a</file>
         <name>aeabi_uldivmod.S.obj</name>
      </input_file>
      <input_file id="fl-112">
         <path>C:\ti\ccs2040\ccs\tools\compiler\ti-cgt-armllvm_4.0.4.LTS\lib\armv6m-ti-none-eabi\</path>
         <kind>archive</kind>
         <file>libclang_rt.builtins.a</file>
         <name>udivmoddi4.S.obj</name>
      </input_file>
      <input_file id="fl-113">
         <path>C:\ti\ccs2040\ccs\tools\compiler\ti-cgt-armllvm_4.0.4.LTS\lib\armv6m-ti-none-eabi\</path>
         <kind>archive</kind>
         <file>libclang_rt.builtins.a</file>
         <name>ashldi3.S.obj</name>
      </input_file>
      <input_file id="fl-114">
         <path>C:\ti\ccs2040\ccs\tools\compiler\ti-cgt-armllvm_4.0.4.LTS\lib\armv6m-ti-none-eabi\</path>
         <kind>archive</kind>
         <file>libclang_rt.builtins.a</file>
         <name>comparedf2.c.obj</name>
      </input_file>
      <input_file id="fl-115">
         <path>C:\ti\ccs2040\ccs\tools\compiler\ti-cgt-armllvm_4.0.4.LTS\lib\armv6m-ti-none-eabi\</path>
         <kind>archive</kind>
         <file>libclang_rt.builtins.a</file>
         <name>aeabi_div0.c.obj</name>
      </input_file>
      <input_file id="fl-116">
         <path>C:\ti\ccs2040\ccs\tools\compiler\ti-cgt-armllvm_4.0.4.LTS\lib\armv6m-ti-none-eabi\c\</path>
         <kind>archive</kind>
         <file>libc.a</file>
         <name>getdevice.c.obj</name>
      </input_file>
      <input_file id="fl-117">
         <path>C:\ti\ccs2040\ccs\tools\compiler\ti-cgt-armllvm_4.0.4.LTS\lib\armv6m-ti-none-eabi\c\</path>
         <kind>archive</kind>
         <file>libc.a</file>
         <name>memcpy16.S.obj</name>
      </input_file>
      <input_file id="fl-118">
         <path>C:\ti\ccs2040\ccs\tools\compiler\ti-cgt-armllvm_4.0.4.LTS\lib\armv6m-ti-none-eabi\c\</path>
         <kind>archive</kind>
         <file>libc.a</file>
         <name>memset16.S.obj</name>
      </input_file>
      <input_file id="fl-119">
         <path>C:\ti\ccs2040\ccs\tools\compiler\ti-cgt-armllvm_4.0.4.LTS\lib\armv6m-ti-none-eabi\c\</path>
         <kind>archive</kind>
         <file>libc.a</file>
         <name>strcmp-armv6m.S.obj</name>
      </input_file>
   </input_file_list>
   <object_component_list>
      <object_component id="oc-18">
         <name>.intvecs</name>
         <load_address>0x0</load_address>
         <readonly>true</readonly>
         <run_address>0x0</run_address>
         <size>0xc0</size>
         <alignment>0x4</alignment>
         <input_file_ref idref="fl-11"/>
      </object_component>
      <object_component id="oc-bc">
         <name>.text.ST7735_DrawBitmap</name>
         <load_address>0x15720</load_address>
         <readonly>true</readonly>
         <executable>true</executable>
         <run_address>0x15720</run_address>
         <size>0x210</size>
         <alignment>0x4</alignment>
         <input_file_ref idref="fl-9"/>
      </object_component>
      <object_component id="oc-e1">
         <name>.text.Clock_Init80MHz</name>
         <load_address>0x15930</load_address>
         <readonly>true</readonly>
         <executable>true</executable>
         <run_address>0x15930</run_address>
         <size>0x1b4</size>
         <alignment>0x4</alignment>
         <input_file_ref idref="fl-3"/>
      </object_component>
      <object_component id="oc-1ab">
         <name>.text.ST7735_DrawChar</name>
         <load_address>0x15ae4</load_address>
         <readonly>true</readonly>
         <executable>true</executable>
         <run_address>0x15ae4</run_address>
         <size>0x1a8</size>
         <alignment>0x4</alignment>
         <input_file_ref idref="fl-9"/>
      </object_component>
      <object_component id="oc-144">
         <name>.text._openfile</name>
         <load_address>0x15c8c</load_address>
         <readonly>true</readonly>
         <executable>true</executable>
         <run_address>0x15c8c</run_address>
         <size>0x154</size>
         <alignment>0x4</alignment>
         <input_file_ref idref="fl-34"/>
      </object_component>
      <object_component id="oc-109">
         <name>.text.ST7735_FillRect</name>
         <load_address>0x15de0</load_address>
         <readonly>true</readonly>
         <executable>true</executable>
         <run_address>0x15de0</run_address>
         <size>0x118</size>
         <alignment>0x4</alignment>
         <input_file_ref idref="fl-9"/>
      </object_component>
      <object_component id="oc-1a9">
         <name>.text.aligned_alloc</name>
         <load_address>0x15ef8</load_address>
         <readonly>true</readonly>
         <executable>true</executable>
         <run_address>0x15ef8</run_address>
         <size>0x114</size>
         <alignment>0x4</alignment>
         <input_file_ref idref="fl-3b"/>
      </object_component>
      <object_component id="oc-165">
         <name>.text.SPI_Init</name>
         <load_address>0x1600c</load_address>
         <readonly>true</readonly>
         <executable>true</executable>
         <run_address>0x1600c</run_address>
         <size>0xf8</size>
         <alignment>0x4</alignment>
         <input_file_ref idref="fl-8"/>
      </object_component>
      <object_component id="oc-ec">
         <name>.text.add_device</name>
         <load_address>0x16104</load_address>
         <readonly>true</readonly>
         <executable>true</executable>
         <run_address>0x16104</run_address>
         <size>0xec</size>
         <alignment>0x4</alignment>
         <input_file_ref idref="fl-f9"/>
      </object_component>
      <object_component id="oc-14d">
         <name>.text.free</name>
         <load_address>0x161f0</load_address>
         <readonly>true</readonly>
         <executable>true</executable>
         <run_address>0x161f0</run_address>
         <size>0xe8</size>
         <alignment>0x4</alignment>
         <input_file_ref idref="fl-3b"/>
      </object_component>
      <object_component id="oc-f7">
         <name>.text.setvbuf</name>
         <load_address>0x162d8</load_address>
         <readonly>true</readonly>
         <executable>true</executable>
         <run_address>0x162d8</run_address>
         <size>0xe0</size>
         <alignment>0x4</alignment>
         <input_file_ref idref="fl-35"/>
      </object_component>
      <object_component id="oc-154">
         <name>.text.ST7735_OutChar</name>
         <load_address>0x163b8</load_address>
         <readonly>true</readonly>
         <executable>true</executable>
         <run_address>0x163b8</run_address>
         <size>0xd0</size>
         <alignment>0x4</alignment>
         <input_file_ref idref="fl-9"/>
      </object_component>
      <object_component id="oc-46">
         <name>.text.TIMG12_IRQHandler</name>
         <load_address>0x16488</load_address>
         <readonly>true</readonly>
         <executable>true</executable>
         <run_address>0x16488</run_address>
         <size>0xc0</size>
         <alignment>0x4</alignment>
         <input_file_ref idref="fl-f"/>
      </object_component>
      <object_component id="oc-91">
         <name>.text.main</name>
         <load_address>0x16548</load_address>
         <readonly>true</readonly>
         <executable>true</executable>
         <run_address>0x16548</run_address>
         <size>0xc0</size>
         <alignment>0x4</alignment>
         <input_file_ref idref="fl-f"/>
      </object_component>
      <object_component id="oc-b6">
         <name>.text.graphics_init</name>
         <load_address>0x16608</load_address>
         <readonly>true</readonly>
         <executable>true</executable>
         <run_address>0x16608</run_address>
         <size>0xac</size>
         <alignment>0x4</alignment>
         <input_file_ref idref="fl-f"/>
      </object_component>
      <object_component id="oc-12c">
         <name>.text.commandList</name>
         <load_address>0x166b4</load_address>
         <readonly>true</readonly>
         <executable>true</executable>
         <run_address>0x166b4</run_address>
         <size>0xa2</size>
         <alignment>0x2</alignment>
         <input_file_ref idref="fl-9"/>
      </object_component>
      <object_component id="oc-37">
         <name>.text.SysTick_Handler</name>
         <load_address>0x16756</load_address>
         <readonly>true</readonly>
         <executable>true</executable>
         <run_address>0x16756</run_address>
         <size>0x2</size>
         <alignment>0x2</alignment>
         <input_file_ref idref="fl-b"/>
      </object_component>
      <object_component id="oc-191">
         <name>.text.open</name>
         <load_address>0x16758</load_address>
         <readonly>true</readonly>
         <executable>true</executable>
         <run_address>0x16758</run_address>
         <size>0xa0</size>
         <alignment>0x4</alignment>
         <input_file_ref idref="fl-f6"/>
      </object_component>
      <object_component id="oc-b0">
         <name>.text.ST7735_InitPrintf</name>
         <load_address>0x167f8</load_address>
         <readonly>true</readonly>
         <executable>true</executable>
         <run_address>0x167f8</run_address>
         <size>0x9c</size>
         <alignment>0x4</alignment>
         <input_file_ref idref="fl-9"/>
      </object_component>
      <object_component id="oc-eb">
         <name>.text.ST7735_InitR</name>
         <load_address>0x16894</load_address>
         <readonly>true</readonly>
         <executable>true</executable>
         <run_address>0x16894</run_address>
         <size>0x98</size>
         <alignment>0x4</alignment>
         <input_file_ref idref="fl-9"/>
      </object_component>
      <object_component id="oc-b7">
         <name>.text.TimerG12_IntArm</name>
         <load_address>0x1692c</load_address>
         <readonly>true</readonly>
         <executable>true</executable>
         <run_address>0x1692c</run_address>
         <size>0x94</size>
         <alignment>0x4</alignment>
         <input_file_ref idref="fl-e"/>
      </object_component>
      <object_component id="oc-110">
         <name>.text.setAddrWindow</name>
         <load_address>0x169c0</load_address>
         <readonly>true</readonly>
         <executable>true</executable>
         <run_address>0x169c0</run_address>
         <size>0x88</size>
         <alignment>0x4</alignment>
         <input_file_ref idref="fl-9"/>
      </object_component>
      <object_component id="oc-52">
         <name>.text.__aeabi_memcpy</name>
         <load_address>0x16a48</load_address>
         <readonly>true</readonly>
         <executable>true</executable>
         <run_address>0x16a48</run_address>
         <size>0x8</size>
         <alignment>0x4</alignment>
         <input_file_ref idref="fl-10e"/>
      </object_component>
      <object_component id="oc-169">
         <name>.text:strcmp</name>
         <load_address>0x16a50</load_address>
         <readonly>true</readonly>
         <executable>true</executable>
         <run_address>0x16a50</run_address>
         <size>0x88</size>
         <alignment>0x10</alignment>
         <input_file_ref idref="fl-119"/>
      </object_component>
      <object_component id="oc-1aa">
         <name>.text.ST7735_DrawString</name>
         <load_address>0x16ad8</load_address>
         <readonly>true</readonly>
         <executable>true</executable>
         <run_address>0x16ad8</run_address>
         <size>0x84</size>
         <alignment>0x2</alignment>
         <input_file_ref idref="fl-9"/>
      </object_component>
      <object_component id="oc-a7">
         <name>.text.LaunchPad_Init</name>
         <load_address>0x16b5c</load_address>
         <readonly>true</readonly>
         <executable>true</executable>
         <run_address>0x16b5c</run_address>
         <size>0x7c</size>
         <alignment>0x4</alignment>
         <input_file_ref idref="fl-7"/>
      </object_component>
      <object_component id="oc-147">
         <name>.text.__TI_closefile</name>
         <load_address>0x16bd8</load_address>
         <readonly>true</readonly>
         <executable>true</executable>
         <run_address>0x16bd8</run_address>
         <size>0x7c</size>
         <alignment>0x4</alignment>
         <input_file_ref idref="fl-45"/>
      </object_component>
      <object_component id="oc-1c">
         <name>.text:decompress:lzss</name>
         <load_address>0x16c54</load_address>
         <readonly>true</readonly>
         <executable>true</executable>
         <run_address>0x16c54</run_address>
         <size>0x7c</size>
         <alignment>0x4</alignment>
         <input_file_ref idref="fl-43"/>
      </object_component>
      <object_component id="oc-ac">
         <name>.text.EdgeTriggered_Init</name>
         <load_address>0x16cd0</load_address>
         <readonly>true</readonly>
         <executable>true</executable>
         <run_address>0x16cd0</run_address>
         <size>0x6c</size>
         <alignment>0x4</alignment>
         <input_file_ref idref="fl-5"/>
      </object_component>
      <object_component id="oc-17f">
         <name>.text.HOSTlseek</name>
         <load_address>0x16d3c</load_address>
         <readonly>true</readonly>
         <executable>true</executable>
         <run_address>0x16d3c</run_address>
         <size>0x6c</size>
         <alignment>0x4</alignment>
         <input_file_ref idref="fl-fc"/>
      </object_component>
      <object_component id="oc-187">
         <name>.text.HOSTrename</name>
         <load_address>0x16da8</load_address>
         <readonly>true</readonly>
         <executable>true</executable>
         <run_address>0x16da8</run_address>
         <size>0x6c</size>
         <alignment>0x4</alignment>
         <input_file_ref idref="fl-ff"/>
      </object_component>
      <object_component id="oc-1d2">
         <name>.text.getdevice</name>
         <load_address>0x16e14</load_address>
         <readonly>true</readonly>
         <executable>true</executable>
         <run_address>0x16e14</run_address>
         <size>0x6c</size>
         <alignment>0x4</alignment>
         <input_file_ref idref="fl-116"/>
      </object_component>
      <object_component id="oc-78">
         <name>.text.UpdatePlayers</name>
         <load_address>0x16e80</load_address>
         <readonly>true</readonly>
         <executable>true</executable>
         <run_address>0x16e80</run_address>
         <size>0x64</size>
         <alignment>0x4</alignment>
         <input_file_ref idref="fl-f"/>
      </object_component>
      <object_component id="oc-1e9">
         <name>.text.split</name>
         <load_address>0x16ee4</load_address>
         <readonly>true</readonly>
         <executable>true</executable>
         <run_address>0x16ee4</run_address>
         <size>0x64</size>
         <alignment>0x4</alignment>
         <input_file_ref idref="fl-3b"/>
      </object_component>
      <object_component id="oc-16f">
         <name>.text.HOSTopen</name>
         <load_address>0x16f48</load_address>
         <readonly>true</readonly>
         <executable>true</executable>
         <run_address>0x16f48</run_address>
         <size>0x60</size>
         <alignment>0x4</alignment>
         <input_file_ref idref="fl-fd"/>
      </object_component>
      <object_component id="oc-177">
         <name>.text.HOSTread</name>
         <load_address>0x16fa8</load_address>
         <readonly>true</readonly>
         <executable>true</executable>
         <run_address>0x16fa8</run_address>
         <size>0x58</size>
         <alignment>0x4</alignment>
         <input_file_ref idref="fl-fe"/>
      </object_component>
      <object_component id="oc-17b">
         <name>.text.HOSTwrite</name>
         <load_address>0x17000</load_address>
         <readonly>true</readonly>
         <executable>true</executable>
         <run_address>0x17000</run_address>
         <size>0x58</size>
         <alignment>0x4</alignment>
         <input_file_ref idref="fl-101"/>
      </object_component>
      <object_component id="oc-195">
         <name>.text.__TI_doflush</name>
         <load_address>0x17058</load_address>
         <readonly>true</readonly>
         <executable>true</executable>
         <run_address>0x17058</run_address>
         <size>0x52</size>
         <alignment>0x2</alignment>
         <input_file_ref idref="fl-46"/>
      </object_component>
      <object_component id="oc-1ed">
         <name>.text.__aeabi_idiv0</name>
         <load_address>0x170aa</load_address>
         <readonly>true</readonly>
         <executable>true</executable>
         <run_address>0x170aa</run_address>
         <size>0x2</size>
         <alignment>0x2</alignment>
         <input_file_ref idref="fl-115"/>
      </object_component>
      <object_component id="oc-19b">
         <name>.text.close</name>
         <load_address>0x170ac</load_address>
         <readonly>true</readonly>
         <executable>true</executable>
         <run_address>0x170ac</run_address>
         <size>0x50</size>
         <alignment>0x4</alignment>
         <input_file_ref idref="fl-f8"/>
      </object_component>
      <object_component id="oc-3c">
         <name>.text.GROUP1_IRQHandler</name>
         <load_address>0x170fc</load_address>
         <readonly>true</readonly>
         <executable>true</executable>
         <run_address>0x170fc</run_address>
         <size>0x48</size>
         <alignment>0x4</alignment>
         <input_file_ref idref="fl-f"/>
      </object_component>
      <object_component id="oc-173">
         <name>.text.HOSTclose</name>
         <load_address>0x17144</load_address>
         <readonly>true</readonly>
         <executable>true</executable>
         <run_address>0x17144</run_address>
         <size>0x48</size>
         <alignment>0x4</alignment>
         <input_file_ref idref="fl-fb"/>
      </object_component>
      <object_component id="oc-183">
         <name>.text.HOSTunlink</name>
         <load_address>0x1718c</load_address>
         <readonly>true</readonly>
         <executable>true</executable>
         <run_address>0x1718c</run_address>
         <size>0x48</size>
         <alignment>0x4</alignment>
         <input_file_ref idref="fl-100"/>
      </object_component>
      <object_component id="oc-12d">
         <name>.text.SPI_OutCommand</name>
         <load_address>0x171d4</load_address>
         <readonly>true</readonly>
         <executable>true</executable>
         <run_address>0x171d4</run_address>
         <size>0x48</size>
         <alignment>0x4</alignment>
         <input_file_ref idref="fl-8"/>
      </object_component>
      <object_component id="oc-1b2">
         <name>.text.SPI_Reset</name>
         <load_address>0x1721c</load_address>
         <readonly>true</readonly>
         <executable>true</executable>
         <run_address>0x1721c</run_address>
         <size>0x40</size>
         <alignment>0x4</alignment>
         <input_file_ref idref="fl-8"/>
      </object_component>
      <object_component id="oc-41">
         <name>.text.TIMG7_IRQHandler</name>
         <load_address>0x1725c</load_address>
         <readonly>true</readonly>
         <executable>true</executable>
         <run_address>0x1725c</run_address>
         <size>0x40</size>
         <alignment>0x4</alignment>
         <input_file_ref idref="fl-d"/>
      </object_component>
      <object_component id="oc-1ae">
         <name>.text.__aeabi_uidivmod</name>
         <load_address>0x1729c</load_address>
         <readonly>true</readonly>
         <executable>true</executable>
         <run_address>0x1729c</run_address>
         <size>0x40</size>
         <alignment>0x4</alignment>
         <input_file_ref idref="fl-110"/>
      </object_component>
      <object_component id="oc-143">
         <name>.text._search_fp</name>
         <load_address>0x172dc</load_address>
         <readonly>true</readonly>
         <executable>true</executable>
         <run_address>0x172dc</run_address>
         <size>0x40</size>
         <alignment>0x4</alignment>
         <input_file_ref idref="fl-34"/>
      </object_component>
      <object_component id="oc-c8">
         <name>.text:__TI_auto_init_nobinit_nopinit</name>
         <load_address>0x1731c</load_address>
         <readonly>true</readonly>
         <executable>true</executable>
         <run_address>0x1731c</run_address>
         <size>0x3c</size>
         <alignment>0x4</alignment>
         <input_file_ref idref="fl-3e"/>
      </object_component>
      <object_component id="oc-e6">
         <name>.text.ActivatePortA_B</name>
         <load_address>0x17358</load_address>
         <readonly>true</readonly>
         <executable>true</executable>
         <run_address>0x17358</run_address>
         <size>0x38</size>
         <alignment>0x4</alignment>
         <input_file_ref idref="fl-7"/>
      </object_component>
      <object_component id="oc-111">
         <name>.text.SPI_OutData</name>
         <load_address>0x17390</load_address>
         <readonly>true</readonly>
         <executable>true</executable>
         <run_address>0x17390</run_address>
         <size>0x38</size>
         <alignment>0x4</alignment>
         <input_file_ref idref="fl-8"/>
      </object_component>
      <object_component id="oc-166">
         <name>.text.Clock_Delay1ms</name>
         <load_address>0x173c8</load_address>
         <readonly>true</readonly>
         <executable>true</executable>
         <run_address>0x173c8</run_address>
         <size>0x34</size>
         <alignment>0x4</alignment>
         <input_file_ref idref="fl-3"/>
      </object_component>
      <object_component id="oc-12e">
         <name>.text.ST7735_SetCursor</name>
         <load_address>0x173fc</load_address>
         <readonly>true</readonly>
         <executable>true</executable>
         <run_address>0x173fc</run_address>
         <size>0x34</size>
         <alignment>0x4</alignment>
         <input_file_ref idref="fl-9"/>
      </object_component>
      <object_component id="oc-fe">
         <name>.text.ST7735_write</name>
         <load_address>0x17430</load_address>
         <readonly>true</readonly>
         <executable>true</executable>
         <run_address>0x17430</run_address>
         <size>0x34</size>
         <alignment>0x2</alignment>
         <input_file_ref idref="fl-9"/>
      </object_component>
      <object_component id="oc-150">
         <name>.text.__TI_cleanup</name>
         <load_address>0x17464</load_address>
         <readonly>true</readonly>
         <executable>true</executable>
         <run_address>0x17464</run_address>
         <size>0x34</size>
         <alignment>0x4</alignment>
         <input_file_ref idref="fl-34"/>
      </object_component>
      <object_component id="oc-1ba">
         <name>.text.__TI_readmsg</name>
         <load_address>0x17498</load_address>
         <readonly>true</readonly>
         <executable>true</executable>
         <run_address>0x17498</run_address>
         <size>0x34</size>
         <alignment>0x4</alignment>
         <input_file_ref idref="fl-102"/>
      </object_component>
      <object_component id="oc-1b4">
         <name>.text.__TI_writemsg</name>
         <load_address>0x174cc</load_address>
         <readonly>true</readonly>
         <executable>true</executable>
         <run_address>0x174cc</run_address>
         <size>0x34</size>
         <alignment>0x4</alignment>
         <input_file_ref idref="fl-102"/>
      </object_component>
      <object_component id="oc-c6">
         <name>.text.exit</name>
         <load_address>0x17500</load_address>
         <readonly>true</readonly>
         <executable>true</executable>
         <run_address>0x17500</run_address>
         <size>0x34</size>
         <alignment>0x4</alignment>
         <input_file_ref idref="fl-37"/>
      </object_component>
      <object_component id="oc-137">
         <name>.text.finddevice</name>
         <load_address>0x17534</load_address>
         <readonly>true</readonly>
         <executable>true</executable>
         <run_address>0x17534</run_address>
         <size>0x34</size>
         <alignment>0x4</alignment>
         <input_file_ref idref="fl-116"/>
      </object_component>
      <object_component id="oc-f6">
         <name>.text.freopen</name>
         <load_address>0x17568</load_address>
         <readonly>true</readonly>
         <executable>true</executable>
         <run_address>0x17568</run_address>
         <size>0x34</size>
         <alignment>0x4</alignment>
         <input_file_ref idref="fl-34"/>
      </object_component>
      <object_component id="oc-12b">
         <name>.text.commonInit</name>
         <load_address>0x1759c</load_address>
         <readonly>true</readonly>
         <executable>true</executable>
         <run_address>0x1759c</run_address>
         <size>0x30</size>
         <alignment>0x4</alignment>
         <input_file_ref idref="fl-9"/>
      </object_component>
      <object_component id="oc-bd">
         <name>.text.draw</name>
         <load_address>0x175cc</load_address>
         <readonly>true</readonly>
         <executable>true</executable>
         <run_address>0x175cc</run_address>
         <size>0x30</size>
         <alignment>0x2</alignment>
         <input_file_ref idref="fl-f"/>
      </object_component>
      <object_component id="oc-f0">
         <name>.text.fopen</name>
         <load_address>0x175fc</load_address>
         <readonly>true</readonly>
         <executable>true</executable>
         <run_address>0x175fc</run_address>
         <size>0x30</size>
         <alignment>0x4</alignment>
         <input_file_ref idref="fl-34"/>
      </object_component>
      <object_component id="oc-b5">
         <name>.text.ST7735_FillScreen</name>
         <load_address>0x1762c</load_address>
         <readonly>true</readonly>
         <executable>true</executable>
         <run_address>0x1762c</run_address>
         <size>0x2c</size>
         <alignment>0x4</alignment>
         <input_file_ref idref="fl-9"/>
      </object_component>
      <object_component id="oc-1e1">
         <name>.text.unlink</name>
         <load_address>0x17658</load_address>
         <readonly>true</readonly>
         <executable>true</executable>
         <run_address>0x17658</run_address>
         <size>0x2c</size>
         <alignment>0x4</alignment>
         <input_file_ref idref="fl-fa"/>
      </object_component>
      <object_component id="oc-1a8">
         <name>.text.free_list_insert</name>
         <load_address>0x17684</load_address>
         <readonly>true</readonly>
         <executable>true</executable>
         <run_address>0x17684</run_address>
         <size>0x28</size>
         <alignment>0x4</alignment>
         <input_file_ref idref="fl-3b"/>
      </object_component>
      <object_component id="oc-1d8">
         <name>.text.write</name>
         <load_address>0x176ac</load_address>
         <readonly>true</readonly>
         <executable>true</executable>
         <run_address>0x176ac</run_address>
         <size>0x28</size>
         <alignment>0x4</alignment>
         <input_file_ref idref="fl-f3"/>
      </object_component>
      <object_component id="oc-62">
         <name>.text:_c_int00_noargs</name>
         <load_address>0x176d4</load_address>
         <readonly>true</readonly>
         <executable>true</executable>
         <run_address>0x176d4</run_address>
         <size>0x28</size>
         <alignment>0x4</alignment>
         <input_file_ref idref="fl-3c"/>
      </object_component>
      <object_component id="oc-1eb">
         <name>.text.pushColor</name>
         <load_address>0x176fc</load_address>
         <readonly>true</readonly>
         <executable>true</executable>
         <run_address>0x176fc</run_address>
         <size>0x1e</size>
         <alignment>0x2</alignment>
         <input_file_ref idref="fl-9"/>
      </object_component>
      <object_component id="oc-15c">
         <name>.text._nop</name>
         <load_address>0x1771a</load_address>
         <readonly>true</readonly>
         <executable>true</executable>
         <run_address>0x1771a</run_address>
         <size>0x2</size>
         <alignment>0x2</alignment>
         <input_file_ref idref="fl-38"/>
      </object_component>
      <object_component id="oc-35">
         <name>.text.Default_Handler</name>
         <load_address>0x1771c</load_address>
         <readonly>true</readonly>
         <executable>true</executable>
         <run_address>0x1771c</run_address>
         <size>0x1c</size>
         <alignment>0x4</alignment>
         <input_file_ref idref="fl-11"/>
      </object_component>
      <object_component id="oc-36">
         <name>.text.HardFault_Handler</name>
         <load_address>0x17738</load_address>
         <readonly>true</readonly>
         <executable>true</executable>
         <run_address>0x17738</run_address>
         <size>0x1c</size>
         <alignment>0x4</alignment>
         <input_file_ref idref="fl-11"/>
      </object_component>
      <object_component id="oc-1a6">
         <name>.text.free_list_remove</name>
         <load_address>0x17754</load_address>
         <readonly>true</readonly>
         <executable>true</executable>
         <run_address>0x17754</run_address>
         <size>0x1c</size>
         <alignment>0x4</alignment>
         <input_file_ref idref="fl-3b"/>
      </object_component>
      <object_component id="oc-101">
         <name>.text.ST7735_open</name>
         <load_address>0x17770</load_address>
         <readonly>true</readonly>
         <executable>true</executable>
         <run_address>0x17770</run_address>
         <size>0x16</size>
         <alignment>0x2</alignment>
         <input_file_ref idref="fl-9"/>
      </object_component>
      <object_component id="oc-ff">
         <name>.text.ST7735_read</name>
         <load_address>0x17786</load_address>
         <readonly>true</readonly>
         <executable>true</executable>
         <run_address>0x17786</run_address>
         <size>0x16</size>
         <alignment>0x2</alignment>
         <input_file_ref idref="fl-9"/>
      </object_component>
      <object_component id="oc-59">
         <name>.text:decompress:ZI:__TI_zero_init_nomemset</name>
         <load_address>0x1779c</load_address>
         <readonly>true</readonly>
         <executable>true</executable>
         <run_address>0x1779c</run_address>
         <size>0x16</size>
         <alignment>0x2</alignment>
         <input_file_ref idref="fl-41"/>
      </object_component>
      <object_component id="oc-9c">
         <name>.text:TI_memcpy_small</name>
         <load_address>0x177b2</load_address>
         <readonly>true</readonly>
         <executable>true</executable>
         <run_address>0x177b2</run_address>
         <size>0x12</size>
         <alignment>0x1</alignment>
         <input_file_ref idref="fl-117"/>
      </object_component>
      <object_component id="oc-20">
         <name>.text:decompress:none</name>
         <load_address>0x177c4</load_address>
         <readonly>true</readonly>
         <executable>true</executable>
         <run_address>0x177c4</run_address>
         <size>0x12</size>
         <alignment>0x2</alignment>
         <input_file_ref idref="fl-42"/>
      </object_component>
      <object_component id="oc-10d">
         <name>.text.Clock_Delay</name>
         <load_address>0x177d6</load_address>
         <readonly>true</readonly>
         <executable>true</executable>
         <run_address>0x177d6</run_address>
         <size>0x10</size>
         <alignment>0x2</alignment>
         <input_file_ref idref="fl-3"/>
      </object_component>
      <object_component id="oc-12a">
         <name>.text.Delay</name>
         <load_address>0x177e6</load_address>
         <readonly>true</readonly>
         <executable>true</executable>
         <run_address>0x177e6</run_address>
         <size>0x10</size>
         <alignment>0x2</alignment>
         <input_file_ref idref="fl-7"/>
      </object_component>
      <object_component id="oc-1a7">
         <name>.text.OUTLINED_FUNCTION_0</name>
         <load_address>0x177f6</load_address>
         <readonly>true</readonly>
         <executable>true</executable>
         <run_address>0x177f6</run_address>
         <size>0xe</size>
         <alignment>0x2</alignment>
         <input_file_ref idref="fl-3b"/>
      </object_component>
      <object_component id="oc-fd">
         <name>.text.ST7735_lseek</name>
         <load_address>0x17804</load_address>
         <readonly>true</readonly>
         <executable>true</executable>
         <run_address>0x17804</run_address>
         <size>0xe</size>
         <alignment>0x2</alignment>
         <input_file_ref idref="fl-9"/>
      </object_component>
      <object_component id="oc-1ce">
         <name>.text.strcpy</name>
         <load_address>0x17812</load_address>
         <readonly>true</readonly>
         <executable>true</executable>
         <run_address>0x17812</run_address>
         <size>0xe</size>
         <alignment>0x2</alignment>
         <input_file_ref idref="fl-ff"/>
      </object_component>
      <object_component id="oc-1cf">
         <name>.text.strlen</name>
         <load_address>0x17820</load_address>
         <readonly>true</readonly>
         <executable>true</executable>
         <run_address>0x17820</run_address>
         <size>0xe</size>
         <alignment>0x2</alignment>
         <input_file_ref idref="fl-ff"/>
      </object_component>
      <object_component id="oc-db">
         <name>.text:TI_memset_small</name>
         <load_address>0x1782e</load_address>
         <readonly>true</readonly>
         <executable>true</executable>
         <run_address>0x1782e</run_address>
         <size>0xe</size>
         <alignment>0x1</alignment>
         <input_file_ref idref="fl-118"/>
      </object_component>
      <object_component id="oc-1ad">
         <name>.text.Clock_Freq</name>
         <load_address>0x1783c</load_address>
         <readonly>true</readonly>
         <executable>true</executable>
         <run_address>0x1783c</run_address>
         <size>0xc</size>
         <alignment>0x4</alignment>
         <input_file_ref idref="fl-3"/>
      </object_component>
      <object_component id="oc-fb">
         <name>.text.ST7735_rename</name>
         <load_address>0x17848</load_address>
         <readonly>true</readonly>
         <executable>true</executable>
         <run_address>0x17848</run_address>
         <size>0xc</size>
         <alignment>0x2</alignment>
         <input_file_ref idref="fl-9"/>
      </object_component>
      <object_component id="oc-88">
         <name>.text.__aeabi_memclr</name>
         <load_address>0x17854</load_address>
         <readonly>true</readonly>
         <executable>true</executable>
         <run_address>0x17854</run_address>
         <size>0xc</size>
         <alignment>0x4</alignment>
         <input_file_ref idref="fl-10f"/>
      </object_component>
      <object_component id="oc-14f">
         <name>.text.malloc</name>
         <load_address>0x17860</load_address>
         <readonly>true</readonly>
         <executable>true</executable>
         <run_address>0x17860</run_address>
         <size>0xc</size>
         <alignment>0x2</alignment>
         <input_file_ref idref="fl-3b"/>
      </object_component>
      <object_component id="oc-a6">
         <name>.text.PLL_Init</name>
         <load_address>0x1786c</load_address>
         <readonly>true</readonly>
         <executable>true</executable>
         <run_address>0x1786c</run_address>
         <size>0xa</size>
         <alignment>0x2</alignment>
         <input_file_ref idref="fl-f"/>
      </object_component>
      <object_component id="oc-102">
         <name>.text.ST7735_close</name>
         <load_address>0x17876</load_address>
         <readonly>true</readonly>
         <executable>true</executable>
         <run_address>0x17876</run_address>
         <size>0xa</size>
         <alignment>0x2</alignment>
         <input_file_ref idref="fl-9"/>
      </object_component>
      <object_component id="oc-fc">
         <name>.text.ST7735_unlink</name>
         <load_address>0x17880</load_address>
         <readonly>true</readonly>
         <executable>true</executable>
         <run_address>0x17880</run_address>
         <size>0xa</size>
         <alignment>0x2</alignment>
         <input_file_ref idref="fl-9"/>
      </object_component>
      <object_component id="oc-19f">
         <name>.text.remove</name>
         <load_address>0x1788a</load_address>
         <readonly>true</readonly>
         <executable>true</executable>
         <run_address>0x1788a</run_address>
         <size>0x8</size>
         <alignment>0x2</alignment>
         <input_file_ref idref="fl-f5"/>
      </object_component>
      <object_component id="oc-c1">
         <name>.text:abort</name>
         <load_address>0x17892</load_address>
         <readonly>true</readonly>
         <executable>true</executable>
         <run_address>0x17892</run_address>
         <size>0x6</size>
         <alignment>0x2</alignment>
         <input_file_ref idref="fl-37"/>
      </object_component>
      <object_component id="oc-116">
         <name>.text.HOSTexit</name>
         <load_address>0x17898</load_address>
         <readonly>true</readonly>
         <executable>true</executable>
         <run_address>0x17898</run_address>
         <size>0x4</size>
         <alignment>0x2</alignment>
         <input_file_ref idref="fl-f2"/>
      </object_component>
      <object_component id="oc-31">
         <name>.text.Reset_Handler</name>
         <load_address>0x1789c</load_address>
         <readonly>true</readonly>
         <executable>true</executable>
         <run_address>0x1789c</run_address>
         <size>0x4</size>
         <alignment>0x2</alignment>
         <input_file_ref idref="fl-11"/>
      </object_component>
      <object_component id="oc-8d">
         <name>.text._system_pre_init</name>
         <load_address>0x178a0</load_address>
         <readonly>true</readonly>
         <executable>true</executable>
         <run_address>0x178a0</run_address>
         <size>0x4</size>
         <alignment>0x2</alignment>
         <input_file_ref idref="fl-3f"/>
      </object_component>
      <object_component id="oc-240">
         <name>.cinit..data.load</name>
         <load_address>0x178b0</load_address>
         <readonly>true</readonly>
         <run_address>0x178b0</run_address>
         <size>0x6c</size>
         <alignment>0x1</alignment>
      </object_component>
      <object_component id="oc-23e">
         <name>__TI_handler_table</name>
         <load_address>0x1791c</load_address>
         <readonly>true</readonly>
         <run_address>0x1791c</run_address>
         <size>0xc</size>
         <alignment>0x4</alignment>
      </object_component>
      <object_component id="oc-241">
         <name>.cinit..bss.load</name>
         <load_address>0x17928</load_address>
         <readonly>true</readonly>
         <run_address>0x17928</run_address>
         <size>0x8</size>
         <alignment>0x4</alignment>
      </object_component>
      <object_component id="oc-23f">
         <name>__TI_cinit_table</name>
         <load_address>0x17930</load_address>
         <readonly>true</readonly>
         <run_address>0x17930</run_address>
         <size>0x10</size>
         <alignment>0x4</alignment>
      </object_component>
      <object_component id="oc-bf">
         <name>.rodata.track_1</name>
         <load_address>0xc0</load_address>
         <readonly>true</readonly>
         <run_address>0xc0</run_address>
         <size>0xa000</size>
         <alignment>0x2</alignment>
         <input_file_ref idref="fl-f"/>
      </object_component>
      <object_component id="oc-be">
         <name>.rodata.track_2</name>
         <load_address>0xa0c0</load_address>
         <readonly>true</readonly>
         <run_address>0xa0c0</run_address>
         <size>0xa000</size>
         <alignment>0x2</alignment>
         <input_file_ref idref="fl-f"/>
      </object_component>
      <object_component id="oc-1ec">
         <name>.rodata.Font</name>
         <load_address>0x140c0</load_address>
         <readonly>true</readonly>
         <run_address>0x140c0</run_address>
         <size>0x4fb</size>
         <alignment>0x1</alignment>
         <input_file_ref idref="fl-9"/>
      </object_component>
      <object_component id="oc-7e">
         <name>.rodata.am_car1</name>
         <load_address>0x145bc</load_address>
         <readonly>true</readonly>
         <run_address>0x145bc</run_address>
         <size>0x32a</size>
         <alignment>0x2</alignment>
         <input_file_ref idref="fl-f"/>
      </object_component>
      <object_component id="oc-7d">
         <name>.rodata.am_car2</name>
         <load_address>0x148e6</load_address>
         <readonly>true</readonly>
         <run_address>0x148e6</run_address>
         <size>0x32a</size>
         <alignment>0x2</alignment>
         <input_file_ref idref="fl-f"/>
      </object_component>
      <object_component id="oc-7b">
         <name>.rodata.ut_car1</name>
         <load_address>0x14c10</load_address>
         <readonly>true</readonly>
         <run_address>0x14c10</run_address>
         <size>0x32a</size>
         <alignment>0x2</alignment>
         <input_file_ref idref="fl-f"/>
      </object_component>
      <object_component id="oc-7a">
         <name>.rodata.ut_car2</name>
         <load_address>0x14f3a</load_address>
         <readonly>true</readonly>
         <run_address>0x14f3a</run_address>
         <size>0x32a</size>
         <alignment>0x2</alignment>
         <input_file_ref idref="fl-f"/>
      </object_component>
      <object_component id="oc-80">
         <name>.rodata.sq_r1</name>
         <load_address>0x15264</load_address>
         <readonly>true</readonly>
         <run_address>0x15264</run_address>
         <size>0x190</size>
         <alignment>0x2</alignment>
         <input_file_ref idref="fl-f"/>
      </object_component>
      <object_component id="oc-81">
         <name>.rodata.sq_r2</name>
         <load_address>0x153f4</load_address>
         <readonly>true</readonly>
         <run_address>0x153f4</run_address>
         <size>0x190</size>
         <alignment>0x2</alignment>
         <input_file_ref idref="fl-f"/>
      </object_component>
      <object_component id="oc-10c">
         <name>.rodata.bomb</name>
         <load_address>0x15584</load_address>
         <readonly>true</readonly>
         <run_address>0x15584</run_address>
         <size>0xf0</size>
         <alignment>0x2</alignment>
         <input_file_ref idref="fl-f"/>
      </object_component>
      <object_component id="oc-12f">
         <name>.rodata.Rcmd1</name>
         <load_address>0x15674</load_address>
         <readonly>true</readonly>
         <run_address>0x15674</run_address>
         <size>0x3b</size>
         <alignment>0x1</alignment>
         <input_file_ref idref="fl-9"/>
      </object_component>
      <object_component id="oc-134">
         <name>.rodata.Rcmd3</name>
         <load_address>0x156af</load_address>
         <readonly>true</readonly>
         <run_address>0x156af</run_address>
         <size>0x2b</size>
         <alignment>0x1</alignment>
         <input_file_ref idref="fl-9"/>
      </object_component>
      <object_component id="oc-1ac">
         <name>.rodata.str1.2132471336006292093.1</name>
         <load_address>0x156da</load_address>
         <readonly>true</readonly>
         <run_address>0x156da</run_address>
         <size>0x16</size>
         <alignment>0x1</alignment>
         <input_file_ref idref="fl-9"/>
      </object_component>
      <object_component id="oc-131">
         <name>.rodata.Rcmd2green</name>
         <load_address>0x156f0</load_address>
         <readonly>true</readonly>
         <run_address>0x156f0</run_address>
         <size>0xd</size>
         <alignment>0x1</alignment>
         <input_file_ref idref="fl-9"/>
      </object_component>
      <object_component id="oc-130">
         <name>.rodata.Rcmd2red</name>
         <load_address>0x156fd</load_address>
         <readonly>true</readonly>
         <run_address>0x156fd</run_address>
         <size>0xd</size>
         <alignment>0x1</alignment>
         <input_file_ref idref="fl-9"/>
      </object_component>
      <object_component id="oc-106">
         <name>.rodata.str1.14694424544768695619.1</name>
         <load_address>0x1570a</load_address>
         <readonly>true</readonly>
         <run_address>0x1570a</run_address>
         <size>0x8</size>
         <alignment>0x1</alignment>
         <input_file_ref idref="fl-9"/>
      </object_component>
      <object_component id="oc-100">
         <name>.rodata.str1.1448485181700679404.1</name>
         <load_address>0x15712</load_address>
         <readonly>true</readonly>
         <run_address>0x15712</run_address>
         <size>0x7</size>
         <alignment>0x1</alignment>
         <input_file_ref idref="fl-9"/>
      </object_component>
      <object_component id="oc-103">
         <name>.rodata.str1.4408429423603725162.1</name>
         <load_address>0x15719</load_address>
         <readonly>true</readonly>
         <run_address>0x15719</run_address>
         <size>0x2</size>
         <alignment>0x1</alignment>
         <input_file_ref idref="fl-9"/>
      </object_component>
      <object_component id="oc-208">
         <name>.binit</name>
         <load_address>0x0</load_address>
         <readonly>true</readonly>
         <run_address>0x0</run_address>
         <size>0x0</size>
         <alignment>0x4</alignment>
      </object_component>
      <object_component id="oc-127">
         <name>.data.BusFreq</name>
         <load_address>0x20200640</load_address>
         <readwrite>true</readwrite>
         <run_address>0x20200640</run_address>
         <size>0x4</size>
         <alignment>0x4</alignment>
         <input_file_ref idref="fl-3"/>
      </object_component>
      <object_component id="oc-167">
         <name>.data.StX</name>
         <load_address>0x20200644</load_address>
         <readwrite>true</readwrite>
         <run_address>0x20200644</run_address>
         <size>0x4</size>
         <alignment>0x4</alignment>
         <input_file_ref idref="fl-9"/>
      </object_component>
      <object_component id="oc-168">
         <name>.data.StY</name>
         <load_address>0x20200648</load_address>
         <readwrite>true</readwrite>
         <run_address>0x20200648</run_address>
         <size>0x4</size>
         <alignment>0x4</alignment>
         <input_file_ref idref="fl-9"/>
      </object_component>
      <object_component id="oc-136">
         <name>.data.StTextColor</name>
         <load_address>0x20200658</load_address>
         <readwrite>true</readwrite>
         <run_address>0x20200658</run_address>
         <size>0x2</size>
         <alignment>0x2</alignment>
         <input_file_ref idref="fl-9"/>
      </object_component>
      <object_component id="oc-10a">
         <name>.data._width</name>
         <load_address>0x2020065c</load_address>
         <readwrite>true</readwrite>
         <run_address>0x2020065c</run_address>
         <size>0x2</size>
         <alignment>0x2</alignment>
         <input_file_ref idref="fl-9"/>
      </object_component>
      <object_component id="oc-10b">
         <name>.data._height</name>
         <load_address>0x2020065a</load_address>
         <readwrite>true</readwrite>
         <run_address>0x2020065a</run_address>
         <size>0x2</size>
         <alignment>0x2</alignment>
         <input_file_ref idref="fl-9"/>
      </object_component>
      <object_component id="oc-83">
         <name>.data.gameReady</name>
         <load_address>0x2020065f</load_address>
         <readwrite>true</readwrite>
         <run_address>0x2020065f</run_address>
         <size>0x1</size>
         <alignment>0x1</alignment>
         <input_file_ref idref="fl-f"/>
      </object_component>
      <object_component id="oc-79">
         <name>.data.animFrame</name>
         <load_address>0x2020065e</load_address>
         <readwrite>true</readwrite>
         <run_address>0x2020065e</run_address>
         <size>0x1</size>
         <alignment>0x1</alignment>
         <input_file_ref idref="fl-f"/>
      </object_component>
      <object_component id="oc-11e">
         <name>.data..L_MergedGlobals</name>
         <load_address>0x20200638</load_address>
         <readwrite>true</readwrite>
         <run_address>0x20200638</run_address>
         <size>0x8</size>
         <alignment>0x4</alignment>
         <input_file_ref idref="fl-37"/>
      </object_component>
      <object_component id="oc-11c">
         <name>.data._lock</name>
         <load_address>0x20200650</load_address>
         <readwrite>true</readwrite>
         <run_address>0x20200650</run_address>
         <size>0x4</size>
         <alignment>0x4</alignment>
         <input_file_ref idref="fl-38"/>
      </object_component>
      <object_component id="oc-11f">
         <name>.data._unlock</name>
         <load_address>0x20200654</load_address>
         <readwrite>true</readwrite>
         <run_address>0x20200654</run_address>
         <size>0x4</size>
         <alignment>0x4</alignment>
         <input_file_ref idref="fl-38"/>
      </object_component>
      <object_component id="oc-104">
         <name>.data._ftable</name>
         <load_address>0x20200480</load_address>
         <readwrite>true</readwrite>
         <run_address>0x20200480</run_address>
         <size>0xf0</size>
         <alignment>0x4</alignment>
         <input_file_ref idref="fl-3a"/>
      </object_component>
      <object_component id="oc-190">
         <name>.data.__TI_ft_end</name>
         <load_address>0x2020064c</load_address>
         <readwrite>true</readwrite>
         <run_address>0x2020064c</run_address>
         <size>0x4</size>
         <alignment>0x4</alignment>
         <input_file_ref idref="fl-3a"/>
      </object_component>
      <object_component id="oc-1ea">
         <name>.data.memory_is_initialized</name>
         <load_address>0x20200664</load_address>
         <readwrite>true</readwrite>
         <run_address>0x20200664</run_address>
         <size>0x1</size>
         <alignment>0x4</alignment>
         <input_file_ref idref="fl-3b"/>
      </object_component>
      <object_component id="oc-13e">
         <name>.data._device</name>
         <load_address>0x20200570</load_address>
         <readwrite>true</readwrite>
         <run_address>0x20200570</run_address>
         <size>0x78</size>
         <alignment>0x4</alignment>
         <input_file_ref idref="fl-f4"/>
      </object_component>
      <object_component id="oc-1d4">
         <name>.data._stream</name>
         <load_address>0x202005e8</load_address>
         <readwrite>true</readwrite>
         <run_address>0x202005e8</run_address>
         <size>0x50</size>
         <alignment>0x4</alignment>
         <input_file_ref idref="fl-f4"/>
      </object_component>
      <object_component id="oc-1d3">
         <name>.data.open.stream_init</name>
         <load_address>0x20200668</load_address>
         <readwrite>true</readwrite>
         <run_address>0x20200668</run_address>
         <size>0x1</size>
         <alignment>0x4</alignment>
         <input_file_ref idref="fl-f6"/>
      </object_component>
      <object_component id="oc-13d">
         <name>.data.add_device.device_init</name>
         <load_address>0x20200660</load_address>
         <readwrite>true</readwrite>
         <run_address>0x20200660</run_address>
         <size>0x1</size>
         <alignment>0x4</alignment>
         <input_file_ref idref="fl-f9"/>
      </object_component>
      <object_component id="oc-132">
         <name>.bss.ColStart</name>
         <uninitialized>true</uninitialized>
         <readwrite>true</readwrite>
         <run_address>0x2020027c</run_address>
         <size>0x1</size>
         <alignment>0x1</alignment>
         <input_file_ref idref="fl-9"/>
      </object_component>
      <object_component id="oc-133">
         <name>.bss.RowStart</name>
         <uninitialized>true</uninitialized>
         <readwrite>true</readwrite>
         <run_address>0x2020027d</run_address>
         <size>0x1</size>
         <alignment>0x1</alignment>
         <input_file_ref idref="fl-9"/>
      </object_component>
      <object_component id="oc-135">
         <name>.bss.TabColor</name>
         <uninitialized>true</uninitialized>
         <readwrite>true</readwrite>
         <run_address>0x2020027e</run_address>
         <size>0x1</size>
         <alignment>0x1</alignment>
         <input_file_ref idref="fl-9"/>
      </object_component>
      <object_component id="oc-1a3">
         <name>.bss.__TI_tmpnams</name>
         <uninitialized>true</uninitialized>
         <readwrite>true</readwrite>
         <run_address>0x20200120</run_address>
         <size>0xa0</size>
         <alignment>0x1</alignment>
         <input_file_ref idref="fl-3a"/>
      </object_component>
      <object_component id="oc-1e8">
         <name>.bss.sys_free</name>
         <uninitialized>true</uninitialized>
         <readwrite>true</readwrite>
         <run_address>0x20200268</run_address>
         <size>0x4</size>
         <alignment>0x4</alignment>
         <input_file_ref idref="fl-3b"/>
      </object_component>
      <object_component id="oc-1bb">
         <name>.bss.parmbuf</name>
         <uninitialized>true</uninitialized>
         <readwrite>true</readwrite>
         <run_address>0x20200260</run_address>
         <size>0x8</size>
         <alignment>0x1</alignment>
         <input_file_ref idref="fl-fd"/>
      </object_component>
      <object_component id="oc-1f3">
         <name>.bss:_CIOBUF_</name>
         <uninitialized>true</uninitialized>
         <readwrite>true</readwrite>
         <run_address>0x20200000</run_address>
         <size>0x120</size>
         <alignment>0x4</alignment>
         <input_file_ref idref="fl-102"/>
      </object_component>
      <object_component id="oc-74">
         <name>.common:TExaSadc</name>
         <uninitialized>true</uninitialized>
         <readwrite>true</readwrite>
         <run_address>0x20200278</run_address>
         <size>0x4</size>
         <alignment>0x4</alignment>
      </object_component>
      <object_component id="oc-75">
         <name>.common:TExaSLogic</name>
         <uninitialized>true</uninitialized>
         <readwrite>true</readwrite>
         <run_address>0x20200274</run_address>
         <size>0x4</size>
         <alignment>0x4</alignment>
      </object_component>
      <object_component id="oc-7c">
         <name>.common:utc</name>
         <uninitialized>true</uninitialized>
         <readwrite>true</readwrite>
         <run_address>0x20200238</run_address>
         <size>0x28</size>
         <alignment>0x4</alignment>
      </object_component>
      <object_component id="oc-7f">
         <name>.common:amc</name>
         <uninitialized>true</uninitialized>
         <readwrite>true</readwrite>
         <run_address>0x202001c0</run_address>
         <size>0x28</size>
         <alignment>0x4</alignment>
      </object_component>
      <object_component id="oc-c0">
         <name>.common:bombs</name>
         <uninitialized>true</uninitialized>
         <readwrite>true</readwrite>
         <run_address>0x202001e8</run_address>
         <size>0x28</size>
         <alignment>0x4</alignment>
      </object_component>
      <object_component id="oc-82">
         <name>.common:sqr</name>
         <uninitialized>true</uninitialized>
         <readwrite>true</readwrite>
         <run_address>0x20200210</run_address>
         <size>0x28</size>
         <alignment>0x4</alignment>
      </object_component>
      <object_component id="oc-70">
         <name>.common:PB1Pressed</name>
         <uninitialized>true</uninitialized>
         <readwrite>true</readwrite>
         <run_address>0x2020026c</run_address>
         <size>0x4</size>
         <alignment>0x4</alignment>
      </object_component>
      <object_component id="oc-71">
         <name>.common:PB4Pressed</name>
         <uninitialized>true</uninitialized>
         <readwrite>true</readwrite>
         <run_address>0x20200270</run_address>
         <size>0x4</size>
         <alignment>0x4</alignment>
      </object_component>
      <object_component id="oc-2f">
         <name>.sysmem</name>
         <uninitialized>true</uninitialized>
         <readwrite>true</readwrite>
         <run_address>0x20200280</run_address>
         <size>0x10</size>
         <alignment>0x8</alignment>
         <input_file_ref idref="fl-3b"/>
      </object_component>
      <object_component id="oc-244">
         <name>.sysmem</name>
         <uninitialized>true</uninitialized>
         <readwrite>true</readwrite>
         <run_address>0x20200280</run_address>
         <size>0x0</size>
         <alignment>0x4</alignment>
      </object_component>
      <object_component id="oc-1a">
         <name>.stack</name>
         <uninitialized>true</uninitialized>
         <readwrite>true</readwrite>
         <run_address>0x20207e00</run_address>
         <size>0x4</size>
         <alignment>0x4</alignment>
         <input_file_ref idref="fl-3c"/>
      </object_component>
      <object_component id="oc-243">
         <name>.stack</name>
         <uninitialized>true</uninitialized>
         <readwrite>true</readwrite>
         <run_address>0x20207e00</run_address>
         <size>0x0</size>
         <alignment>0x8</alignment>
      </object_component>
      <object_component id="oc-128">
         <name>.debug_abbrev</name>
         <load_address>0x0</load_address>
         <run_address>0x0</run_address>
         <size>0x16c</size>
         <alignment>0x1</alignment>
         <input_file_ref idref="fl-3"/>
      </object_component>
      <object_component id="oc-e9">
         <name>.debug_abbrev</name>
         <load_address>0x16c</load_address>
         <run_address>0x16c</run_address>
         <size>0xe4</size>
         <alignment>0x1</alignment>
         <input_file_ref idref="fl-5"/>
      </object_component>
      <object_component id="oc-e7">
         <name>.debug_abbrev</name>
         <load_address>0x250</load_address>
         <run_address>0x250</run_address>
         <size>0x10d</size>
         <alignment>0x1</alignment>
         <input_file_ref idref="fl-7"/>
      </object_component>
      <object_component id="oc-158">
         <name>.debug_abbrev</name>
         <load_address>0x35d</load_address>
         <run_address>0x35d</run_address>
         <size>0xdb</size>
         <alignment>0x1</alignment>
         <input_file_ref idref="fl-8"/>
      </object_component>
      <object_component id="oc-107">
         <name>.debug_abbrev</name>
[...]
         <value>0x1725d</value>
         <object_component_ref idref="oc-41"/>
      </symbol>
      <symbol id="sm-fc">
         <name>TExaSadc</name>
         <value>0x20200278</value>
      </symbol>
      <symbol id="sm-fd">
         <name>TExaSLogic</name>
         <value>0x20200274</value>
      </symbol>
      <symbol id="sm-107">
         <name>TimerG12_IntArm</name>
         <value>0x1692d</value>
         <object_component_ref idref="oc-b7"/>
      </symbol>
      <symbol id="sm-121">
         <name>PLL_Init</name>
         <value>0x1786d</value>
         <object_component_ref idref="oc-a6"/>
      </symbol>
      <symbol id="sm-122">
         <name>graphics_init</name>
         <value>0x16609</value>
         <object_component_ref idref="oc-b6"/>
      </symbol>
      <symbol id="sm-123">
         <name>utc</name>
         <value>0x20200238</value>
      </symbol>
      <symbol id="sm-124">
         <name>ut_car1</name>
         <value>0x14c10</value>
         <object_component_ref idref="oc-7b"/>
      </symbol>
      <symbol id="sm-125">
         <name>amc</name>
         <value>0x202001c0</value>
      </symbol>
      <symbol id="sm-126">
         <name>am_car1</name>
         <value>0x145bc</value>
         <object_component_ref idref="oc-7e"/>
      </symbol>
      <symbol id="sm-127">
         <name>bombs</name>
         <value>0x202001e8</value>
      </symbol>
      <symbol id="sm-128">
         <name>bomb</name>
         <value>0x15584</value>
         <object_component_ref idref="oc-10c"/>
      </symbol>
      <symbol id="sm-129">
         <name>sqr</name>
         <value>0x20200210</value>
      </symbol>
      <symbol id="sm-12a">
         <name>sq_r1</name>
         <value>0x15264</value>
         <object_component_ref idref="oc-80"/>
      </symbol>
      <symbol id="sm-12b">
         <name>draw</name>
         <value>0x175cd</value>
         <object_component_ref idref="oc-bd"/>
      </symbol>
      <symbol id="sm-12c">
         <name>UpdatePlayers</name>
         <value>0x16e81</value>
         <object_component_ref idref="oc-78"/>
      </symbol>
      <symbol id="sm-12d">
         <name>PB1Pressed</name>
         <value>0x2020026c</value>
      </symbol>
      <symbol id="sm-12e">
         <name>PB4Pressed</name>
         <value>0x20200270</value>
      </symbol>
      <symbol id="sm-12f">
         <name>TIMG12_IRQHandler</name>
         <value>0x16489</value>
         <object_component_ref idref="oc-46"/>
      </symbol>
      <symbol id="sm-130">
         <name>animFrame</name>
         <value>0x2020065e</value>
         <object_component_ref idref="oc-79"/>
      </symbol>
      <symbol id="sm-131">
         <name>ut_car2</name>
         <value>0x14f3a</value>
         <object_component_ref idref="oc-7a"/>
      </symbol>
      <symbol id="sm-132">
         <name>am_car2</name>
         <value>0x148e6</value>
         <object_component_ref idref="oc-7d"/>
      </symbol>
      <symbol id="sm-133">
         <name>sq_r2</name>
         <value>0x153f4</value>
         <object_component_ref idref="oc-81"/>
      </symbol>
      <symbol id="sm-134">
         <name>gameReady</name>
         <value>0x2020065f</value>
         <object_component_ref idref="oc-83"/>
      </symbol>
      <symbol id="sm-135">
         <name>main</name>
         <value>0x16549</value>
         <object_component_ref idref="oc-91"/>
      </symbol>
      <symbol id="sm-136">
         <name>track_2</name>
         <value>0xa0c0</value>
         <object_component_ref idref="oc-be"/>
      </symbol>
      <symbol id="sm-137">
         <name>track_1</name>
         <value>0xc0</value>
         <object_component_ref idref="oc-bf"/>
      </symbol>
      <symbol id="sm-138">
         <name>GROUP1_IRQHandler</name>
         <value>0x170fd</value>
         <object_component_ref idref="oc-3c"/>
      </symbol>
      <symbol id="sm-14a">
         <name>Default_Handler</name>
         <value>0x1771d</value>
         <object_component_ref idref="oc-35"/>
      </symbol>
      <symbol id="sm-14b">
         <name>Reset_Handler</name>
         <value>0x1789d</value>
         <object_component_ref idref="oc-31"/>
      </symbol>
      <symbol id="sm-14c">
         <name>HardFault_Handler</name>
         <value>0x17739</value>
         <object_component_ref idref="oc-36"/>
      </symbol>
      <symbol id="sm-14d">
         <name>interruptVectors</name>
         <value>0x0</value>
         <object_component_ref idref="oc-18"/>
      </symbol>
      <symbol id="sm-14e">
         <name>NMI_Handler</name>
         <value>0x1771d</value>
         <object_component_ref idref="oc-35"/>
      </symbol>
      <symbol id="sm-14f">
         <name>SVC_Handler</name>
         <value>0x1771d</value>
         <object_component_ref idref="oc-35"/>
      </symbol>
      <symbol id="sm-150">
         <name>PendSV_Handler</name>
         <value>0x1771d</value>
         <object_component_ref idref="oc-35"/>
      </symbol>
      <symbol id="sm-151">
         <name>GROUP0_IRQHandler</name>
         <value>0x1771d</value>
         <object_component_ref idref="oc-35"/>
      </symbol>
      <symbol id="sm-152">
         <name>TIMG8_IRQHandler</name>
         <value>0x1771d</value>
         <object_component_ref idref="oc-35"/>
      </symbol>
      <symbol id="sm-153">
         <name>UART3_IRQHandler</name>
         <value>0x1771d</value>
         <object_component_ref idref="oc-35"/>
      </symbol>
      <symbol id="sm-154">
         <name>ADC0_IRQHandler</name>
         <value>0x1771d</value>
         <object_component_ref idref="oc-35"/>
      </symbol>
      <symbol id="sm-155">
         <name>ADC1_IRQHandler</name>
         <value>0x1771d</value>
         <object_component_ref idref="oc-35"/>
      </symbol>
      <symbol id="sm-156">
         <name>CANFD0_IRQHandler</name>
         <value>0x1771d</value>
         <object_component_ref idref="oc-35"/>
      </symbol>
      <symbol id="sm-157">
         <name>DAC0_IRQHandler</name>
         <value>0x1771d</value>
         <object_component_ref idref="oc-35"/>
      </symbol>
      <symbol id="sm-158">
         <name>SPI0_IRQHandler</name>
         <value>0x1771d</value>
         <object_component_ref idref="oc-35"/>
      </symbol>
      <symbol id="sm-159">
         <name>SPI1_IRQHandler</name>
         <value>0x1771d</value>
         <object_component_ref idref="oc-35"/>
      </symbol>
      <symbol id="sm-15a">
         <name>UART1_IRQHandler</name>
         <value>0x1771d</value>
         <object_component_ref idref="oc-35"/>
      </symbol>
      <symbol id="sm-15b">
         <name>UART2_IRQHandler</name>
         <value>0x1771d</value>
         <object_component_ref idref="oc-35"/>
      </symbol>
      <symbol id="sm-15c">
         <name>UART0_IRQHandler</name>
         <value>0x1771d</value>
         <object_component_ref idref="oc-35"/>
      </symbol>
      <symbol id="sm-15d">
         <name>TIMG0_IRQHandler</name>
         <value>0x1771d</value>
         <object_component_ref idref="oc-35"/>
      </symbol>
      <symbol id="sm-15e">
         <name>TIMG6_IRQHandler</name>
         <value>0x1771d</value>
         <object_component_ref idref="oc-35"/>
      </symbol>
      <symbol id="sm-15f">
         <name>TIMA0_IRQHandler</name>
         <value>0x1771d</value>
         <object_component_ref idref="oc-35"/>
      </symbol>
      <symbol id="sm-160">
         <name>TIMA1_IRQHandler</name>
         <value>0x1771d</value>
         <object_component_ref idref="oc-35"/>
      </symbol>
      <symbol id="sm-161">
         <name>I2C0_IRQHandler</name>
         <value>0x1771d</value>
         <object_component_ref idref="oc-35"/>
      </symbol>
      <symbol id="sm-162">
         <name>I2C1_IRQHandler</name>
         <value>0x1771d</value>
         <object_component_ref idref="oc-35"/>
      </symbol>
      <symbol id="sm-163">
         <name>AES_IRQHandler</name>
         <value>0x1771d</value>
         <object_component_ref idref="oc-35"/>
      </symbol>
      <symbol id="sm-164">
         <name>RTC_IRQHandler</name>
         <value>0x1771d</value>
         <object_component_ref idref="oc-35"/>
      </symbol>
      <symbol id="sm-165">
         <name>DMA_IRQHandler</name>
         <value>0x1771d</value>
         <object_component_ref idref="oc-35"/>
      </symbol>
      <symbol id="sm-166">
         <name>__TI_ATRegion0_src_addr</name>
         <value>0x0</value>
      </symbol>
      <symbol id="sm-167">
         <name>__TI_ATRegion0_trg_addr</name>
         <value>0x0</value>
      </symbol>
      <symbol id="sm-168">
         <name>__TI_ATRegion0_region_sz</name>
         <value>0x0</value>
      </symbol>
      <symbol id="sm-169">
         <name>__TI_ATRegion1_src_addr</name>
         <value>0x0</value>
      </symbol>
      <symbol id="sm-16a">
         <name>__TI_ATRegion1_trg_addr</name>
         <value>0x0</value>
      </symbol>
      <symbol id="sm-16b">
         <name>__TI_ATRegion1_region_sz</name>
         <value>0x0</value>
      </symbol>
      <symbol id="sm-16c">
         <name>__TI_ATRegion2_src_addr</name>
         <value>0x0</value>
      </symbol>
      <symbol id="sm-16d">
         <name>__TI_ATRegion2_trg_addr</name>
         <value>0x0</value>
      </symbol>
      <symbol id="sm-16e">
         <name>__TI_ATRegion2_region_sz</name>
         <value>0x0</value>
      </symbol>
      <symbol id="sm-187">
         <name>fopen</name>
         <value>0x175fd</value>
         <object_component_ref idref="oc-f0"/>
      </symbol>
      <symbol id="sm-188">
         <name>__TI_cleanup</name>
         <value>0x17465</value>
         <object_component_ref idref="oc-150"/>
      </symbol>
      <symbol id="sm-189">
         <name>freopen</name>
         <value>0x17569</value>
         <object_component_ref idref="oc-f6"/>
      </symbol>
      <symbol id="sm-193">
         <name>setvbuf</name>
         <value>0x162d9</value>
         <object_component_ref idref="oc-f7"/>
      </symbol>
      <symbol id="sm-1a2">
         <name>abort</name>
         <value>0x17893</value>
         <object_component_ref idref="oc-c1"/>
      </symbol>
      <symbol id="sm-1a3">
         <name>__TI_cleanup_ptr</name>
         <value>0x20200638</value>
         <object_component_ref idref="oc-11e"/>
      </symbol>
      <symbol id="sm-1a4">
         <name>__TI_dtors_ptr</name>
         <value>0x2020063c</value>
         <object_component_ref idref="oc-11e"/>
      </symbol>
      <symbol id="sm-1a5">
         <name>exit</name>
         <value>0x17501</value>
         <object_component_ref idref="oc-c6"/>
      </symbol>
      <symbol id="sm-1ae">
         <name>_nop</name>
         <value>0x1771b</value>
         <object_component_ref idref="oc-15c"/>
      </symbol>
      <symbol id="sm-1af">
         <name>_lock</name>
         <value>0x20200650</value>
         <object_component_ref idref="oc-11c"/>
      </symbol>
      <symbol id="sm-1b0">
         <name>_unlock</name>
         <value>0x20200654</value>
         <object_component_ref idref="oc-11f"/>
      </symbol>
      <symbol id="sm-1b6">
         <name>_ftable</name>
         <value>0x20200480</value>
         <object_component_ref idref="oc-104"/>
      </symbol>
      <symbol id="sm-1b7">
         <name>__TI_ft_end</name>
         <value>0x2020064c</value>
         <object_component_ref idref="oc-190"/>
      </symbol>
      <symbol id="sm-1b8">
         <name>__TI_tmpnams</name>
         <value>0x20200120</value>
         <object_component_ref idref="oc-1a3"/>
      </symbol>
      <symbol id="sm-1db">
         <name>malloc</name>
         <value>0x17861</value>
         <object_component_ref idref="oc-14f"/>
      </symbol>
      <symbol id="sm-1dc">
         <name>aligned_alloc</name>
         <value>0x15ef9</value>
         <object_component_ref idref="oc-1a9"/>
      </symbol>
      <symbol id="sm-1dd">
         <name>free</name>
         <value>0x161f1</value>
         <object_component_ref idref="oc-14d"/>
      </symbol>
      <symbol id="sm-1de">
         <name>_sys_memory</name>
         <value>0x20200280</value>
         <object_component_ref idref="oc-2f"/>
      </symbol>
      <symbol id="sm-1df">
         <name>memalign</name>
         <value>0x15ef9</value>
         <object_component_ref idref="oc-1a9"/>
      </symbol>
      <symbol id="sm-1ea">
         <name>_c_int00_noargs</name>
         <value>0x176d5</value>
         <object_component_ref idref="oc-62"/>
      </symbol>
      <symbol id="sm-1eb">
         <name>__stack</name>
         <value>0x20207e00</value>
         <object_component_ref idref="oc-1a"/>
      </symbol>
      <symbol id="sm-1f7">
         <name>__TI_auto_init_nobinit_nopinit</name>
         <value>0x1731d</value>
         <object_component_ref idref="oc-c8"/>
      </symbol>
      <symbol id="sm-1ff">
         <name>_system_pre_init</name>
         <value>0x178a1</value>
         <object_component_ref idref="oc-8d"/>
      </symbol>
      <symbol id="sm-20a">
         <name>__TI_zero_init_nomemset</name>
         <value>0x1779d</value>
         <object_component_ref idref="oc-59"/>
      </symbol>
      <symbol id="sm-213">
         <name>__TI_decompress_none</name>
         <value>0x177c5</value>
         <object_component_ref idref="oc-20"/>
      </symbol>
      <symbol id="sm-21e">
         <name>__TI_decompress_lzss</name>
         <value>0x16c55</value>
         <object_component_ref idref="oc-1c"/>
      </symbol>
      <symbol id="sm-22a">
         <name>__TI_closefile</name>
         <value>0x16bd9</value>
         <object_component_ref idref="oc-147"/>
      </symbol>
      <symbol id="sm-234">
         <name>__TI_doflush</name>
         <value>0x17059</value>
         <object_component_ref idref="oc-195"/>
      </symbol>
      <symbol id="sm-247">
         <name>HOSTexit</name>
         <value>0x17899</value>
         <object_component_ref idref="oc-116"/>
      </symbol>
      <symbol id="sm-248">
         <name>C$$EXIT</name>
         <value>0x17898</value>
         <object_component_ref idref="oc-116"/>
      </symbol>
      <symbol id="sm-252">
         <name>write</name>
         <value>0x176ad</value>
         <object_component_ref idref="oc-1d8"/>
      </symbol>
      <symbol id="sm-257">
         <name>_device</name>
         <value>0x20200570</value>
         <object_component_ref idref="oc-13e"/>
      </symbol>
      <symbol id="sm-258">
         <name>_stream</name>
         <value>0x202005e8</value>
         <object_component_ref idref="oc-1d4"/>
      </symbol>
      <symbol id="sm-261">
         <name>remove</name>
         <value>0x1788b</value>
         <object_component_ref idref="oc-19f"/>
      </symbol>
      <symbol id="sm-26d">
         <name>open</name>
         <value>0x16759</value>
         <object_component_ref idref="oc-191"/>
      </symbol>
      <symbol id="sm-278">
         <name>close</name>
         <value>0x170ad</value>
         <object_component_ref idref="oc-19b"/>
      </symbol>
      <symbol id="sm-284">
         <name>add_device</name>
         <value>0x16105</value>
         <object_component_ref idref="oc-ec"/>
      </symbol>
      <symbol id="sm-28e">
         <name>unlink</name>
         <value>0x17659</value>
         <object_component_ref idref="oc-1e1"/>
      </symbol>
      <symbol id="sm-298">
         <name>HOSTclose</name>
         <value>0x17145</value>
         <object_component_ref idref="oc-173"/>
      </symbol>
      <symbol id="sm-2a2">
         <name>HOSTlseek</name>
         <value>0x16d3d</value>
         <object_component_ref idref="oc-17f"/>
      </symbol>
      <symbol id="sm-2ac">
         <name>HOSTopen</name>
         <value>0x16f49</value>
         <object_component_ref idref="oc-16f"/>
      </symbol>
      <symbol id="sm-2ad">
         <name>parmbuf</name>
         <value>0x20200260</value>
         <object_component_ref idref="oc-1bb"/>
      </symbol>
      <symbol id="sm-2b7">
         <name>HOSTread</name>
         <value>0x16fa9</value>
         <object_component_ref idref="oc-177"/>
      </symbol>
      <symbol id="sm-2c8">
         <name>HOSTrename</name>
         <value>0x16da9</value>
         <object_component_ref idref="oc-187"/>
      </symbol>
      <symbol id="sm-2d2">
         <name>HOSTunlink</name>
         <value>0x1718d</value>
         <object_component_ref idref="oc-183"/>
      </symbol>
      <symbol id="sm-2dc">
         <name>HOSTwrite</name>
         <value>0x17001</value>
         <object_component_ref idref="oc-17b"/>
      </symbol>
      <symbol id="sm-2ea">
         <name>C$$IO$$</name>
         <value>0x174f9</value>
         <object_component_ref idref="oc-1b4"/>
      </symbol>
      <symbol id="sm-2eb">
         <name>__TI_writemsg</name>
         <value>0x174cd</value>
         <object_component_ref idref="oc-1b4"/>
      </symbol>
      <symbol id="sm-2ec">
         <name>__CIOBUF_</name>
         <value>0x20200000</value>
         <object_component_ref idref="oc-1f3"/>
      </symbol>
      <symbol id="sm-2ed">
         <name>__TI_readmsg</name>
         <value>0x17499</value>
         <object_component_ref idref="oc-1ba"/>
      </symbol>
      <symbol id="sm-2ee">
         <name>_CIOBUF_</name>
         <value>0x20200000</value>
         <object_component_ref idref="oc-1f3"/>
      </symbol>
      <symbol id="sm-2f4">
         <name>__aeabi_memcpy</name>
         <value>0x16a49</value>
         <object_component_ref idref="oc-52"/>
      </symbol>
      <symbol id="sm-2f5">
         <name>__aeabi_memcpy4</name>
         <value>0x16a49</value>
         <object_component_ref idref="oc-52"/>
      </symbol>
      <symbol id="sm-2f6">
         <name>__aeabi_memcpy8</name>
         <value>0x16a49</value>
         <object_component_ref idref="oc-52"/>
      </symbol>
      <symbol id="sm-2fd">
         <name>__aeabi_memclr</name>
         <value>0x17855</value>
         <object_component_ref idref="oc-88"/>
      </symbol>
      <symbol id="sm-2fe">
         <name>__aeabi_memclr4</name>
         <value>0x17855</value>
         <object_component_ref idref="oc-88"/>
      </symbol>
      <symbol id="sm-2ff">
         <name>__aeabi_memclr8</name>
         <value>0x17855</value>
         <object_component_ref idref="oc-88"/>
      </symbol>
      <symbol id="sm-305">
         <name>__aeabi_uidiv</name>
         <value>0x1729d</value>
         <object_component_ref idref="oc-1ae"/>
      </symbol>
      <symbol id="sm-306">
         <name>__aeabi_uidivmod</name>
         <value>0x1729d</value>
         <object_component_ref idref="oc-1ae"/>
      </symbol>
      <symbol id="sm-311">
         <name>__aeabi_idiv0</name>
         <value>0x170ab</value>
         <object_component_ref idref="oc-1ed"/>
      </symbol>
      <symbol id="sm-31f">
         <name>finddevice</name>
         <value>0x17535</value>
         <object_component_ref idref="oc-137"/>
      </symbol>
      <symbol id="sm-320">
         <name>getdevice</name>
         <value>0x16e15</value>
         <object_component_ref idref="oc-1d2"/>
      </symbol>
      <symbol id="sm-329">
         <name>TI_memcpy_small</name>
         <value>0x177b3</value>
         <object_component_ref idref="oc-9c"/>
      </symbol>
      <symbol id="sm-332">
         <name>TI_memset_small</name>
         <value>0x1782f</value>
         <object_component_ref idref="oc-db"/>
      </symbol>
      <symbol id="sm-33a">
         <name>strcmp</name>
         <value>0x16a51</value>
         <object_component_ref idref="oc-169"/>
      </symbol>
      <symbol id="sm-33b">
         <name>__TI_static_base__</name>
         <value>0x0</value>
      </symbol>
      <symbol id="sm-33e">
         <name>__mpu_init</name>
         <value>0x0</value>
      </symbol>
      <symbol id="sm-33f">
         <name>_system_post_cinit</name>
         <value>0x0</value>
      </symbol>
   </symbol_table>
   <title>Link successful</title>
</link_info>
