******************************************************************************
            TI ARM Clang Linker PC v4.0.4                      
******************************************************************************
>> Linked Mon Apr 20 21:42:43 2026

OUTPUT FILE NAME:   <BevoKart_code.out>
ENTRY POINT SYMBOL: "_c_int00_noargs"  address: 00019a49


MEMORY CONFIGURATION

         name            origin    length      used     unused   attr    fill
----------------------  --------  ---------  --------  --------  ----  --------
  FLASH                 00000000   00020000  00019e10  000061f0  R  X
  SRAM                  20200000   00008000  000008a6  0000775a  RW X
  BCR_CONFIG            41c00000   00000080  00000000  00000080  R   
  BSL_CONFIG            41c00100   00000080  00000000  00000080  R   


SEGMENT ALLOCATION MAP

run origin  load origin   length   init length attrs members
----------  ----------- ---------- ----------- ----- -------
00000000    00000000    00016d38   00016d38    r--
  00000000    00000000    000000c0   000000c0    r-- .intvecs
  000000c0    000000c0    00016c78   00016c78    r-- .rodata
00016d40    00016d40    000030d8   000030d8    r-x
  00016d40    00016d40    00003040   00003040    r-x .text
  00019d80    00019d80    00000098   00000098    r-- .cinit
20200000    20200000    000006b0   00000000    rw-
  20200000    20200000    000002a1   00000000    rw- .bss
  202002a4    202002a4    00000205   00000000    rw- .data
  202004b0    202004b0    00000200   00000000    rw- .sysmem
20207e00    20207e00    00000200   00000000    rw-
  20207e00    20207e00    00000200   00000000    rw- .stack


SECTION ALLOCATION MAP

 output                                  attributes/
section   page    origin      length       input sections
--------  ----  ----------  ----------   ----------------
.intvecs   0    00000000    000000c0     
                  00000000    000000c0     startup_mspm0g3507_ticlang.o (.intvecs)

.text      0    00016d40    00003040     
                  00016d40    00000260     game_main.o (.text.main)
                  00016fa0    00000210     ST7735.o (.text.ST7735_DrawBitmap)
                  000171b0    000001b4     Clock.o (.text.Clock_Init80MHz)
                  00017364    000001a8     ST7735.o (.text.ST7735_DrawChar)
                  0001750c    00000188     game_main.o (.text.DrawStartScreen)
                  00017694    00000174     game_main.o (.text.UpdateSprites)
                  00017808    00000154     libc.a : fopen.c.obj (.text._openfile)
                  0001795c    00000118     ST7735.o (.text.ST7735_FillRect)
                  00017a74    00000114     libc.a : memory.c.obj (.text.aligned_alloc)
                  00017b88    000000f8     SPI.o (.text.SPI_Init)
                  00017c80    000000f8     game_main.o (.text.UART_Receive)
                  00017d78    000000ec     libsysbm.a : add_device.c.obj (.text.add_device)
                  00017e64    000000e8     libc.a : memory.c.obj (.text.free)
                  00017f4c    000000e0            : setvbuf.c.obj (.text.setvbuf)
                  0001802c    000000d0     ST7735.o (.text.ST7735_OutChar)
                  000180fc    000000d0     game_main.o (.text.TIMG12_IRQHandler)
                  000181cc    000000cc     game_main.o (.text.DrawLoseScreen)
                  00018298    000000cc     game_main.o (.text.DrawWinScreen)
                  00018364    000000c8     game_main.o (.text.graphics_init)
                  0001842c    000000ac     ST7735.o (.text.fillmessage5)
                  000184d8    000000a8     DAC.o (.text.DAC_Init)
                  00018580    000000a4     game_main.o (.text.UART1_Init)
                  00018624    000000a2     ST7735.o (.text.commandList)
                  000186c6    00000002     libclang_rt.builtins.a : aeabi_div0.c.obj (.text.__aeabi_idiv0)
                  000186c8    000000a0     libsysbm.a : open.c.obj (.text.open)
                  00018768    0000009c     ST7735.o (.text.ST7735_InitPrintf)
                  00018804    00000098     ST7735.o (.text.ST7735_InitR)
                  0001889c    00000094     Timer.o (.text.TimerG12_IntArm)
                  00018930    00000088     ADC1.o (.text.ADCinit)
                  000189b8    00000088     ST7735.o (.text.setAddrWindow)
                  00018a40    00000088     libc.a : strcmp-armv6m.S.obj (.text:strcmp)
                  00018ac8    00000084     ST7735.o (.text.ST7735_DrawString)
                  00018b4c    00000084     ST7735.o (.text.ST7735_OutUDec5)
                  00018bd0    0000007c     LaunchPad.o (.text.LaunchPad_Init)
                  00018c4c    0000007c     libc.a : fclose.c.obj (.text.__TI_closefile)
                  00018cc8    0000007c            : copy_decompress_lzss.c.obj (.text:decompress:lzss)
                  00018d44    00000078     EdgeTriggered.o (.text.EdgeTriggered_Init)
                  00018dbc    00000078     game_main.o (.text.collides)
                  00018e34    00000074     game_main.o (.text.SetDifficulty)
                  00018ea8    00000070     game_main.o (.text.UpdateMyPlayer)
                  00018f18    0000006c     libsysbm.a : hostlseek.c.obj (.text.HOSTlseek)
                  00018f84    0000006c                : hostrename.c.obj (.text.HOSTrename)
                  00018ff0    0000006c     libc.a : getdevice.c.obj (.text.getdevice)
                  0001905c    00000064            : memory.c.obj (.text.split)
                  000190c0    00000060     libsysbm.a : hostopen.c.obj (.text.HOSTopen)
                  00019120    00000058                : hostread.c.obj (.text.HOSTread)
                  00019178    00000058                : hostwrite.c.obj (.text.HOSTwrite)
                  000191d0    00000054     ST7735.o (.text.fillmessage)
                  00019224    00000052     libc.a : fflush.c.obj (.text.__TI_doflush)
                  00019276    00000002            : _lock.c.obj (.text._nop)
                  00019278    00000050     libsysbm.a : close.c.obj (.text.close)
                  000192c8    0000004c     game_main.o (.text.GROUP1_IRQHandler)
                  00019314    00000048     ADC1.o (.text.ADCin)
                  0001935c    00000048     libsysbm.a : hostclose.c.obj (.text.HOSTclose)
                  000193a4    00000048                : hostunlink.c.obj (.text.HOSTunlink)
                  000193ec    00000048     game_main.o (.text.ReadDifficulty)
                  00019434    00000048     SPI.o (.text.SPI_OutCommand)
                  0001947c    00000044     Sound.o (.text.SysTick_Handler)
                  000194c0    00000040     SPI.o (.text.SPI_Reset)
                  00019500    00000040     TExaS.o (.text.TIMG7_IRQHandler)
                  00019540    00000040     libclang_rt.builtins.a : aeabi_uidivmod.S.obj (.text.__aeabi_uidivmod)
                  00019580    00000040     libc.a : fopen.c.obj (.text._search_fp)
                  000195c0    0000003e     game_main.o (.text.draw)
                  000195fe    00000002     --HOLE-- [fill = 0]
                  00019600    0000003c     libc.a : autoinit.c.obj (.text:__TI_auto_init_nobinit_nopinit)
                  0001963c    00000038     LaunchPad.o (.text.ActivatePortA_B)
                  00019674    00000038     SPI.o (.text.SPI_OutData)
                  000196ac    00000038     Sound.o (.text.SysTick_IntArm)
                  000196e4    00000034     Clock.o (.text.Clock_Delay1ms)
                  00019718    00000034     ST7735.o (.text.ST7735_SetCursor)
                  0001974c    00000034     ST7735.o (.text.ST7735_write)
                  00019780    00000034     game_main.o (.text.SpawnBomb)
                  000197b4    00000034     libc.a : fopen.c.obj (.text.__TI_cleanup)
                  000197e8    00000034     libsysbm.a : trgmsg.c.obj (.text.__TI_readmsg)
                  0001981c    00000034                : trgmsg.c.obj (.text.__TI_writemsg)
                  00019850    00000034     libc.a : exit.c.obj (.text.exit)
                  00019884    00000034            : getdevice.c.obj (.text.finddevice)
                  000198b8    00000034            : fopen.c.obj (.text.freopen)
                  000198ec    00000030     ST7735.o (.text.commonInit)
                  0001991c    00000030     libc.a : fopen.c.obj (.text.fopen)
                  0001994c    0000002c     ST7735.o (.text.ST7735_FillScreen)
                  00019978    0000002c     game_main.o (.text.UART1_OutChar)
                  000199a4    0000002c     libsysbm.a : unlink.c.obj (.text.unlink)
                  000199d0    00000028     Sound.o (.text.Sound_Init)
                  000199f8    00000028     libc.a : memory.c.obj (.text.free_list_insert)
                  00019a20    00000028     libsysbm.a : write.c.obj (.text.write)
                  00019a48    00000028     libc.a : boot_cortex_m.c.obj (.text:_c_int00_noargs)
                  00019a70    00000026     ST7735.o (.text.ST7735_OutString)
                  00019a96    00000022     game_main.o (.text.UART_SendPos)
                  00019ab8    00000022     game_main.o (.text.UART_SendSound)
                  00019ada    00000002     --HOLE-- [fill = 0]
                  00019adc    00000020     game_main.o (.text.Random32)
                  00019afc    00000020     Sound.o (.text.Sound_Start)
                  00019b1c    00000020     game_main.o (.text.UART1_InChar)
                  00019b3c    0000001e     ST7735.o (.text.pushColor)
                  00019b5a    00000002     --HOLE-- [fill = 0]
                  00019b5c    0000001c     startup_mspm0g3507_ticlang.o (.text.Default_Handler)
                  00019b78    0000001c     startup_mspm0g3507_ticlang.o (.text.HardFault_Handler)
                  00019b94    0000001c     game_main.o (.text.UART_SendLose)
                  00019bb0    0000001c     libc.a : memory.c.obj (.text.free_list_remove)
                  00019bcc    00000018     game_main.o (.text.Random)
                  00019be4    00000016     ST7735.o (.text.ST7735_open)
                  00019bfa    00000016     ST7735.o (.text.ST7735_read)
                  00019c10    00000016     libc.a : copy_zero_init.c.obj (.text:decompress:ZI:__TI_zero_init_nomemset)
                  00019c26    00000002     --HOLE-- [fill = 0]
                  00019c28    00000014     DAC.o (.text.DAC_Out)
                  00019c3c    00000014     Sound.o (.text.Sound_Bomb)
                  00019c50    00000014     Sound.o (.text.Sound_SquirrelDeath)
                  00019c64    00000014     game_main.o (.text.UART1_Available)
                  00019c78    00000012     libc.a : memcpy16.S.obj (.text:TI_memcpy_small)
                  00019c8a    00000012            : copy_decompress_none.c.obj (.text:decompress:none)
                  00019c9c    00000010     Clock.o (.text.Clock_Delay)
                  00019cac    00000010     LaunchPad.o (.text.Delay)
                  00019cbc    0000000e     libc.a : memory.c.obj (.text.OUTLINED_FUNCTION_0)
                  00019cca    0000000e     ST7735.o (.text.ST7735_lseek)
                  00019cd8    0000000e     libsysbm.a : hostrename.c.obj (.text.strcpy)
                  00019ce6    0000000e                : hostrename.c.obj (.text.strlen)
                  00019cf4    0000000e     libc.a : memset16.S.obj (.text:TI_memset_small)
                  00019d02    00000002     --HOLE-- [fill = 0]
                  00019d04    0000000c     Clock.o (.text.Clock_Freq)
                  00019d10    0000000c     ST7735.o (.text.ST7735_rename)
                  00019d1c    0000000c     libclang_rt.builtins.a : aeabi_memset.S.obj (.text.__aeabi_memclr)
                  00019d28    0000000c     libc.a : memory.c.obj (.text.malloc)
                  00019d34    0000000a     game_main.o (.text.PLL_Init)
                  00019d3e    0000000a     ST7735.o (.text.ST7735_close)
                  00019d48    0000000a     ST7735.o (.text.ST7735_unlink)
                  00019d52    00000002     --HOLE-- [fill = 0]
                  00019d54    00000008     libclang_rt.builtins.a : aeabi_memcpy.S.obj (.text.__aeabi_memcpy)
                  00019d5c    00000008     libsysbm.a : remove.c.obj (.text.remove)
                  00019d64    00000006     libc.a : exit.c.obj (.text:abort)
                  00019d6a    00000004     libsysbm.a : hostexit.c.obj (.text.HOSTexit)
                  00019d6e    00000004     startup_mspm0g3507_ticlang.o (.text.Reset_Handler)
                  00019d72    00000004     libc.a : pre_init.c.obj (.text._system_pre_init)
                  00019d76    0000000a     --HOLE-- [fill = 0]

.cinit     0    00019d80    00000098     
                  00019d80    00000070     (.cinit..data.load) [load image, compression = lzss]
                  00019df0    0000000c     (__TI_handler_table)
                  00019dfc    00000008     (.cinit..bss.load) [load image, compression = zero_init]
                  00019e04    00000010     (__TI_cinit_table)
                  00019e14    00000004     --HOLE-- [fill = 0]

.rodata    0    000000c0    00016c78     
                  000000c0    0000a000     game_main.o (.rodata.track_1)
                  0000a0c0    0000a000     game_main.o (.rodata.track_2)
                  000140c0    00000d31     Sound.o (.rodata.invaderkilled)
                  00014df1    000007d0     Sound.o (.rodata.explosion)
                  000155c1    000004fb     ST7735.o (.rodata.Font)
                  00015abc    0000032a     game_main.o (.rodata.am_car1)
                  00015de6    0000032a     game_main.o (.rodata.am_car2)
                  00016110    0000032a     game_main.o (.rodata.ut_car1)
                  0001643a    0000032a     game_main.o (.rodata.ut_car2)
                  00016764    00000190     game_main.o (.rodata.sq_r1)
                  000168f4    00000190     game_main.o (.rodata.sq_r2)
                  00016a84    000000f0     game_main.o (.rodata.bomb)
                  00016b74    0000003b     ST7735.o (.rodata.Rcmd1)
                  00016baf    0000002b     ST7735.o (.rodata.Rcmd3)
                  00016bda    00000016     ST7735.o (.rodata.str1.2132471336006292093.1)
                  00016bf0    00000015     game_main.o (.rodata.str1.17481542881734601277.1)
                  00016c05    00000012     game_main.o (.rodata.str1.11985164516097659737.1)
                  00016c17    00000011     game_main.o (.rodata.str1.845026804953235778.1)
                  00016c28    00000010     game_main.o (.rodata.str1.2179347622241752808.1)
                  00016c38    0000000f     game_main.o (.rodata.str1.5852278260567127355.1)
                  00016c47    0000000e     game_main.o (.rodata.str1.13460616082421214018.1)
                  00016c55    0000000d     ST7735.o (.rodata.Rcmd2green)
                  00016c62    0000000d     ST7735.o (.rodata.Rcmd2red)
                  00016c6f    0000000c     game_main.o (.rodata.str1.3712135783545908215.1)
                  00016c7b    0000000c     game_main.o (.rodata.str1.3733555913127675906.1)
                  00016c87    0000000b     game_main.o (.rodata.str1.11572486565876923915.1)
                  00016c92    0000000b     game_main.o (.rodata.str1.14580305330962606267.1)
                  00016c9d    0000000b     game_main.o (.rodata.str1.8390502040225595351.1)
                  00016ca8    0000000b     game_main.o (.rodata.str1.8918794325470628196.1)
                  00016cb3    0000000a     game_main.o (.rodata.str1.2990079442873818005.1)
                  00016cbd    0000000a     game_main.o (.rodata.str1.5032749084693674288.1)
                  00016cc7    0000000a     game_main.o (.rodata.str1.7436938127005546775.1)
                  00016cd1    00000009     game_main.o (.rodata.str1.16486826705469194441.1)
                  00016cda    00000009     game_main.o (.rodata.str1.17510318040728765046.1)
                  00016ce3    00000009     game_main.o (.rodata.str1.3809878905384475929.1)
                  00016cec    00000009     game_main.o (.rodata.str1.5138125937738982744.1)
                  00016cf5    00000009     game_main.o (.rodata.str1.8980160562375963367.1)
                  00016cfe    00000008     game_main.o (.rodata.str1.12675708507062136371.1)
                  00016d06    00000008     game_main.o (.rodata.str1.13288269404348788524.1)
                  00016d0e    00000008     ST7735.o (.rodata.str1.14694424544768695619.1)
                  00016d16    00000008     game_main.o (.rodata.str1.2608741220678797268.1)
                  00016d1e    00000007     game_main.o (.rodata.str1.12644417810602803614.1)
                  00016d25    00000007     ST7735.o (.rodata.str1.1448485181700679404.1)
                  00016d2c    00000007     game_main.o (.rodata.str1.15097228169742071382.1)
                  00016d33    00000002     ST7735.o (.rodata.str1.4408429423603725162.1)
                  00016d35    00000003     --HOLE-- [fill = 0]

.init_array 
*          0    00000000    00000000     UNINITIALIZED

.binit     0    00000000    00000000     

.bss       0    20200000    000002a1     UNINITIALIZED
                  20200000    00000120     libsysbm.a : trgmsg.c.obj (.bss:_CIOBUF_)
                  20200120    000000a0     libc.a : defs.c.obj (.bss.__TI_tmpnams)
                  202001c0    00000028     (.common:amc)
                  202001e8    00000028     (.common:bombs)
                  20200210    00000028     (.common:sqr)
                  20200238    00000028     (.common:utc)
                  20200260    0000000c     (.common:Message)
                  2020026c    00000008     libsysbm.a : hostopen.c.obj (.bss.parmbuf)
                  20200274    00000004     libc.a : memory.c.obj (.bss.sys_free)
                  20200278    00000004     (.common:Messageindex)
                  2020027c    00000004     (.common:PB1Pressed)
                  20200280    00000004     (.common:PB4Pressed)
                  20200284    00000004     (.common:TExaSLogic)
                  20200288    00000004     (.common:TExaSadc)
                  2020028c    00000004     (.common:mycar)
                  20200290    00000004     (.common:obstacleSpeed)
                  20200294    00000004     (.common:othercar)
                  20200298    00000004     (.common:spawnInterval)
                  2020029c    00000001     ST7735.o (.bss.ColStart)
                  2020029d    00000001     ST7735.o (.bss.RowStart)
                  2020029e    00000001     ST7735.o (.bss.TabColor)
                  2020029f    00000001     (.common:Difficulty)
                  202002a0    00000001     (.common:State)

.data      0    202002a4    00000205     UNINITIALIZED
                  202002a4    000000f0     libc.a : defs.c.obj (.data._ftable)
                  20200394    00000078     libsysbm.a : host_device.c.obj (.data._device)
                  2020040c    00000050                : host_device.c.obj (.data._stream)
                  2020045c    00000008     libc.a : exit.c.obj (.data..L_MergedGlobals)
                  20200464    00000004     Clock.o (.data.BusFreq)
                  20200468    00000004     game_main.o (.data.M)
                  2020046c    00000004     Sound.o (.data.SoundCount)
                  20200470    00000004     Sound.o (.data.SoundPt)
                  20200474    00000004     ST7735.o (.data.StX)
                  20200478    00000004     ST7735.o (.data.StY)
                  2020047c    00000004     libc.a : defs.c.obj (.data.__TI_ft_end)
                  20200480    00000004            : _lock.c.obj (.data._lock)
                  20200484    00000004            : _lock.c.obj (.data._unlock)
                  20200488    00000004     game_main.o (.data.bombActive)
                  2020048c    00000004     game_main.o (.data.score)
                  20200490    00000004     game_main.o (.data.spawnTimer)
                  20200494    00000002     ST7735.o (.data.StTextColor)
                  20200496    00000002     ST7735.o (.data._height)
                  20200498    00000002     ST7735.o (.data._width)
                  2020049a    00000001     game_main.o (.data.DrawLoseScreen.bgFrame)
                  2020049b    00000001     game_main.o (.data.DrawStartScreen.bgFrame)
                  2020049c    00000001     game_main.o (.data.DrawWinScreen.bgFrame)
                  2020049d    00000001     game_main.o (.data.Language)
                  2020049e    00000001     game_main.o (.data.SendLoseFlag)
                  2020049f    00000001     game_main.o (.data.SendSoundFlag)
                  202004a0    00000001     libsysbm.a : add_device.c.obj (.data.add_device.device_init)
                  202004a1    00000001     game_main.o (.data.animFrame)
                  202004a2    00000001     game_main.o (.data.gameReady)
                  202004a3    00000001     --HOLE--
                  202004a4    00000001     libc.a : memory.c.obj (.data.memory_is_initialized)
                  202004a5    00000003     --HOLE--
                  202004a8    00000001     libsysbm.a : open.c.obj (.data.open.stream_init)

.sysmem    0    202004b0    00000200     UNINITIALIZED
                  202004b0    00000010     libc.a : memory.c.obj (.sysmem)
                  202004c0    000001f0     --HOLE--

.stack     0    20207e00    00000200     UNINITIALIZED
                  20207e00    00000004     libc.a : boot_cortex_m.c.obj (.stack)
                  20207e04    000001fc     --HOLE--

__llvm_prf_cnts 
*          0    20200000    00000000     UNINITIALIZED

__llvm_prf_bits 
*          0    20200000    00000000     UNINITIALIZED

MODULE SUMMARY

       Module                         code    ro data   rw data
       ------                         ----    -------   -------
    .\
       game_main.o                    3468    86482     210    
       Sound.o                        236     5377      8      
       ST7735.o                       2920    1442      33     
       Clock.o                        516     0         4      
       SPI.o                          440     0         0      
       ADC1.o                         208     0         0      
       LaunchPad.o                    196     0         0      
       DAC.o                          188     0         0      
       Timer.o                        148     0         0      
       EdgeTriggered.o                120     0         0      
       TExaS.o                        64      0         8      
    +--+------------------------------+-------+---------+---------+
       Total:                         8504    93301     263    
                                                               
    .\ticlang\
       startup_mspm0g3507_ticlang.o   60      192       0      
    +--+------------------------------+-------+---------+---------+
       Total:                         60      192       0      
                                                               
    C:\ti\ccs2040\ccs\tools\compiler\ti-cgt-armllvm_4.0.4.LTS\lib\armv6m-ti-none-eabi/c/libc.a
       memory.c.obj                   702     0         5      
       fopen.c.obj                    556     0         0      
       defs.c.obj                     0       0         404    
       setvbuf.c.obj                  224     0         0      
       getdevice.c.obj                160     0         0      
       strcmp-armv6m.S.obj            136     0         0      
       copy_decompress_lzss.c.obj     124     0         0      
       fclose.c.obj                   124     0         0      
       fflush.c.obj                   82      0         0      
       exit.c.obj                     58      0         8      
       autoinit.c.obj                 60      0         0      
       boot_cortex_m.c.obj            40      0         0      
       copy_zero_init.c.obj           22      0         0      
       copy_decompress_none.c.obj     18      0         0      
       memcpy16.S.obj                 18      0         0      
       memset16.S.obj                 14      0         0      
       _lock.c.obj                    2       0         8      
       pre_init.c.obj                 4       0         0      
    +--+------------------------------+-------+---------+---------+
       Total:                         2344    0         425    
                                                               
    C:\ti\ccs2040\ccs\tools\compiler\ti-cgt-armllvm_4.0.4.LTS\lib\armv6m-ti-none-eabi/c/libsysbm.a
       trgmsg.c.obj                   104     0         288    
       add_device.c.obj               236     0         1      
       host_device.c.obj              0       0         200    
       open.c.obj                     160     0         1      
       hostrename.c.obj               136     0         0      
       hostlseek.c.obj                108     0         0      
       hostopen.c.obj                 96      0         8      
       hostread.c.obj                 88      0         0      
       hostwrite.c.obj                88      0         0      
       close.c.obj                    80      0         0      
       hostclose.c.obj                72      0         0      
       hostunlink.c.obj               72      0         0      
       unlink.c.obj                   44      0         0      
       write.c.obj                    40      0         0      
       remove.c.obj                   8       0         0      
       hostexit.c.obj                 4       0         0      
    +--+------------------------------+-------+---------+---------+
       Total:                         1336    0         498    
                                                               
    C:\ti\ccs2040\ccs\tools\compiler\ti-cgt-armllvm_4.0.4.LTS\lib\armv6m-ti-none-eabi/libclang_rt.builtins.a
       aeabi_uidivmod.S.obj           64      0         0      
       aeabi_memset.S.obj             12      0         0      
       aeabi_memcpy.S.obj             8       0         0      
       aeabi_div0.c.obj               2       0         0      
    +--+------------------------------+-------+---------+---------+
       Total:                         86      0         0      
                                                               
       Heap:                          0       0         512    
       Stack:                         0       0         512    
       Linker Generated:              0       148       0      
    +--+------------------------------+-------+---------+---------+
       Grand Total:                   12330   93641     2210   


LINKER GENERATED COPY TABLES

__TI_cinit_table @ 00019e04 records: 2, size/record: 8, table size: 16
	.data: load addr=00019d80, load size=00000070 bytes, run addr=202002a4, run size=00000205 bytes, compression=lzss
	.bss: load addr=00019dfc, load size=00000008 bytes, run addr=20200000, run size=000002a1 bytes, compression=zero_init


LINKER GENERATED HANDLER TABLE

__TI_handler_table @ 00019df0 records: 3, size/record: 4, table size: 12
	index: 0, handler: __TI_decompress_lzss
	index: 1, handler: __TI_decompress_none
	index: 2, handler: __TI_zero_init


GLOBAL SYMBOLS: SORTED ALPHABETICALLY BY Name 

address   name                          
-------   ----                          
00019b5d  ADC0_IRQHandler               
00019b5d  ADC1_IRQHandler               
00019315  ADCin                         
00018931  ADCinit                       
00019b5d  AES_IRQHandler                
0001963d  ActivatePortA_B               
20200464  BusFreq                       
00019d6a  C$$EXIT                       
00019849  C$$IO$$                       
00019b5d  CANFD0_IRQHandler             
00019c9d  Clock_Delay                   
000196e5  Clock_Delay1ms                
00019d05  Clock_Freq                    
000171b1  Clock_Init80MHz               
00019b5d  DAC0_IRQHandler               
000184d9  DAC_Init                      
00019c29  DAC_Out                       
00019b5d  DMA_IRQHandler                
00019b5d  Default_Handler               
00019cad  Delay                         
2020029f  Difficulty                    
000181cd  DrawLoseScreen                
0001750d  DrawStartScreen               
00018299  DrawWinScreen                 
00018d45  EdgeTriggered_Init            
00019b5d  GROUP0_IRQHandler             
000192c9  GROUP1_IRQHandler             
0001935d  HOSTclose                     
00019d6b  HOSTexit                      
00018f19  HOSTlseek                     
000190c1  HOSTopen                      
00019121  HOSTread                      
00018f85  HOSTrename                    
000193a5  HOSTunlink                    
00019179  HOSTwrite                     
00019b79  HardFault_Handler             
00019b5d  I2C0_IRQHandler               
00019b5d  I2C1_IRQHandler               
2020049d  Language                      
00018bd1  LaunchPad_Init                
20200468  M                             
20200260  Message                       
20200278  Messageindex                  
00019b5d  NMI_Handler                   
2020027c  PB1Pressed                    
20200280  PB4Pressed                    
00019d35  PLL_Init                      
00019b5d  PendSV_Handler                
00019b5d  RTC_IRQHandler                
00019bcd  Random                        
00019add  Random32                      
00019d6f  Reset_Handler                 
00019b5d  SPI0_IRQHandler               
00019b5d  SPI1_IRQHandler               
00017b89  SPI_Init                      
00019435  SPI_OutCommand                
00019675  SPI_OutData                   
000194c1  SPI_Reset                     
00016fa1  ST7735_DrawBitmap             
00017365  ST7735_DrawChar               
00018ac9  ST7735_DrawString             
0001795d  ST7735_FillRect               
0001994d  ST7735_FillScreen             
00018769  ST7735_InitPrintf             
00018805  ST7735_InitR                  
0001802d  ST7735_OutChar                
00019a71  ST7735_OutString              
00018b4d  ST7735_OutUDec5               
00019719  ST7735_SetCursor              
00019d3f  ST7735_close                  
00019ccb  ST7735_lseek                  
00019be5  ST7735_open                   
00019bfb  ST7735_read                   
00019d11  ST7735_rename                 
00019d49  ST7735_unlink                 
0001974d  ST7735_write                  
00019b5d  SVC_Handler                   
2020049e  SendLoseFlag                  
2020049f  SendSoundFlag                 
00018e35  SetDifficulty                 
00019c3d  Sound_Bomb                    
000199d1  Sound_Init                    
00019c51  Sound_SquirrelDeath           
00019afd  Sound_Start                   
00019781  SpawnBomb                     
20200494  StTextColor                   
20200474  StX                           
20200478  StY                           
202002a0  State                         
0001947d  SysTick_Handler               
000196ad  SysTick_IntArm                
20200284  TExaSLogic                    
20200288  TExaSadc                      
00019b5d  TIMA0_IRQHandler              
00019b5d  TIMA1_IRQHandler              
00019b5d  TIMG0_IRQHandler              
000180fd  TIMG12_IRQHandler             
00019b5d  TIMG6_IRQHandler              
00019501  TIMG7_IRQHandler              
00019b5d  TIMG8_IRQHandler              
00019c79  TI_memcpy_small               
00019cf5  TI_memset_small               
0001889d  TimerG12_IntArm               
00019b5d  UART0_IRQHandler              
00019b5d  UART1_IRQHandler              
00019b1d  UART1_InChar                  
00018581  UART1_Init                    
00019979  UART1_OutChar                 
00019b5d  UART2_IRQHandler              
00019b5d  UART3_IRQHandler              
00017c81  UART_Receive                  
00019b95  UART_SendLose                 
00019a97  UART_SendPos                  
00019ab9  UART_SendSound                
00018ea9  UpdateMyPlayer                
00017695  UpdateSprites                 
20200000  _CIOBUF_                      
20200000  __CIOBUF_                     
20208000  __STACK_END                   
00000200  __STACK_SIZE                  
00000200  __SYSMEM_SIZE                 
00000000  __TI_ATRegion0_region_sz      
00000000  __TI_ATRegion0_src_addr       
00000000  __TI_ATRegion0_trg_addr       
00000000  __TI_ATRegion1_region_sz      
00000000  __TI_ATRegion1_src_addr       
00000000  __TI_ATRegion1_trg_addr       
00000000  __TI_ATRegion2_region_sz      
00000000  __TI_ATRegion2_src_addr       
00000000  __TI_ATRegion2_trg_addr       
00019e04  __TI_CINIT_Base               
00019e14  __TI_CINIT_Limit              
00019e14  __TI_CINIT_Warm               
00019df0  __TI_Handler_Table_Base       
00019dfc  __TI_Handler_Table_Limit      
00019601  __TI_auto_init_nobinit_nopinit
000197b5  __TI_cleanup                  
2020045c  __TI_cleanup_ptr              
00018c4d  __TI_closefile                
00018cc9  __TI_decompress_lzss          
00019c8b  __TI_decompress_none          
00019225  __TI_doflush                  
20200460  __TI_dtors_ptr                
2020047c  __TI_ft_end                   
ffffffff  __TI_pprof_out_hndl           
ffffffff  __TI_prof_data_size           
ffffffff  __TI_prof_data_start          
000197e9  __TI_readmsg                  
00000000  __TI_static_base__            
20200120  __TI_tmpnams                  
0001981d  __TI_writemsg                 
00019c11  __TI_zero_init_nomemset       
000186c7  __aeabi_idiv0                 
00019d1d  __aeabi_memclr                
00019d1d  __aeabi_memclr4               
00019d1d  __aeabi_memclr8               
00019d55  __aeabi_memcpy                
00019d55  __aeabi_memcpy4               
00019d55  __aeabi_memcpy8               
00019541  __aeabi_uidiv                 
00019541  __aeabi_uidivmod              
ffffffff  __binit__                     
UNDEFED   __mpu_init                    
20207e00  __stack                       
20200000  __start___llvm_prf_bits       
20200000  __start___llvm_prf_cnts       
20200000  __stop___llvm_prf_bits        
20200000  __stop___llvm_prf_cnts        
00019a49  _c_int00_noargs               
20200394  _device                       
202002a4  _ftable                       
20200480  _lock                         
00019277  _nop                          
2020040c  _stream                       
202004b0  _sys_memory                   
UNDEFED   _system_post_cinit            
00019d73  _system_pre_init              
20200484  _unlock                       
00019d65  abort                         
00017d79  add_device                    
00017a75  aligned_alloc                 
00015abc  am_car1                       
00015de6  am_car2                       
202001c0  amc                           
202004a1  animFrame                     
ffffffff  binit                         
00016a84  bomb                          
20200488  bombActive                    
202001e8  bombs                         
00019279  close                         
00018dbd  collides                      
000195c1  draw                          
00019851  exit                          
00014df1  explosion                     
000191d1  fillmessage                   
0001842d  fillmessage5                  
00019885  finddevice                    
0001991d  fopen                         
00017e65  free                          
000198b9  freopen                       
202004a2  gameReady                     
00018ff1  getdevice                     
00018365  graphics_init                 
00000000  interruptVectors              
000140c0  invaderkilled                 
00016d41  main                          
00019d29  malloc                        
00017a75  memalign                      
2020028c  mycar                         
20200290  obstacleSpeed                 
000186c9  open                          
20200294  othercar                      
2020026c  parmbuf                       
00019d5d  remove                        
2020048c  score                         
00017f4d  setvbuf                       
20200298  spawnInterval                 
20200490  spawnTimer                    
00016764  sq_r1                         
000168f4  sq_r2                         
20200210  sqr                           
00018a41  strcmp                        
000000c0  track_1                       
0000a0c0  track_2                       
000199a5  unlink                        
00016110  ut_car1                       
0001643a  ut_car2                       
20200238  utc                           
00019a21  write                         


GLOBAL SYMBOLS: SORTED BY Symbol Address 

address   name                          
-------   ----                          
00000000  __TI_ATRegion0_region_sz      
00000000  __TI_ATRegion0_src_addr       
00000000  __TI_ATRegion0_trg_addr       
00000000  __TI_ATRegion1_region_sz      
00000000  __TI_ATRegion1_src_addr       
00000000  __TI_ATRegion1_trg_addr       
00000000  __TI_ATRegion2_region_sz      
00000000  __TI_ATRegion2_src_addr       
00000000  __TI_ATRegion2_trg_addr       
00000000  __TI_static_base__            
00000000  interruptVectors              
000000c0  track_1                       
00000200  __STACK_SIZE                  
00000200  __SYSMEM_SIZE                 
0000a0c0  track_2                       
000140c0  invaderkilled                 
00014df1  explosion                     
00015abc  am_car1                       
00015de6  am_car2                       
00016110  ut_car1                       
0001643a  ut_car2                       
00016764  sq_r1                         
000168f4  sq_r2                         
00016a84  bomb                          
00016d41  main                          
00016fa1  ST7735_DrawBitmap             
000171b1  Clock_Init80MHz               
00017365  ST7735_DrawChar               
0001750d  DrawStartScreen               
00017695  UpdateSprites                 
0001795d  ST7735_FillRect               
00017a75  aligned_alloc                 
00017a75  memalign                      
00017b89  SPI_Init                      
00017c81  UART_Receive                  
00017d79  add_device                    
00017e65  free                          
00017f4d  setvbuf                       
0001802d  ST7735_OutChar                
000180fd  TIMG12_IRQHandler             
000181cd  DrawLoseScreen                
00018299  DrawWinScreen                 
00018365  graphics_init                 
0001842d  fillmessage5                  
000184d9  DAC_Init                      
00018581  UART1_Init                    
000186c7  __aeabi_idiv0                 
000186c9  open                          
00018769  ST7735_InitPrintf             
00018805  ST7735_InitR                  
0001889d  TimerG12_IntArm               
00018931  ADCinit                       
00018a41  strcmp                        
00018ac9  ST7735_DrawString             
00018b4d  ST7735_OutUDec5               
00018bd1  LaunchPad_Init                
00018c4d  __TI_closefile                
00018cc9  __TI_decompress_lzss          
00018d45  EdgeTriggered_Init            
00018dbd  collides                      
00018e35  SetDifficulty                 
00018ea9  UpdateMyPlayer                
00018f19  HOSTlseek                     
00018f85  HOSTrename                    
00018ff1  getdevice                     
000190c1  HOSTopen                      
00019121  HOSTread                      
00019179  HOSTwrite                     
000191d1  fillmessage                   
00019225  __TI_doflush                  
00019277  _nop                          
00019279  close                         
000192c9  GROUP1_IRQHandler             
00019315  ADCin                         
0001935d  HOSTclose                     
000193a5  HOSTunlink                    
00019435  SPI_OutCommand                
0001947d  SysTick_Handler               
000194c1  SPI_Reset                     
00019501  TIMG7_IRQHandler              
00019541  __aeabi_uidiv                 
00019541  __aeabi_uidivmod              
000195c1  draw                          
00019601  __TI_auto_init_nobinit_nopinit
0001963d  ActivatePortA_B               
00019675  SPI_OutData                   
000196ad  SysTick_IntArm                
000196e5  Clock_Delay1ms                
00019719  ST7735_SetCursor              
0001974d  ST7735_write                  
00019781  SpawnBomb                     
000197b5  __TI_cleanup                  
000197e9  __TI_readmsg                  
0001981d  __TI_writemsg                 
00019849  C$$IO$$                       
00019851  exit                          
00019885  finddevice                    
000198b9  freopen                       
0001991d  fopen                         
0001994d  ST7735_FillScreen             
00019979  UART1_OutChar                 
000199a5  unlink                        
000199d1  Sound_Init                    
00019a21  write                         
00019a49  _c_int00_noargs               
00019a71  ST7735_OutString              
00019a97  UART_SendPos                  
00019ab9  UART_SendSound                
00019add  Random32                      
00019afd  Sound_Start                   
00019b1d  UART1_InChar                  
00019b5d  ADC0_IRQHandler               
00019b5d  ADC1_IRQHandler               
00019b5d  AES_IRQHandler                
00019b5d  CANFD0_IRQHandler             
00019b5d  DAC0_IRQHandler               
00019b5d  DMA_IRQHandler                
00019b5d  Default_Handler               
00019b5d  GROUP0_IRQHandler             
00019b5d  I2C0_IRQHandler               
00019b5d  I2C1_IRQHandler               
00019b5d  NMI_Handler                   
00019b5d  PendSV_Handler                
00019b5d  RTC_IRQHandler                
00019b5d  SPI0_IRQHandler               
00019b5d  SPI1_IRQHandler               
00019b5d  SVC_Handler                   
00019b5d  TIMA0_IRQHandler              
00019b5d  TIMA1_IRQHandler              
00019b5d  TIMG0_IRQHandler              
00019b5d  TIMG6_IRQHandler              
00019b5d  TIMG8_IRQHandler              
00019b5d  UART0_IRQHandler              
00019b5d  UART1_IRQHandler              
00019b5d  UART2_IRQHandler              
00019b5d  UART3_IRQHandler              
00019b79  HardFault_Handler             
00019b95  UART_SendLose                 
00019bcd  Random                        
00019be5  ST7735_open                   
00019bfb  ST7735_read                   
00019c11  __TI_zero_init_nomemset       
00019c29  DAC_Out                       
00019c3d  Sound_Bomb                    
00019c51  Sound_SquirrelDeath           
00019c79  TI_memcpy_small               
00019c8b  __TI_decompress_none          
00019c9d  Clock_Delay                   
00019cad  Delay                         
00019ccb  ST7735_lseek                  
00019cf5  TI_memset_small               
00019d05  Clock_Freq                    
00019d11  ST7735_rename                 
00019d1d  __aeabi_memclr                
00019d1d  __aeabi_memclr4               
00019d1d  __aeabi_memclr8               
00019d29  malloc                        
00019d35  PLL_Init                      
00019d3f  ST7735_close                  
00019d49  ST7735_unlink                 
00019d55  __aeabi_memcpy                
00019d55  __aeabi_memcpy4               
00019d55  __aeabi_memcpy8               
00019d5d  remove                        
00019d65  abort                         
00019d6a  C$$EXIT                       
00019d6b  HOSTexit                      
00019d6f  Reset_Handler                 
00019d73  _system_pre_init              
00019df0  __TI_Handler_Table_Base       
00019dfc  __TI_Handler_Table_Limit      
00019e04  __TI_CINIT_Base               
00019e14  __TI_CINIT_Limit              
00019e14  __TI_CINIT_Warm               
20200000  _CIOBUF_                      
20200000  __CIOBUF_                     
20200000  __start___llvm_prf_bits       
20200000  __start___llvm_prf_cnts       
20200000  __stop___llvm_prf_bits        
20200000  __stop___llvm_prf_cnts        
20200120  __TI_tmpnams                  
202001c0  amc                           
202001e8  bombs                         
20200210  sqr                           
20200238  utc                           
20200260  Message                       
2020026c  parmbuf                       
20200278  Messageindex                  
2020027c  PB1Pressed                    
20200280  PB4Pressed                    
20200284  TExaSLogic                    
20200288  TExaSadc                      
2020028c  mycar                         
20200290  obstacleSpeed                 
20200294  othercar                      
20200298  spawnInterval                 
2020029f  Difficulty                    
202002a0  State                         
202002a4  _ftable                       
20200394  _device                       
2020040c  _stream                       
2020045c  __TI_cleanup_ptr              
20200460  __TI_dtors_ptr                
20200464  BusFreq                       
20200468  M                             
20200474  StX                           
20200478  StY                           
2020047c  __TI_ft_end                   
20200480  _lock                         
20200484  _unlock                       
20200488  bombActive                    
2020048c  score                         
20200490  spawnTimer                    
20200494  StTextColor                   
2020049d  Language                      
2020049e  SendLoseFlag                  
2020049f  SendSoundFlag                 
202004a1  animFrame                     
202004a2  gameReady                     
202004b0  _sys_memory                   
20207e00  __stack                       
20208000  __STACK_END                   
ffffffff  __TI_pprof_out_hndl           
ffffffff  __TI_prof_data_size           
ffffffff  __TI_prof_data_start          
ffffffff  __binit__                     
ffffffff  binit                         
UNDEFED   __mpu_init                    
UNDEFED   _system_post_cinit            

[229 symbols]
