******************************************************************************
            TI ARM Clang Linker PC v4.0.4                      
******************************************************************************
>> Linked Tue Apr 21 15:46:32 2026

OUTPUT FILE NAME:   <BevoKart_code.out>
ENTRY POINT SYMBOL: "_c_int00_noargs"  address: 000198f1


MEMORY CONFIGURATION

         name            origin    length      used     unused   attr    fill
----------------------  --------  ---------  --------  --------  ----  --------
  FLASH                 00000000   00020000  00019c20  000063e0  R  X
  SRAM                  20200000   00008000  000008aa  00007756  RW X
  BCR_CONFIG            41c00000   00000080  00000000  00000080  R   
  BSL_CONFIG            41c00100   00000080  00000000  00000080  R   


SEGMENT ALLOCATION MAP

run origin  load origin   length   init length attrs members
----------  ----------- ---------- ----------- ----- -------
00000000    00000000    00016d28   00016d28    r--
  00000000    00000000    000000c0   000000c0    r-- .intvecs
  000000c0    000000c0    00016c68   00016c68    r-- .rodata
00016d30    00016d30    00002ef8   00002ef8    r-x
  00016d30    00016d30    00002e60   00002e60    r-x .text
  00019b90    00019b90    00000098   00000098    r-- .cinit
20200000    20200000    000006b0   00000000    rw-
  20200000    20200000    000002a1   00000000    rw- .bss
  202002a4    202002a4    00000209   00000000    rw- .data
  202004b0    202004b0    00000200   00000000    rw- .sysmem
20207e00    20207e00    00000200   00000000    rw-
  20207e00    20207e00    00000200   00000000    rw- .stack


SECTION ALLOCATION MAP

 output                                  attributes/
section   page    origin      length       input sections
--------  ----  ----------  ----------   ----------------
.intvecs   0    00000000    000000c0     
                  00000000    000000c0     startup_mspm0g3507_ticlang.o (.intvecs)

.text      0    00016d30    00002e60     
                  00016d30    00000248     game_main.o (.text.main)
                  00016f78    00000210     ST7735.o (.text.ST7735_DrawBitmap)
                  00017188    000001b4     Clock.o (.text.Clock_Init80MHz)
                  0001733c    000001b4     game_main.o (.text.UpdateSprites)
                  000174f0    000001a8     ST7735.o (.text.ST7735_DrawChar)
                  00017698    00000190     game_main.o (.text.DrawStartScreen)
                  00017828    00000154     libc.a : fopen.c.obj (.text._openfile)
                  0001797c    00000118     ST7735.o (.text.ST7735_FillRect)
                  00017a94    00000114     libc.a : memory.c.obj (.text.aligned_alloc)
                  00017ba8    00000104     game_main.o (.text.DrawLoseScreen)
                  00017cac    000000f8     SPI.o (.text.SPI_Init)
                  00017da4    000000ec     libsysbm.a : add_device.c.obj (.text.add_device)
                  00017e90    000000e8     libc.a : memory.c.obj (.text.free)
                  00017f78    000000e0            : setvbuf.c.obj (.text.setvbuf)
                  00018058    000000dc     game_main.o (.text.DrawWinScreen)
                  00018134    000000d4     game_main.o (.text.TIMG12_IRQHandler)
                  00018208    000000d0     ST7735.o (.text.ST7735_OutChar)
                  000182d8    000000c8     game_main.o (.text.graphics_init)
                  000183a0    000000a8     DAC.o (.text.DAC_Init)
                  00018448    000000a2     ST7735.o (.text.commandList)
                  000184ea    00000002     libclang_rt.builtins.a : aeabi_div0.c.obj (.text.__aeabi_idiv0)
                  000184ec    000000a0     libsysbm.a : open.c.obj (.text.open)
                  0001858c    0000009c     ST7735.o (.text.ST7735_InitPrintf)
                  00018628    00000098     EdgeTriggered.o (.text.EdgeTriggered_Init)
                  000186c0    00000098     ST7735.o (.text.ST7735_InitR)
                  00018758    00000094     Timer.o (.text.TimerG12_IntArm)
                  000187ec    00000088     ADC1.o (.text.ADCinit)
                  00018874    00000088     ST7735.o (.text.setAddrWindow)
                  000188fc    00000004     libsysbm.a : hostexit.c.obj (.text.HOSTexit)
                  00018900    00000088     libc.a : strcmp-armv6m.S.obj (.text:strcmp)
                  00018988    00000084     ST7735.o (.text.ST7735_DrawString)
                  00018a0c    00000084     ST7735.o (.text.ST7735_OutUDec)
                  00018a90    00000080     game_main.o (.text.GROUP1_IRQHandler)
                  00018b10    0000007c     LaunchPad.o (.text.LaunchPad_Init)
                  00018b8c    0000007c     libc.a : fclose.c.obj (.text.__TI_closefile)
                  00018c08    0000007c            : copy_decompress_lzss.c.obj (.text:decompress:lzss)
                  00018c84    00000078     game_main.o (.text.collides)
                  00018cfc    00000074     game_main.o (.text.SetDifficulty)
                  00018d70    0000006c     libsysbm.a : hostlseek.c.obj (.text.HOSTlseek)
                  00018ddc    0000006c                : hostrename.c.obj (.text.HOSTrename)
                  00018e48    0000006c     libc.a : getdevice.c.obj (.text.getdevice)
                  00018eb4    00000064     game_main.o (.text.UpdateMyPlayer)
                  00018f18    00000064     game_main.o (.text.UpdateOtherPlayer)
                  00018f7c    00000064     libc.a : memory.c.obj (.text.split)
                  00018fe0    00000060     libsysbm.a : hostopen.c.obj (.text.HOSTopen)
                  00019040    00000058                : hostread.c.obj (.text.HOSTread)
                  00019098    00000058                : hostwrite.c.obj (.text.HOSTwrite)
                  000190f0    00000054     ST7735.o (.text.fillmessage)
                  00019144    00000052     libc.a : fflush.c.obj (.text.__TI_doflush)
                  00019196    00000002            : _lock.c.obj (.text._nop)
                  00019198    00000050     libsysbm.a : close.c.obj (.text.close)
                  000191e8    00000048     ADC1.o (.text.ADCin)
                  00019230    00000048     libsysbm.a : hostclose.c.obj (.text.HOSTclose)
                  00019278    00000048                : hostunlink.c.obj (.text.HOSTunlink)
                  000192c0    00000048     game_main.o (.text.ReadDifficulty)
                  00019308    00000048     SPI.o (.text.SPI_OutCommand)
                  00019350    00000044     Sound.o (.text.SysTick_Handler)
                  00019394    00000040     SPI.o (.text.SPI_Reset)
                  000193d4    00000040     TExaS.o (.text.TIMG7_IRQHandler)
                  00019414    00000040     libclang_rt.builtins.a : aeabi_uidivmod.S.obj (.text.__aeabi_uidivmod)
                  00019454    00000040     libc.a : fopen.c.obj (.text._search_fp)
                  00019494    0000003e     game_main.o (.text.draw)
                  000194d2    00000002     --HOLE-- [fill = 0]
                  000194d4    0000003c     libc.a : autoinit.c.obj (.text:__TI_auto_init_nobinit_nopinit)
                  00019510    00000038     LaunchPad.o (.text.ActivatePortA_B)
                  00019548    00000038     SPI.o (.text.SPI_OutData)
                  00019580    00000038     Sound.o (.text.SysTick_IntArm)
                  000195b8    00000034     Clock.o (.text.Clock_Delay1ms)
                  000195ec    00000034     ST7735.o (.text.ST7735_SetCursor)
                  00019620    00000034     ST7735.o (.text.ST7735_write)
                  00019654    00000034     game_main.o (.text.SpawnBomb)
                  00019688    00000034     libc.a : fopen.c.obj (.text.__TI_cleanup)
                  000196bc    00000034     libsysbm.a : trgmsg.c.obj (.text.__TI_readmsg)
                  000196f0    00000034                : trgmsg.c.obj (.text.__TI_writemsg)
                  00019724    00000034     libc.a : exit.c.obj (.text.exit)
                  00019758    00000034            : getdevice.c.obj (.text.finddevice)
                  0001978c    00000034            : fopen.c.obj (.text.freopen)
                  000197c0    00000030     ST7735.o (.text.commonInit)
                  000197f0    00000030     libc.a : fopen.c.obj (.text.fopen)
                  00019820    0000002c     ST7735.o (.text.ST7735_FillScreen)
                  0001984c    0000002c     libsysbm.a : unlink.c.obj (.text.unlink)
                  00019878    00000028     Sound.o (.text.Sound_Init)
                  000198a0    00000028     libc.a : memory.c.obj (.text.free_list_insert)
                  000198c8    00000028     libsysbm.a : write.c.obj (.text.write)
                  000198f0    00000028     libc.a : boot_cortex_m.c.obj (.text:_c_int00_noargs)
                  00019918    00000026     ST7735.o (.text.ST7735_OutString)
                  0001993e    00000002     --HOLE-- [fill = 0]
                  00019940    00000020     game_main.o (.text.Random32)
                  00019960    00000020     Sound.o (.text.Sound_Start)
                  00019980    0000001e     ST7735.o (.text.pushColor)
                  0001999e    00000002     --HOLE-- [fill = 0]
                  000199a0    0000001c     startup_mspm0g3507_ticlang.o (.text.Default_Handler)
                  000199bc    0000001c     startup_mspm0g3507_ticlang.o (.text.HardFault_Handler)
                  000199d8    0000001c     libc.a : memory.c.obj (.text.free_list_remove)
                  000199f4    00000018     game_main.o (.text.Random)
                  00019a0c    00000016     ST7735.o (.text.ST7735_open)
                  00019a22    00000016     ST7735.o (.text.ST7735_read)
                  00019a38    00000016     libc.a : copy_zero_init.c.obj (.text:decompress:ZI:__TI_zero_init_nomemset)
                  00019a4e    00000002     --HOLE-- [fill = 0]
                  00019a50    00000014     DAC.o (.text.DAC_Out)
                  00019a64    00000014     Sound.o (.text.Sound_Bomb)
                  00019a78    00000014     Sound.o (.text.Sound_SquirrelDeath)
                  00019a8c    00000012     libc.a : memcpy16.S.obj (.text:TI_memcpy_small)
                  00019a9e    00000012            : copy_decompress_none.c.obj (.text:decompress:none)
                  00019ab0    00000010     Clock.o (.text.Clock_Delay)
                  00019ac0    00000010     LaunchPad.o (.text.Delay)
                  00019ad0    0000000e     libc.a : memory.c.obj (.text.OUTLINED_FUNCTION_0)
                  00019ade    0000000e     ST7735.o (.text.ST7735_lseek)
                  00019aec    0000000e     libsysbm.a : hostrename.c.obj (.text.strcpy)
                  00019afa    0000000e                : hostrename.c.obj (.text.strlen)
                  00019b08    0000000e     libc.a : memset16.S.obj (.text:TI_memset_small)
                  00019b16    00000002     --HOLE-- [fill = 0]
                  00019b18    0000000c     Clock.o (.text.Clock_Freq)
                  00019b24    0000000c     ST7735.o (.text.ST7735_rename)
                  00019b30    0000000c     libclang_rt.builtins.a : aeabi_memset.S.obj (.text.__aeabi_memclr)
                  00019b3c    0000000c     libc.a : memory.c.obj (.text.malloc)
                  00019b48    0000000a     game_main.o (.text.PLL_Init)
                  00019b52    0000000a     ST7735.o (.text.ST7735_close)
                  00019b5c    0000000a     ST7735.o (.text.ST7735_unlink)
                  00019b66    00000002     --HOLE-- [fill = 0]
                  00019b68    00000008     libclang_rt.builtins.a : aeabi_memcpy.S.obj (.text.__aeabi_memcpy)
                  00019b70    00000008     libsysbm.a : remove.c.obj (.text.remove)
                  00019b78    00000006     libc.a : exit.c.obj (.text:abort)
                  00019b7e    00000004     startup_mspm0g3507_ticlang.o (.text.Reset_Handler)
                  00019b82    00000004     libc.a : pre_init.c.obj (.text._system_pre_init)
                  00019b86    0000000a     --HOLE-- [fill = 0]

.cinit     0    00019b90    00000098     
                  00019b90    00000070     (.cinit..data.load) [load image, compression = lzss]
                  00019c00    0000000c     (__TI_handler_table)
                  00019c0c    00000008     (.cinit..bss.load) [load image, compression = zero_init]
                  00019c14    00000010     (__TI_cinit_table)
                  00019c24    00000004     --HOLE-- [fill = 0]

.rodata    0    000000c0    00016c68     
                  000000c0    0000a000     game_main.o (.rodata.track_1)
                  0000a0c0    0000a000     game_main.o (.rodata.track_2)
                  000140c0    00000d31     Sound.o (.rodata.invaderkilled)
                  00014df1    000007d0     Sound.o (.rodata.explosion)
                  000155c1    000004fb     ST7735.o (.rodata.Font)
                  00015abc    0000032a     game_main.o (.rodata.am_car1)
                  00015de6    0000032a     game_main.o (.rodata.am_car2)
                  00016110    0000032a     game_main.o (.rodata.ut_car1)
                  0001643a    0000032a     game_main.o (.rodata.ut_car2)
                  00016764    00000190     game_main.o (.rodata.sq_r1)
                  000168f4    00000190     game_main.o (.rodata.sq_r2)
                  00016a84    000000f0     game_main.o (.rodata.bomb)
                  00016b74    0000003b     ST7735.o (.rodata.Rcmd1)
                  00016baf    0000002b     ST7735.o (.rodata.Rcmd3)
                  00016bda    00000016     ST7735.o (.rodata.str1.2132471336006292093.1)
                  00016bf0    00000013     game_main.o (.rodata.str1.17481542881734601277.1)
                  00016c03    00000012     game_main.o (.rodata.str1.11985164516097659737.1)
                  00016c15    00000011     game_main.o (.rodata.str1.845026804953235778.1)
                  00016c26    00000010     game_main.o (.rodata.str1.2179347622241752808.1)
                  00016c36    0000000f     game_main.o (.rodata.str1.5852278260567127355.1)
                  00016c45    0000000e     game_main.o (.rodata.str1.13460616082421214018.1)
                  00016c53    0000000d     ST7735.o (.rodata.Rcmd2green)
                  00016c60    0000000d     ST7735.o (.rodata.Rcmd2red)
                  00016c6d    0000000c     game_main.o (.rodata.str1.3712135783545908215.1)
                  00016c79    0000000c     game_main.o (.rodata.str1.3733555913127675906.1)
                  00016c85    0000000c     game_main.o (.rodata.str1.8390502040225595351.1)
                  00016c91    0000000c     game_main.o (.rodata.str1.8918794325470628196.1)
                  00016c9d    0000000b     game_main.o (.rodata.str1.11572486565876923915.1)
                  00016ca8    0000000b     game_main.o (.rodata.str1.14580305330962606267.1)
                  00016cb3    0000000b     game_main.o (.rodata.str1.8980160562375963367.1)
                  00016cbe    0000000a     game_main.o (.rodata.str1.2990079442873818005.1)
                  00016cc8    0000000a     game_main.o (.rodata.str1.5032749084693674288.1)
                  00016cd2    0000000a     game_main.o (.rodata.str1.7436938127005546775.1)
                  00016cdc    00000009     game_main.o (.rodata.str1.16486826705469194441.1)
                  00016ce5    00000009     game_main.o (.rodata.str1.17510318040728765046.1)
                  00016cee    00000009     game_main.o (.rodata.str1.3809878905384475929.1)
                  00016cf7    00000009     game_main.o (.rodata.str1.5138125937738982744.1)
                  00016d00    00000008     ST7735.o (.rodata.str1.14694424544768695619.1)
                  00016d08    00000008     game_main.o (.rodata.str1.2608741220678797268.1)
                  00016d10    00000007     ST7735.o (.rodata.str1.1448485181700679404.1)
                  00016d17    00000004     game_main.o (.rodata.str1.12675708507062136371.1)
                  00016d1b    00000004     game_main.o (.rodata.str1.13288269404348788524.1)
                  00016d1f    00000002     ST7735.o (.rodata.str1.4408429423603725162.1)
                  00016d21    00000007     --HOLE-- [fill = 0]

.init_array 
*          0    00000000    00000000     UNINITIALIZED

.binit     0    00000000    00000000     

.bss       0    20200000    000002a1     UNINITIALIZED
                  20200000    00000120     libsysbm.a : trgmsg.c.obj (.bss:_CIOBUF_)
                  20200120    000000a0     libc.a : defs.c.obj (.bss.__TI_tmpnams)
                  202001c0    00000028     (.common:amc)
                  202001e8    00000028     (.common:bombs)
                  20200210    00000028     (.common:sqr)
                  20200238    00000028     (.common:utc)
                  20200260    0000000c     (.common:Message)
                  2020026c    00000008     libsysbm.a : hostopen.c.obj (.bss.parmbuf)
                  20200274    00000004     libc.a : memory.c.obj (.bss.sys_free)
                  20200278    00000004     (.common:Messageindex)
                  2020027c    00000004     (.common:PB12Pressed)
                  20200280    00000004     (.common:PB17Pressed)
                  20200284    00000004     (.common:PB1Pressed)
                  20200288    00000004     (.common:PB4Pressed)
                  2020028c    00000004     (.common:TExaSLogic)
                  20200290    00000004     (.common:TExaSadc)
                  20200294    00000004     (.common:obstacleSpeed)
                  20200298    00000004     (.common:spawnInterval)
                  2020029c    00000001     ST7735.o (.bss.ColStart)
                  2020029d    00000001     ST7735.o (.bss.RowStart)
                  2020029e    00000001     ST7735.o (.bss.TabColor)
                  2020029f    00000001     (.common:Difficulty)
                  202002a0    00000001     (.common:State)

.data      0    202002a4    00000209     UNINITIALIZED
                  202002a4    000000f0     libc.a : defs.c.obj (.data._ftable)
                  20200394    00000078     libsysbm.a : host_device.c.obj (.data._device)
                  2020040c    00000050                : host_device.c.obj (.data._stream)
                  2020045c    00000008     libc.a : exit.c.obj (.data..L_MergedGlobals)
                  20200464    00000004     Clock.o (.data.BusFreq)
                  20200468    00000004     game_main.o (.data.M)
                  2020046c    00000004     Sound.o (.data.SoundCount)
                  20200470    00000004     Sound.o (.data.SoundPt)
                  20200474    00000004     ST7735.o (.data.StX)
                  20200478    00000004     ST7735.o (.data.StY)
                  2020047c    00000004     libc.a : defs.c.obj (.data.__TI_ft_end)
                  20200480    00000004            : _lock.c.obj (.data._lock)
                  20200484    00000004            : _lock.c.obj (.data._unlock)
                  20200488    00000004     game_main.o (.data.amscore)
                  2020048c    00000004     game_main.o (.data.bombActive)
                  20200490    00000004     game_main.o (.data.spawnTimer)
                  20200494    00000004     game_main.o (.data.utscore)
                  20200498    00000002     ST7735.o (.data.StTextColor)
                  2020049a    00000002     ST7735.o (.data._height)
                  2020049c    00000002     ST7735.o (.data._width)
                  2020049e    00000001     game_main.o (.data.DrawLoseScreen.bgFrame)
                  2020049f    00000001     game_main.o (.data.DrawStartScreen.bgFrame)
                  202004a0    00000001     game_main.o (.data.DrawWinScreen.bgFrame)
                  202004a1    00000001     game_main.o (.data.Language)
                  202004a2    00000001     game_main.o (.data.animFrame)
                  202004a3    00000001     game_main.o (.data.gameReady)
                  202004a4    00000001     libsysbm.a : add_device.c.obj (.data.add_device.device_init)
                  202004a5    00000003     --HOLE--
                  202004a8    00000001     libc.a : memory.c.obj (.data.memory_is_initialized)
                  202004a9    00000003     --HOLE--
                  202004ac    00000001     libsysbm.a : open.c.obj (.data.open.stream_init)

.sysmem    0    202004b0    00000200     UNINITIALIZED
                  202004b0    00000010     libc.a : memory.c.obj (.sysmem)
                  202004c0    000001f0     --HOLE--

.stack     0    20207e00    00000200     UNINITIALIZED
                  20207e00    00000004     libc.a : boot_cortex_m.c.obj (.stack)
                  20207e04    000001fc     --HOLE--

__llvm_prf_cnts 
*          0    20200000    00000000     UNINITIALIZED

__llvm_prf_bits 
*          0    20200000    00000000     UNINITIALIZED

MODULE SUMMARY

       Module                         code    ro data   rw data
       ------                         ----    -------   -------
    .\
       game_main.o                    3128    86462     212    
       Sound.o                        236     5377      8      
       ST7735.o                       2748    1442      33     
       Clock.o                        516     0         4      
       SPI.o                          440     0         0      
       ADC1.o                         208     0         0      
       LaunchPad.o                    196     0         0      
       DAC.o                          188     0         0      
       EdgeTriggered.o                152     0         0      
       Timer.o                        148     0         0      
       TExaS.o                        64      0         8      
    +--+------------------------------+-------+---------+---------+
       Total:                         8024    93281     265    
                                                               
    .\ticlang\
       startup_mspm0g3507_ticlang.o   60      192       0      
    +--+------------------------------+-------+---------+---------+
       Total:                         60      192       0      
                                                               
    C:\ti\ccs2040\ccs\tools\compiler\ti-cgt-armllvm_4.0.4.LTS\lib\armv6m-ti-none-eabi/c/libc.a
       memory.c.obj                   702     0         5      
       fopen.c.obj                    556     0         0      
       defs.c.obj                     0       0         404    
       setvbuf.c.obj                  224     0         0      
       getdevice.c.obj                160     0         0      
       strcmp-armv6m.S.obj            136     0         0      
       copy_decompress_lzss.c.obj     124     0         0      
       fclose.c.obj                   124     0         0      
       fflush.c.obj                   82      0         0      
       exit.c.obj                     58      0         8      
       autoinit.c.obj                 60      0         0      
       boot_cortex_m.c.obj            40      0         0      
       copy_zero_init.c.obj           22      0         0      
       copy_decompress_none.c.obj     18      0         0      
       memcpy16.S.obj                 18      0         0      
       memset16.S.obj                 14      0         0      
       _lock.c.obj                    2       0         8      
       pre_init.c.obj                 4       0         0      
    +--+------------------------------+-------+---------+---------+
       Total:                         2344    0         425    
                                                               
    C:\ti\ccs2040\ccs\tools\compiler\ti-cgt-armllvm_4.0.4.LTS\lib\armv6m-ti-none-eabi/c/libsysbm.a
       trgmsg.c.obj                   104     0         288    
       add_device.c.obj               236     0         1      
       host_device.c.obj              0       0         200    
       open.c.obj                     160     0         1      
       hostrename.c.obj               136     0         0      
       hostlseek.c.obj                108     0         0      
       hostopen.c.obj                 96      0         8      
       hostread.c.obj                 88      0         0      
       hostwrite.c.obj                88      0         0      
       close.c.obj                    80      0         0      
       hostclose.c.obj                72      0         0      
       hostunlink.c.obj               72      0         0      
       unlink.c.obj                   44      0         0      
       write.c.obj                    40      0         0      
       remove.c.obj                   8       0         0      
       hostexit.c.obj                 4       0         0      
    +--+------------------------------+-------+---------+---------+
       Total:                         1336    0         498    
                                                               
    C:\ti\ccs2040\ccs\tools\compiler\ti-cgt-armllvm_4.0.4.LTS\lib\armv6m-ti-none-eabi/libclang_rt.builtins.a
       aeabi_uidivmod.S.obj           64      0         0      
       aeabi_memset.S.obj             12      0         0      
       aeabi_memcpy.S.obj             8       0         0      
       aeabi_div0.c.obj               2       0         0      
    +--+------------------------------+-------+---------+---------+
       Total:                         86      0         0      
                                                               
       Heap:                          0       0         512    
       Stack:                         0       0         512    
       Linker Generated:              0       148       0      
    +--+------------------------------+-------+---------+---------+
       Grand Total:                   11850   93621     2212   


LINKER GENERATED COPY TABLES

__TI_cinit_table @ 00019c14 records: 2, size/record: 8, table size: 16
	.data: load addr=00019b90, load size=00000070 bytes, run addr=202002a4, run size=00000209 bytes, compression=lzss
	.bss: load addr=00019c0c, load size=00000008 bytes, run addr=20200000, run size=000002a1 bytes, compression=zero_init


LINKER GENERATED HANDLER TABLE

__TI_handler_table @ 00019c00 records: 3, size/record: 4, table size: 12
	index: 0, handler: __TI_decompress_lzss
	index: 1, handler: __TI_decompress_none
	index: 2, handler: __TI_zero_init


GLOBAL SYMBOLS: SORTED ALPHABETICALLY BY Name 

address   name                          
-------   ----                          
000199a1  ADC0_IRQHandler               
000199a1  ADC1_IRQHandler               
000191e9  ADCin                         
000187ed  ADCinit                       
000199a1  AES_IRQHandler                
00019511  ActivatePortA_B               
20200464  BusFreq                       
000188fc  C$$EXIT                       
0001971d  C$$IO$$                       
000199a1  CANFD0_IRQHandler             
00019ab1  Clock_Delay                   
000195b9  Clock_Delay1ms                
00019b19  Clock_Freq                    
00017189  Clock_Init80MHz               
000199a1  DAC0_IRQHandler               
000183a1  DAC_Init                      
00019a51  DAC_Out                       
000199a1  DMA_IRQHandler                
000199a1  Default_Handler               
00019ac1  Delay                         
2020029f  Difficulty                    
00017ba9  DrawLoseScreen                
00017699  DrawStartScreen               
00018059  DrawWinScreen                 
00018629  EdgeTriggered_Init            
000199a1  GROUP0_IRQHandler             
00018a91  GROUP1_IRQHandler             
00019231  HOSTclose                     
000188fd  HOSTexit                      
00018d71  HOSTlseek                     
00018fe1  HOSTopen                      
00019041  HOSTread                      
00018ddd  HOSTrename                    
00019279  HOSTunlink                    
00019099  HOSTwrite                     
000199bd  HardFault_Handler             
000199a1  I2C0_IRQHandler               
000199a1  I2C1_IRQHandler               
202004a1  Language                      
00018b11  LaunchPad_Init                
20200468  M                             
20200260  Message                       
20200278  Messageindex                  
000199a1  NMI_Handler                   
2020027c  PB12Pressed                   
20200280  PB17Pressed                   
20200284  PB1Pressed                    
20200288  PB4Pressed                    
00019b49  PLL_Init                      
000199a1  PendSV_Handler                
000199a1  RTC_IRQHandler                
000199f5  Random                        
00019941  Random32                      
00019b7f  Reset_Handler                 
000199a1  SPI0_IRQHandler               
000199a1  SPI1_IRQHandler               
00017cad  SPI_Init                      
00019309  SPI_OutCommand                
00019549  SPI_OutData                   
00019395  SPI_Reset                     
00016f79  ST7735_DrawBitmap             
000174f1  ST7735_DrawChar               
00018989  ST7735_DrawString             
0001797d  ST7735_FillRect               
00019821  ST7735_FillScreen             
0001858d  ST7735_InitPrintf             
000186c1  ST7735_InitR                  
00018209  ST7735_OutChar                
00019919  ST7735_OutString              
00018a0d  ST7735_OutUDec                
000195ed  ST7735_SetCursor              
00019b53  ST7735_close                  
00019adf  ST7735_lseek                  
00019a0d  ST7735_open                   
00019a23  ST7735_read                   
00019b25  ST7735_rename                 
00019b5d  ST7735_unlink                 
00019621  ST7735_write                  
000199a1  SVC_Handler                   
00018cfd  SetDifficulty                 
00019a65  Sound_Bomb                    
00019879  Sound_Init                    
00019a79  Sound_SquirrelDeath           
00019961  Sound_Start                   
00019655  SpawnBomb                     
20200498  StTextColor                   
20200474  StX                           
20200478  StY                           
202002a0  State                         
00019351  SysTick_Handler               
00019581  SysTick_IntArm                
2020028c  TExaSLogic                    
20200290  TExaSadc                      
000199a1  TIMA0_IRQHandler              
000199a1  TIMA1_IRQHandler              
000199a1  TIMG0_IRQHandler              
00018135  TIMG12_IRQHandler             
000199a1  TIMG6_IRQHandler              
000193d5  TIMG7_IRQHandler              
000199a1  TIMG8_IRQHandler              
00019a8d  TI_memcpy_small               
00019b09  TI_memset_small               
00018759  TimerG12_IntArm               
000199a1  UART0_IRQHandler              
000199a1  UART1_IRQHandler              
000199a1  UART2_IRQHandler              
000199a1  UART3_IRQHandler              
00018eb5  UpdateMyPlayer                
00018f19  UpdateOtherPlayer             
0001733d  UpdateSprites                 
20200000  _CIOBUF_                      
20200000  __CIOBUF_                     
20208000  __STACK_END                   
00000200  __STACK_SIZE                  
00000200  __SYSMEM_SIZE                 
00000000  __TI_ATRegion0_region_sz      
00000000  __TI_ATRegion0_src_addr       
00000000  __TI_ATRegion0_trg_addr       
00000000  __TI_ATRegion1_region_sz      
00000000  __TI_ATRegion1_src_addr       
00000000  __TI_ATRegion1_trg_addr       
00000000  __TI_ATRegion2_region_sz      
00000000  __TI_ATRegion2_src_addr       
00000000  __TI_ATRegion2_trg_addr       
00019c14  __TI_CINIT_Base               
00019c24  __TI_CINIT_Limit              
00019c24  __TI_CINIT_Warm               
00019c00  __TI_Handler_Table_Base       
00019c0c  __TI_Handler_Table_Limit      
000194d5  __TI_auto_init_nobinit_nopinit
00019689  __TI_cleanup                  
2020045c  __TI_cleanup_ptr              
00018b8d  __TI_closefile                
00018c09  __TI_decompress_lzss          
00019a9f  __TI_decompress_none          
00019145  __TI_doflush                  
20200460  __TI_dtors_ptr                
2020047c  __TI_ft_end                   
ffffffff  __TI_pprof_out_hndl           
ffffffff  __TI_prof_data_size           
ffffffff  __TI_prof_data_start          
000196bd  __TI_readmsg                  
00000000  __TI_static_base__            
20200120  __TI_tmpnams                  
000196f1  __TI_writemsg                 
00019a39  __TI_zero_init_nomemset       
000184eb  __aeabi_idiv0                 
00019b31  __aeabi_memclr                
00019b31  __aeabi_memclr4               
00019b31  __aeabi_memclr8               
00019b69  __aeabi_memcpy                
00019b69  __aeabi_memcpy4               
00019b69  __aeabi_memcpy8               
00019415  __aeabi_uidiv                 
00019415  __aeabi_uidivmod              
ffffffff  __binit__                     
UNDEFED   __mpu_init                    
20207e00  __stack                       
20200000  __start___llvm_prf_bits       
20200000  __start___llvm_prf_cnts       
20200000  __stop___llvm_prf_bits        
20200000  __stop___llvm_prf_cnts        
000198f1  _c_int00_noargs               
20200394  _device                       
202002a4  _ftable                       
20200480  _lock                         
00019197  _nop                          
2020040c  _stream                       
202004b0  _sys_memory                   
UNDEFED   _system_post_cinit            
00019b83  _system_pre_init              
20200484  _unlock                       
00019b79  abort                         
00017da5  add_device                    
00017a95  aligned_alloc                 
00015abc  am_car1                       
00015de6  am_car2                       
202001c0  amc                           
20200488  amscore                       
202004a2  animFrame                     
ffffffff  binit                         
00016a84  bomb                          
2020048c  bombActive                    
202001e8  bombs                         
00019199  close                         
00018c85  collides                      
00019495  draw                          
00019725  exit                          
00014df1  explosion                     
000190f1  fillmessage                   
00019759  finddevice                    
000197f1  fopen                         
00017e91  free                          
0001978d  freopen                       
202004a3  gameReady                     
00018e49  getdevice                     
000182d9  graphics_init                 
00000000  interruptVectors              
000140c0  invaderkilled                 
00016d31  main                          
00019b3d  malloc                        
00017a95  memalign                      
20200294  obstacleSpeed                 
000184ed  open                          
2020026c  parmbuf                       
00019b71  remove                        
00017f79  setvbuf                       
20200298  spawnInterval                 
20200490  spawnTimer                    
00016764  sq_r1                         
000168f4  sq_r2                         
20200210  sqr                           
00018901  strcmp                        
000000c0  track_1                       
0000a0c0  track_2                       
0001984d  unlink                        
00016110  ut_car1                       
0001643a  ut_car2                       
20200238  utc                           
20200494  utscore                       
000198c9  write                         


GLOBAL SYMBOLS: SORTED BY Symbol Address 

address   name                          
-------   ----                          
00000000  __TI_ATRegion0_region_sz      
00000000  __TI_ATRegion0_src_addr       
00000000  __TI_ATRegion0_trg_addr       
00000000  __TI_ATRegion1_region_sz      
00000000  __TI_ATRegion1_src_addr       
00000000  __TI_ATRegion1_trg_addr       
00000000  __TI_ATRegion2_region_sz      
00000000  __TI_ATRegion2_src_addr       
00000000  __TI_ATRegion2_trg_addr       
00000000  __TI_static_base__            
00000000  interruptVectors              
000000c0  track_1                       
00000200  __STACK_SIZE                  
00000200  __SYSMEM_SIZE                 
0000a0c0  track_2                       
000140c0  invaderkilled                 
00014df1  explosion                     
00015abc  am_car1                       
00015de6  am_car2                       
00016110  ut_car1                       
0001643a  ut_car2                       
00016764  sq_r1                         
000168f4  sq_r2                         
00016a84  bomb                          
00016d31  main                          
00016f79  ST7735_DrawBitmap             
00017189  Clock_Init80MHz               
0001733d  UpdateSprites                 
000174f1  ST7735_DrawChar               
00017699  DrawStartScreen               
0001797d  ST7735_FillRect               
00017a95  aligned_alloc                 
00017a95  memalign                      
00017ba9  DrawLoseScreen                
00017cad  SPI_Init                      
00017da5  add_device                    
00017e91  free                          
00017f79  setvbuf                       
00018059  DrawWinScreen                 
00018135  TIMG12_IRQHandler             
00018209  ST7735_OutChar                
000182d9  graphics_init                 
000183a1  DAC_Init                      
000184eb  __aeabi_idiv0                 
000184ed  open                          
0001858d  ST7735_InitPrintf             
00018629  EdgeTriggered_Init            
000186c1  ST7735_InitR                  
00018759  TimerG12_IntArm               
000187ed  ADCinit                       
000188fc  C$$EXIT                       
000188fd  HOSTexit                      
00018901  strcmp                        
00018989  ST7735_DrawString             
00018a0d  ST7735_OutUDec                
00018a91  GROUP1_IRQHandler             
00018b11  LaunchPad_Init                
00018b8d  __TI_closefile                
00018c09  __TI_decompress_lzss          
00018c85  collides                      
00018cfd  SetDifficulty                 
00018d71  HOSTlseek                     
00018ddd  HOSTrename                    
00018e49  getdevice                     
00018eb5  UpdateMyPlayer                
00018f19  UpdateOtherPlayer             
00018fe1  HOSTopen                      
00019041  HOSTread                      
00019099  HOSTwrite                     
000190f1  fillmessage                   
00019145  __TI_doflush                  
00019197  _nop                          
00019199  close                         
000191e9  ADCin                         
00019231  HOSTclose                     
00019279  HOSTunlink                    
00019309  SPI_OutCommand                
00019351  SysTick_Handler               
00019395  SPI_Reset                     
000193d5  TIMG7_IRQHandler              
00019415  __aeabi_uidiv                 
00019415  __aeabi_uidivmod              
00019495  draw                          
000194d5  __TI_auto_init_nobinit_nopinit
00019511  ActivatePortA_B               
00019549  SPI_OutData                   
00019581  SysTick_IntArm                
000195b9  Clock_Delay1ms                
000195ed  ST7735_SetCursor              
00019621  ST7735_write                  
00019655  SpawnBomb                     
00019689  __TI_cleanup                  
000196bd  __TI_readmsg                  
000196f1  __TI_writemsg                 
0001971d  C$$IO$$                       
00019725  exit                          
00019759  finddevice                    
0001978d  freopen                       
000197f1  fopen                         
00019821  ST7735_FillScreen             
0001984d  unlink                        
00019879  Sound_Init                    
000198c9  write                         
000198f1  _c_int00_noargs               
00019919  ST7735_OutString              
00019941  Random32                      
00019961  Sound_Start                   
000199a1  ADC0_IRQHandler               
000199a1  ADC1_IRQHandler               
000199a1  AES_IRQHandler                
000199a1  CANFD0_IRQHandler             
000199a1  DAC0_IRQHandler               
000199a1  DMA_IRQHandler                
000199a1  Default_Handler               
000199a1  GROUP0_IRQHandler             
000199a1  I2C0_IRQHandler               
000199a1  I2C1_IRQHandler               
000199a1  NMI_Handler                   
000199a1  PendSV_Handler                
000199a1  RTC_IRQHandler                
000199a1  SPI0_IRQHandler               
000199a1  SPI1_IRQHandler               
000199a1  SVC_Handler                   
000199a1  TIMA0_IRQHandler              
000199a1  TIMA1_IRQHandler              
000199a1  TIMG0_IRQHandler              
000199a1  TIMG6_IRQHandler              
000199a1  TIMG8_IRQHandler              
000199a1  UART0_IRQHandler              
000199a1  UART1_IRQHandler              
000199a1  UART2_IRQHandler              
000199a1  UART3_IRQHandler              
000199bd  HardFault_Handler             
000199f5  Random                        
00019a0d  ST7735_open                   
00019a23  ST7735_read                   
00019a39  __TI_zero_init_nomemset       
00019a51  DAC_Out                       
00019a65  Sound_Bomb                    
00019a79  Sound_SquirrelDeath           
00019a8d  TI_memcpy_small               
00019a9f  __TI_decompress_none          
00019ab1  Clock_Delay                   
00019ac1  Delay                         
00019adf  ST7735_lseek                  
00019b09  TI_memset_small               
00019b19  Clock_Freq                    
00019b25  ST7735_rename                 
00019b31  __aeabi_memclr                
00019b31  __aeabi_memclr4               
00019b31  __aeabi_memclr8               
00019b3d  malloc                        
00019b49  PLL_Init                      
00019b53  ST7735_close                  
00019b5d  ST7735_unlink                 
00019b69  __aeabi_memcpy                
00019b69  __aeabi_memcpy4               
00019b69  __aeabi_memcpy8               
00019b71  remove                        
00019b79  abort                         
00019b7f  Reset_Handler                 
00019b83  _system_pre_init              
00019c00  __TI_Handler_Table_Base       
00019c0c  __TI_Handler_Table_Limit      
00019c14  __TI_CINIT_Base               
00019c24  __TI_CINIT_Limit              
00019c24  __TI_CINIT_Warm               
20200000  _CIOBUF_                      
20200000  __CIOBUF_                     
20200000  __start___llvm_prf_bits       
20200000  __start___llvm_prf_cnts       
20200000  __stop___llvm_prf_bits        
20200000  __stop___llvm_prf_cnts        
20200120  __TI_tmpnams                  
202001c0  amc                           
202001e8  bombs                         
20200210  sqr                           
20200238  utc                           
20200260  Message                       
2020026c  parmbuf                       
20200278  Messageindex                  
2020027c  PB12Pressed                   
20200280  PB17Pressed                   
20200284  PB1Pressed                    
20200288  PB4Pressed                    
2020028c  TExaSLogic                    
20200290  TExaSadc                      
20200294  obstacleSpeed                 
20200298  spawnInterval                 
2020029f  Difficulty                    
202002a0  State                         
202002a4  _ftable                       
20200394  _device                       
2020040c  _stream                       
2020045c  __TI_cleanup_ptr              
20200460  __TI_dtors_ptr                
20200464  BusFreq                       
20200468  M                             
20200474  StX                           
20200478  StY                           
2020047c  __TI_ft_end                   
20200480  _lock                         
20200484  _unlock                       
20200488  amscore                       
2020048c  bombActive                    
20200490  spawnTimer                    
20200494  utscore                       
20200498  StTextColor                   
202004a1  Language                      
202004a2  animFrame                     
202004a3  gameReady                     
202004b0  _sys_memory                   
20207e00  __stack                       
20208000  __STACK_END                   
ffffffff  __TI_pprof_out_hndl           
ffffffff  __TI_prof_data_size           
ffffffff  __TI_prof_data_start          
ffffffff  __binit__                     
ffffffff  binit                         
UNDEFED   __mpu_init                    
UNDEFED   _system_post_cinit            

[221 symbols]
